******************************************************************************
                  TI ARM Linker PC v20.2.6                     
******************************************************************************
>> Linked Mon Oct 31 19:12:45 2022

OUTPUT FILE NAME:   <Lab9.out>
ENTRY POINT SYMBOL: "_c_int00_noargs"  address: 00002909


MEMORY CONFIGURATION

         name            origin    length      used     unused   attr    fill
----------------------  --------  ---------  --------  --------  ----  --------
  FLASH                 00000000   00040000  00002c2d  0003d3d3  R  X
  SRAM                  20000000   00008000  00000ed5  0000712b  RW X


SEGMENT ALLOCATION MAP

run origin  load origin   length   init length attrs members
----------  ----------- ---------- ----------- ----- -------
00000000    00000000    00002c30   00002c30    r-x
  00000000    00000000    0000026c   0000026c    r-- .intvecs
  0000026c    0000026c    00002878   00002878    r-x .text
  00002ae4    00002ae4    00000109   00000109    r-- .const
  00002bf0    00002bf0    00000040   00000040    r-- .cinit
20000000    20000000    00000ed9   00000000    rw-
  20000000    20000000    0000026c   00000000    rw- .vtable
  20000270    20000270    00000800   00000000    rw- .stack
  20000a70    20000a70    00000400   00000000    rw- .sysmem
  20000e70    20000e70    00000058   00000000    rw- .bss
  20000ec8    20000ec8    00000011   00000000    rw- .data


SECTION ALLOCATION MAP

 output                                  attributes/
section   page    origin      length       input sections
--------  ----  ----------  ----------   ----------------
.intvecs   0    00000000    0000026c     
                  00000000    0000026c     tm4c123gh6pm_startup_ccs.obj (.intvecs)

.text      0    0000026c    00002878     
                  0000026c    00000a4e     rtsv7M4_T_le_v4SPD16_eabi.lib : _printfi.c.obj (.text:__TI_printfi)
                  00000cba    00000002                                   : div0.asm.obj (.text)
                  00000cbc    00000328     lcd.obj (.text)
                  00000fe4    000002bc     ping.obj (.text)
                  000012a0    00000270     rtsv7M4_T_le_v4SPD16_eabi.lib : _printfi.c.obj (.text:_pconv_a)
                  00001510    00000248     Timer.obj (.text)
                  00001758    000001d0     rtsv7M4_T_le_v4SPD16_eabi.lib : _printfi.c.obj (.text:_pconv_g)
                  00001928    000001b6                                   : fd_add_t2.asm.obj (.text)
                  00001ade    00000002     --HOLE-- [fill = 0]
                  00001ae0    0000013c                                   : _printfi.c.obj (.text:_pconv_e)
                  00001c1c    00000136                                   : fd_div_t2.asm.obj (.text)
                  00001d52    00000002     --HOLE-- [fill = 0]
                  00001d54    00000124                                   : _printfi.c.obj (.text:fcvt)
                  00001e78    00000110                                   : s_scalbn.c.obj (.text:scalbn)
                  00001f88    000000fc                                   : fd_mul_t2.asm.obj (.text)
                  00002084    000000b1                                   : _printfi.c.obj (.text:_ltostr)
                  00002135    00000001     --HOLE-- [fill = 0]
                  00002136    0000009c                                   : memcpy_t2.asm.obj (.text)
                  000021d2    00000096                                   : ull_div_t2.asm.obj (.text)
                  00002268    00000086                                   : fd_cmp_t2.asm.obj (.text:__aeabi_cdcmple)
                  000022ee    00000086                                   : fd_cmp_t2.asm.obj (.text:__aeabi_cdrcmple)
                  00002374    0000007a                                   : memset_t2.asm.obj (.text)
                  000023ee    00000002     --HOLE-- [fill = 0]
                  000023f0    00000070     main.obj (.text)
                  00002460    0000006e     rtsv7M4_T_le_v4SPD16_eabi.lib : _printfi.c.obj (.text:_mcpy)
                  000024ce    0000006e                                   : fd_tos_t2.asm.obj (.text)
                  0000253c    00000068                                   : copy_decompress_lzss.c.obj (.text:decompress:lzss:__TI_decompress_lzss)
                  000025a4    00000064                                   : s_frexp.c.obj (.text:frexp)
                  00002608    00000056                                   : _printfi.c.obj (.text:_pconv_f)
                  0000265e    00000054                                   : _ltoa.c.obj (.text:__TI_ltoa)
                  000026b2    00000052                                   : _printfi.c.obj (.text:_ecpy)
                  00002704    0000004c                                   : atoi.c.obj (.text:atoi)
                  00002750    00000048                                   : fd_toi_t2.asm.obj (.text)
                  00002798    00000044                                   : autoinit.c.obj (.text:__TI_auto_init_nobinit_nopinit:__TI_auto_init_nobinit_nopinit)
                  000027dc    00000040                                   : sprintf.c.obj (.text:sprintf)
                  0000281c    00000040                                   : vsnprintf.c.obj (.text:vsnprintf)
                  0000285c    0000003e                                   : _printfi.c.obj (.text:_fcpy)
                  0000289a    00000038                                   : fs_tod_t2.asm.obj (.text)
                  000028d2    00000002     --HOLE-- [fill = 0]
                  000028d4    00000034     driverlib.lib : interrupt.obj (.text:IntRegister)
                  00002908    00000034     rtsv7M4_T_le_v4SPD16_eabi.lib : boot_cortex_m.c.obj (.text:_c_int00_noargs:_c_int00_noargs)
                  0000293c    00000030                                   : vsnprintf.c.obj (.text:_outs)
                  0000296c    0000002e                                   : i_tofd_t2.asm.obj (.text)
                  0000299a    0000001c                                   : copy_zero_init.c.obj (.text:decompress:ZI:__TI_zero_init_nomemset:__TI_zero_init_nomemset)
                  000029b6    0000001c                                   : memccpy.c.obj (.text:memccpy)
                  000029d2    0000001a                                   : s_copysign.c.obj (.text:copysign)
                  000029ec    00000018                                   : vsnprintf.c.obj (.text:_outc)
                  00002a04    00000018                                   : sprintf.c.obj (.text:_outs)
                  00002a1c    00000018                                   : strcmp.c.obj (.text:strcmp)
                  00002a34    00000016                                   : strchr.c.obj (.text:strchr)
                  00002a4a    00000014                                   : strcpy.c.obj (.text:strcpy)
                  00002a5e    00000014                                   : strlen.c.obj (.text:strlen)
                  00002a72    00000012                                   : wcslen.c.obj (.text:wcslen)
                  00002a84    00000010     driverlib.lib : interrupt.obj (.text:IntMasterEnable)
                  00002a94    00000010     lcd.obj (.text:lcd_clear)
                  00002aa4    0000000e     rtsv7M4_T_le_v4SPD16_eabi.lib : copy_decompress_none.c.obj (.text:decompress:none:__TI_decompress_none)
                  00002ab2    0000000c     driverlib.lib : cpu.obj (.text:CPUcpsie)
                  00002abe    0000000c     tm4c123gh6pm_startup_ccs.obj (.text)
                  00002aca    0000000a     rtsv7M4_T_le_v4SPD16_eabi.lib : sprintf.c.obj (.text:_outc)
                  00002ad4    00000008                                   : errno.c.obj (.text:__aeabi_errno_addr)
                  00002adc    00000004                                   : pre_init.c.obj (.text:_system_pre_init)
                  00002ae0    00000004                                   : exit.c.obj (.text:abort:abort)

.const     0    00002ae4    00000109     
                  00002ae4    00000101     rtsv7M4_T_le_v4SPD16_eabi.lib : ctype.c.obj (.const:.string:_ctypes_)
                  00002be5    00000004     lcd.obj (.const:.string:lineAddress$1)
                  00002be9    00000004     lcd.obj (.const:.string:lineAddresses$2)

.cinit     0    00002bf0    00000040     
                  00002bf0    0000000c     (__TI_handler_table)
                  00002bfc    0000000b     (.cinit..data.load) [load image, compression = lzss]
                  00002c07    00000001     --HOLE-- [fill = 0]
                  00002c08    00000008     (.cinit..bss.load) [load image, compression = zero_init]
                  00002c10    00000008     (.cinit..vtable.load) [load image, compression = zero_init]
                  00002c18    00000018     (__TI_cinit_table)

.init_array 
*          0    00000000    00000000     UNINITIALIZED

.vtable    0    20000000    0000026c     UNINITIALIZED
                  20000000    0000026c     driverlib.lib : interrupt.obj (.vtable)

.stack     0    20000270    00000800     UNINITIALIZED
                  20000270    00000004     rtsv7M4_T_le_v4SPD16_eabi.lib : boot_cortex_m.c.obj (.stack)
                  20000274    000007fc     --HOLE--

.sysmem    0    20000a70    00000400     UNINITIALIZED
                  20000a70    00000010     rtsv7M4_T_le_v4SPD16_eabi.lib : memory.c.obj (.sysmem)
                  20000a80    000003f0     --HOLE--

.bss       0    20000e70    00000058     UNINITIALIZED
                  20000e70    00000054     lcd.obj (.bss:lastbuffer$3)
                  20000ec4    00000004     (.common:_timeout_ticks)

.data      0    20000ec8    00000011     UNINITIALIZED
                  20000ec8    0000000c     ping.obj (.data)
                  20000ed4    00000004     rtsv7M4_T_le_v4SPD16_eabi.lib : errno.c.obj (.data)
                  20000ed8    00000001     Timer.obj (.data)

__llvm_prf_cnts 
*          0    20000000    00000000     UNINITIALIZED

MODULE SUMMARY

       Module                         code    ro data   rw data
       ------                         ----    -------   -------
    .\
       lcd.obj                        824     8         84     
       ping.obj                       700     0         12     
       tm4c123gh6pm_startup_ccs.obj   12      620       0      
       Timer.obj                      584     0         5      
       main.obj                       112     0         0      
    +--+------------------------------+-------+---------+---------+
       Total:                         2232    628       101    
                                                               
    C:/ti/TivaWare_C_Series-2.2.0.295/driverlib/ccs/Debug/driverlib.lib
       interrupt.obj                  68      0         620    
       cpu.obj                        12      0         0      
    +--+------------------------------+-------+---------+---------+
       Total:                         80      0         620    
                                                               
    C:\ti\ccs1200\ccs\tools\compiler\ti-cgt-arm_20.2.6.LTS\lib\rtsv7M4_T_le_v4SPD16_eabi.lib
       _printfi.c.obj                 4851    0         0      
       fd_add_t2.asm.obj              438     0         0      
       fd_div_t2.asm.obj              310     0         0      
       s_scalbn.c.obj                 272     0         0      
       fd_cmp_t2.asm.obj              268     0         0      
       ctype.c.obj                    0       257       0      
       fd_mul_t2.asm.obj              252     0         0      
       memcpy_t2.asm.obj              156     0         0      
       ull_div_t2.asm.obj             150     0         0      
       vsnprintf.c.obj                136     0         0      
       memset_t2.asm.obj              122     0         0      
       fd_tos_t2.asm.obj              110     0         0      
       copy_decompress_lzss.c.obj     104     0         0      
       s_frexp.c.obj                  100     0         0      
       sprintf.c.obj                  98      0         0      
       _ltoa.c.obj                    84      0         0      
       atoi.c.obj                     76      0         0      
       fd_toi_t2.asm.obj              72      0         0      
       autoinit.c.obj                 68      0         0      
       fs_tod_t2.asm.obj              56      0         0      
       boot_cortex_m.c.obj            52      0         0      
       i_tofd_t2.asm.obj              46      0         0      
       copy_zero_init.c.obj           28      0         0      
       memccpy.c.obj                  28      0         0      
       s_copysign.c.obj               26      0         0      
       strcmp.c.obj                   24      0         0      
       strchr.c.obj                   22      0         0      
       strcpy.c.obj                   20      0         0      
       strlen.c.obj                   20      0         0      
       wcslen.c.obj                   18      0         0      
       copy_decompress_none.c.obj     14      0         0      
       errno.c.obj                    8       0         4      
       exit.c.obj                     4       0         0      
       pre_init.c.obj                 4       0         0      
       div0.asm.obj                   2       0         0      
    +--+------------------------------+-------+---------+---------+
       Total:                         8039    257       4      
                                                               
       Heap:                          0       0         1024   
       Stack:                         0       0         2048   
       Linker Generated:              0       63        0      
    +--+------------------------------+-------+---------+---------+
       Grand Total:                   10351   948       3797   


LINKER GENERATED COPY TABLES

__TI_cinit_table @ 00002c18 records: 3, size/record: 8, table size: 24
	.data: load addr=00002bfc, load size=0000000b bytes, run addr=20000ec8, run size=00000011 bytes, compression=lzss
	.bss: load addr=00002c08, load size=00000008 bytes, run addr=20000e70, run size=00000058 bytes, compression=zero_init
	.vtable: load addr=00002c10, load size=00000008 bytes, run addr=20000000, run size=0000026c bytes, compression=zero_init


LINKER GENERATED HANDLER TABLE

__TI_handler_table @ 00002bf0 records: 3, size/record: 4, table size: 12
	index: 0, handler: __TI_zero_init
	index: 1, handler: __TI_decompress_lzss
	index: 2, handler: __TI_decompress_none


GLOBAL SYMBOLS: SORTED ALPHABETICALLY BY Name 

address   name                          
-------   ----                          
00002ae1  C$$EXIT                       
00002ab3  CPUcpsie                      
00002a85  IntMasterEnable               
000028d5  IntRegister                   
00002abf  ResetISR                      
20000a70  __STACK_END                   
00000800  __STACK_SIZE                  
20000470  __STACK_TOP                   
00000400  __SYSMEM_SIZE                 
00002c18  __TI_CINIT_Base               
00002c30  __TI_CINIT_Limit              
00002bf0  __TI_Handler_Table_Base       
00002bfc  __TI_Handler_Table_Limit      
00002799  __TI_auto_init_nobinit_nopinit
0000253d  __TI_decompress_lzss          
00002aa5  __TI_decompress_none          
0000265f  __TI_ltoa                     
ffffffff  __TI_pprof_out_hndl           
0000026d  __TI_printfi                  
ffffffff  __TI_prof_data_size           
ffffffff  __TI_prof_data_start          
00000000  __TI_static_base__            
0000299b  __TI_zero_init_nomemset       
00002269  __aeabi_cdcmpeq               
00002269  __aeabi_cdcmple               
000022ef  __aeabi_cdrcmple              
000024cf  __aeabi_d2f                   
00002751  __aeabi_d2iz                  
00001933  __aeabi_dadd                  
00001c1d  __aeabi_ddiv                  
00001f89  __aeabi_dmul                  
00001929  __aeabi_dsub                  
00002ad5  __aeabi_errno_addr            
0000289b  __aeabi_f2d                   
0000296d  __aeabi_i2d                   
00000cbb  __aeabi_idiv0                 
00000cbb  __aeabi_ldiv0                 
00002375  __aeabi_memclr                
00002375  __aeabi_memclr4               
00002375  __aeabi_memclr8               
00002137  __aeabi_memcpy                
00002137  __aeabi_memcpy4               
00002137  __aeabi_memcpy8               
00002377  __aeabi_memset                
00002377  __aeabi_memset4               
00002377  __aeabi_memset8               
000021d3  __aeabi_uldivmod              
ffffffff  __binit__                     
ffffffff  __c_args__                    
UNDEFED   __mpu_init                    
20000270  __stack                       
20000000  __start___llvm_prf_cnts       
20000000  __stop___llvm_prf_cnts        
00002909  _c_int00_noargs               
00002ae4  _ctypes_                      
20000ed8  _running                      
20000a70  _sys_memory                   
UNDEFED   _system_post_cinit            
00002add  _system_pre_init              
20000ec4  _timeout_ticks                
00002ae1  abort                         
00002705  atoi                          
ffffffff  binit                         
000029d3  copysign                      
000029d3  copysignl                     
000011b3  dist_est                      
20000ed4  errno                         
20000ed0  fallingEdge                   
20000ec8  flag                          
000025a5  frexp                         
000025a5  frexpl                        
20000000  g_pfnRAMVectors               
00000000  g_pfnVectors                  
00002a95  lcd_clear                     
00000e91  lcd_gotoLine                  
00000cf9  lcd_init                      
00000ef7  lcd_printf                    
00000db9  lcd_putc                      
00000df1  lcd_puts                      
00000cbd  lcd_reverseNibble             
00000e0f  lcd_sendCommand               
00000e4d  lcd_sendNibble                
00000eb9  lcd_setCursorPos              
00001e79  ldexp                         
00001e79  ldexpl                        
000023f1  main                          
000029b7  memccpy                       
00002137  memcpy                        
0000237d  memset                        
00000fe5  ping_init                     
000010b9  ping_interrupt_handler        
00001109  ping_read                     
20000ecc  risingEdge                    
00001e79  scalbn                        
00001e79  scalbnl                       
000027dd  sprintf                       
00002a35  strchr                        
00002a1d  strcmp                        
00002a4b  strcpy                        
00002a5f  strlen                        
0000162f  timer_getMicros               
000015d7  timer_getMillis               
00001511  timer_init                    
000015b3  timer_pause                   
000015c5  timer_resume                  
00001589  timer_stop                    
00001689  timer_waitMicros              
000016bb  timer_waitMillis              
0000281d  vsnprintf                     
00002a73  wcslen                        


GLOBAL SYMBOLS: SORTED BY Symbol Address 

address   name                          
-------   ----                          
00000000  __TI_static_base__            
00000000  g_pfnVectors                  
0000026d  __TI_printfi                  
00000400  __SYSMEM_SIZE                 
00000800  __STACK_SIZE                  
00000cbb  __aeabi_idiv0                 
00000cbb  __aeabi_ldiv0                 
00000cbd  lcd_reverseNibble             
00000cf9  lcd_init                      
00000db9  lcd_putc                      
00000df1  lcd_puts                      
00000e0f  lcd_sendCommand               
00000e4d  lcd_sendNibble                
00000e91  lcd_gotoLine                  
00000eb9  lcd_setCursorPos              
00000ef7  lcd_printf                    
00000fe5  ping_init                     
000010b9  ping_interrupt_handler        
00001109  ping_read                     
000011b3  dist_est                      
00001511  timer_init                    
00001589  timer_stop                    
000015b3  timer_pause                   
000015c5  timer_resume                  
000015d7  timer_getMillis               
0000162f  timer_getMicros               
00001689  timer_waitMicros              
000016bb  timer_waitMillis              
00001929  __aeabi_dsub                  
00001933  __aeabi_dadd                  
00001c1d  __aeabi_ddiv                  
00001e79  ldexp                         
00001e79  ldexpl                        
00001e79  scalbn                        
00001e79  scalbnl                       
00001f89  __aeabi_dmul                  
00002137  __aeabi_memcpy                
00002137  __aeabi_memcpy4               
00002137  __aeabi_memcpy8               
00002137  memcpy                        
000021d3  __aeabi_uldivmod              
00002269  __aeabi_cdcmpeq               
00002269  __aeabi_cdcmple               
000022ef  __aeabi_cdrcmple              
00002375  __aeabi_memclr                
00002375  __aeabi_memclr4               
00002375  __aeabi_memclr8               
00002377  __aeabi_memset                
00002377  __aeabi_memset4               
00002377  __aeabi_memset8               
0000237d  memset                        
000023f1  main                          
000024cf  __aeabi_d2f                   
0000253d  __TI_decompress_lzss          
000025a5  frexp                         
000025a5  frexpl                        
0000265f  __TI_ltoa                     
00002705  atoi                          
00002751  __aeabi_d2iz                  
00002799  __TI_auto_init_nobinit_nopinit
000027dd  sprintf                       
0000281d  vsnprintf                     
0000289b  __aeabi_f2d                   
000028d5  IntRegister                   
00002909  _c_int00_noargs               
0000296d  __aeabi_i2d                   
0000299b  __TI_zero_init_nomemset       
000029b7  memccpy                       
000029d3  copysign                      
000029d3  copysignl                     
00002a1d  strcmp                        
00002a35  strchr                        
00002a4b  strcpy                        
00002a5f  strlen                        
00002a73  wcslen                        
00002a85  IntMasterEnable               
00002a95  lcd_clear                     
00002aa5  __TI_decompress_none          
00002ab3  CPUcpsie                      
00002abf  ResetISR                      
00002ad5  __aeabi_errno_addr            
00002add  _system_pre_init              
00002ae1  C$$EXIT                       
00002ae1  abort                         
00002ae4  _ctypes_                      
00002bf0  __TI_Handler_Table_Base       
00002bfc  __TI_Handler_Table_Limit      
00002c18  __TI_CINIT_Base               
00002c30  __TI_CINIT_Limit              
20000000  __start___llvm_prf_cnts       
20000000  __stop___llvm_prf_cnts        
20000000  g_pfnRAMVectors               
20000270  __stack                       
20000470  __STACK_TOP                   
20000a70  __STACK_END                   
20000a70  _sys_memory                   
20000ec4  _timeout_ticks                
20000ec8  flag                          
20000ecc  risingEdge                    
20000ed0  fallingEdge                   
20000ed4  errno                         
20000ed8  _running                      
ffffffff  __TI_pprof_out_hndl           
ffffffff  __TI_prof_data_size           
ffffffff  __TI_prof_data_start          
ffffffff  __binit__                     
ffffffff  __c_args__                    
ffffffff  binit                         
UNDEFED   __mpu_init                    
UNDEFED   _system_post_cinit            

[110 symbols]
