******************************************************************************
                  TI ARM Linker PC v20.2.6                     
******************************************************************************
>> Linked Mon Oct  3 17:31:45 2022

OUTPUT FILE NAME:   <Lab5.out>
ENTRY POINT SYMBOL: "_c_int00_noargs"  address: 00003fc1


MEMORY CONFIGURATION

         name            origin    length      used     unused   attr    fill
----------------------  --------  ---------  --------  --------  ----  --------
  FLASH                 00000000   00040000  00004370  0003bc90  R  X
  SRAM                  20000000   00008000  00000f37  000070c9  RW X


SEGMENT ALLOCATION MAP

run origin  load origin   length   init length attrs members
----------  ----------- ---------- ----------- ----- -------
00000000    00000000    00004378   00004378    r-x
  00000000    00000000    0000026c   0000026c    r-- .intvecs
  0000026c    0000026c    00003f80   00003f80    r-x .text
  000041f0    000041f0    0000013c   0000013c    r-- .const
  00004330    00004330    00000048   00000048    r-- .cinit
20000000    20000000    00000f3e   00000000    rw-
  20000000    20000000    0000026c   00000000    rw- .vtable
  20000270    20000270    00000800   00000000    rw- .stack
  20000a70    20000a70    00000400   00000000    rw- .sysmem
  20000e70    20000e70    000000ad   00000000    rw- .bss
  20000f20    20000f20    0000001e   00000000    rw- .data


SECTION ALLOCATION MAP

 output                                  attributes/
section   page    origin      length       input sections
--------  ----  ----------  ----------   ----------------
.intvecs   0    00000000    0000026c     
                  00000000    0000026c     tm4c123gh6pm_startup_ccs.obj (.intvecs)

.text      0    0000026c    00003f80     
                  0000026c    00000a4e     rtsv7M4_T_le_v4SPD16_eabi.lib : _printfi.c.obj (.text:__TI_printfi)
                  00000cba    00000002                                   : _lock.c.obj (.text:_nop)
                  00000cbc    000009d0                                   : e_pow.c.obj (.text:pow)
                  0000168c    00000328     lcd.obj (.text)
                  000019b4    000002a8     libcybotUART.lib : uart.obj (.text)
                  00001c5c    00000270     rtsv7M4_T_le_v4SPD16_eabi.lib : _printfi.c.obj (.text:_pconv_a)
                  00001ecc    00000260     libcybotScan.lib : cyBot_Scan.obj (.text)
                  0000212c    00000248     Timer.obj (.text)
                  00002374    000001f4     lab5_template.obj (.text)
                  00002568    000001ec     libcybotScan.lib : ping.obj (.text)
                  00002754    000001d0     rtsv7M4_T_le_v4SPD16_eabi.lib : _printfi.c.obj (.text:_pconv_g)
                  00002924    000001b6                                   : fd_add_t2.asm.obj (.text)
                  00002ada    00000002                                   : div0.asm.obj (.text)
                  00002adc    00000158     libcybotScan.lib : servo.obj (.text)
                  00002c34    00000158     rtsv7M4_T_le_v4SPD16_eabi.lib : e_sqrt.c.obj (.text:sqrt)
                  00002d8c    0000013c                                   : _printfi.c.obj (.text:_pconv_e)
                  00002ec8    00000136                                   : fd_div_t2.asm.obj (.text)
                  00002ffe    00000002     --HOLE-- [fill = 0]
                  00003000    00000124                                   : _printfi.c.obj (.text:fcvt)
                  00003124    00000118     libcybotScan.lib : ir.obj (.text)
                  0000323c    00000110     button.obj (.text)
                  0000334c    00000110     rtsv7M4_T_le_v4SPD16_eabi.lib : s_scalbn.c.obj (.text:scalbn)
                  0000345c    00000100                                   : memory.c.obj (.text:aligned_alloc)
                  0000355c    000000fc                                   : fd_mul_t2.asm.obj (.text)
                  00003658    000000e4                                   : memory.c.obj (.text:free)
                  0000373c    000000b1                                   : _printfi.c.obj (.text:_ltostr)
                  000037ed    00000001     --HOLE-- [fill = 0]
                  000037ee    0000009c                                   : memcpy_t2.asm.obj (.text)
                  0000388a    00000096                                   : ull_div_t2.asm.obj (.text)
                  00003920    00000086                                   : fd_cmp_t2.asm.obj (.text:__aeabi_cdcmple)
                  000039a6    00000086                                   : fd_cmp_t2.asm.obj (.text:__aeabi_cdrcmple)
                  00003a2c    0000007a                                   : memset_t2.asm.obj (.text)
                  00003aa6    00000002     --HOLE-- [fill = 0]
                  00003aa8    00000070                                   : memory.c.obj (.text:split)
                  00003b18    0000006e                                   : _printfi.c.obj (.text:_mcpy)
                  00003b86    0000006e                                   : fd_tos_t2.asm.obj (.text)
                  00003bf4    00000068                                   : copy_decompress_lzss.c.obj (.text:decompress:lzss:__TI_decompress_lzss)
                  00003c5c    00000064                                   : s_frexp.c.obj (.text:frexp)
                  00003cc0    00000056                                   : _printfi.c.obj (.text:_pconv_f)
                  00003d16    00000054                                   : _ltoa.c.obj (.text:__TI_ltoa)
                  00003d6a    00000052                                   : _printfi.c.obj (.text:_ecpy)
                  00003dbc    0000004c                                   : atoi.c.obj (.text:atoi)
                  00003e08    00000048                                   : fd_toi_t2.asm.obj (.text)
                  00003e50    00000044                                   : autoinit.c.obj (.text:__TI_auto_init_nobinit_nopinit:__TI_auto_init_nobinit_nopinit)
                  00003e94    00000040                                   : sprintf.c.obj (.text:sprintf)
                  00003ed4    00000040                                   : vsnprintf.c.obj (.text:vsnprintf)
                  00003f14    0000003e                                   : _printfi.c.obj (.text:_fcpy)
                  00003f52    00000038                                   : fs_tod_t2.asm.obj (.text)
                  00003f8a    00000002     --HOLE-- [fill = 0]
                  00003f8c    00000034     driverlib.lib : interrupt.obj (.text:IntRegister)
                  00003fc0    00000034     rtsv7M4_T_le_v4SPD16_eabi.lib : boot_cortex_m.c.obj (.text:_c_int00_noargs:_c_int00_noargs)
                  00003ff4    00000030                                   : vsnprintf.c.obj (.text:_outs)
                  00004024    0000002e                                   : i_tofd_t2.asm.obj (.text)
                  00004052    00000002     --HOLE-- [fill = 0]
                  00004054    00000028                                   : memory.c.obj (.text:free_list_insert)
                  0000407c    0000001c                                   : copy_zero_init.c.obj (.text:decompress:ZI:__TI_zero_init_nomemset:__TI_zero_init_nomemset)
                  00004098    0000001c                                   : memory.c.obj (.text:free_list_remove)
                  000040b4    0000001c                                   : memccpy.c.obj (.text:memccpy)
                  000040d0    0000001a                                   : s_copysign.c.obj (.text:copysign)
                  000040ea    00000018                                   : vsnprintf.c.obj (.text:_outc)
                  00004102    00000018                                   : sprintf.c.obj (.text:_outs)
                  0000411a    00000018                                   : strcmp.c.obj (.text:strcmp)
                  00004132    00000016                                   : strchr.c.obj (.text:strchr)
                  00004148    00000014                                   : strcpy.c.obj (.text:strcpy)
                  0000415c    00000014                                   : strlen.c.obj (.text:strlen)
                  00004170    00000012                                   : wcslen.c.obj (.text:wcslen)
                  00004182    00000010     driverlib.lib : interrupt.obj (.text:IntMasterEnable)
                  00004192    00000010     lcd.obj (.text:lcd_clear)
                  000041a2    0000000e     rtsv7M4_T_le_v4SPD16_eabi.lib : copy_decompress_none.c.obj (.text:decompress:none:__TI_decompress_none)
                  000041b0    0000000c     driverlib.lib : cpu.obj (.text:CPUcpsie)
                  000041bc    0000000c     tm4c123gh6pm_startup_ccs.obj (.text)
                  000041c8    0000000a     rtsv7M4_T_le_v4SPD16_eabi.lib : sprintf.c.obj (.text:_outc)
                  000041d2    00000002     --HOLE-- [fill = 0]
                  000041d4    00000008                                   : errno.c.obj (.text:__aeabi_errno_addr)
                  000041dc    00000008                                   : memory.c.obj (.text:malloc)
                  000041e4    00000004                                   : pre_init.c.obj (.text:_system_pre_init)
                  000041e8    00000004                                   : exit.c.obj (.text:abort:abort)

.const     0    000041f0    0000013c     
                  000041f0    00000101     rtsv7M4_T_le_v4SPD16_eabi.lib : ctype.c.obj (.const:.string:_ctypes_)
                  000042f1    00000004     lcd.obj (.const:.string:lineAddress$1)
                  000042f5    00000003     --HOLE-- [fill = 0]
                  000042f8    00000030     rtsv7M4_T_le_v4SPD16_eabi.lib : e_pow.c.obj (.const:$O1$$)
                  00004328    00000004     lcd.obj (.const:.string:lineAddresses$2)

.cinit     0    00004330    00000048     
                  00004330    0000000d     (.cinit..data.load) [load image, compression = lzss]
                  0000433d    00000003     --HOLE-- [fill = 0]
                  00004340    0000000c     (__TI_handler_table)
                  0000434c    00000004     --HOLE-- [fill = 0]
                  00004350    00000008     (.cinit..bss.load) [load image, compression = zero_init]
                  00004358    00000008     (.cinit..vtable.load) [load image, compression = zero_init]
                  00004360    00000018     (__TI_cinit_table)

.init_array 
*          0    00000000    00000000     UNINITIALIZED

.vtable    0    20000000    0000026c     UNINITIALIZED
                  20000000    0000026c     driverlib.lib : interrupt.obj (.vtable)

.stack     0    20000270    00000800     UNINITIALIZED
                  20000270    00000004     rtsv7M4_T_le_v4SPD16_eabi.lib : boot_cortex_m.c.obj (.stack)
                  20000274    000007fc     --HOLE--

.sysmem    0    20000a70    00000400     UNINITIALIZED
                  20000a70    00000010     rtsv7M4_T_le_v4SPD16_eabi.lib : memory.c.obj (.sysmem)
                  20000a80    000003f0     --HOLE--

.bss       0    20000e70    000000ad     UNINITIALIZED
                  20000e70    00000054     lcd.obj (.bss:lastbuffer$3)
                  20000ec4    00000034     (.common:isr_char_buffer)
                  20000ef8    00000004     (.common:_timeout_ticks)
                  20000efc    00000004     (.common:button_event)
                  20000f00    00000004     (.common:button_num)
                  20000f04    00000004     (.common:fallingEdge)
                  20000f08    00000004     (.common:isr_int_value)
                  20000f0c    00000004     (.common:left_calibration_value)
                  20000f10    00000004     (.common:pulseLength)
                  20000f14    00000004     (.common:right_calibration_value)
                  20000f18    00000004     (.common:risingEdge)
                  20000f1c    00000001     (.common:isRisingEdge)

.data      0    20000f20    0000001e     UNINITIALIZED
                  20000f20    00000008     rtsv7M4_T_le_v4SPD16_eabi.lib : _lock.c.obj (.data:$O1$$)
                  20000f28    00000008                                   : memory.c.obj (.data:$O1$$)
                  20000f30    00000004     libcybotScan.lib : cyBot_Scan.obj (.data)
                  20000f34    00000004     libcybotUART.lib : uart.obj (.data)
                  20000f38    00000004     rtsv7M4_T_le_v4SPD16_eabi.lib : errno.c.obj (.data)
                  20000f3c    00000001     Timer.obj (.data)
                  20000f3d    00000001     button.obj (.data)

__llvm_prf_cnts 
*          0    20000000    00000000     UNINITIALIZED

MODULE SUMMARY

       Module                         code    ro data   rw data
       ------                         ----    -------   -------
    .\
       lcd.obj                        824     8         84     
       tm4c123gh6pm_startup_ccs.obj   12      620       0      
       Timer.obj                      584     0         5      
       lab5_template.obj              500     0         8      
       button.obj                     272     0         9      
    +--+------------------------------+-------+---------+---------+
       Total:                         2192    628       106    
                                                               
    ../libcybotScan.lib
       cyBot_Scan.obj                 608     0         4      
       ping.obj                       492     0         13     
       servo.obj                      344     0         0      
       ir.obj                         280     0         4      
    +--+------------------------------+-------+---------+---------+
       Total:                         1724    0         21     
                                                               
    ../libcybotUART.lib
       uart.obj                       680     0         56     
    +--+------------------------------+-------+---------+---------+
       Total:                         680     0         56     
                                                               
    C:/ti/TivaWare_C_Series-2.2.0.295/driverlib/ccs/Debug/driverlib.lib
       interrupt.obj                  68      0         620    
       cpu.obj                        12      0         0      
    +--+------------------------------+-------+---------+---------+
       Total:                         80      0         620    
                                                               
    C:\ti\ccs1200\ccs\tools\compiler\ti-cgt-arm_20.2.6.LTS\lib\rtsv7M4_T_le_v4SPD16_eabi.lib
       _printfi.c.obj                 4851    0         0      
       e_pow.c.obj                    2512    48        0      
       memory.c.obj                   672     0         8      
       fd_add_t2.asm.obj              438     0         0      
       e_sqrt.c.obj                   344     0         0      
       fd_div_t2.asm.obj              310     0         0      
       s_scalbn.c.obj                 272     0         0      
       fd_cmp_t2.asm.obj              268     0         0      
       ctype.c.obj                    0       257       0      
       fd_mul_t2.asm.obj              252     0         0      
       memcpy_t2.asm.obj              156     0         0      
       ull_div_t2.asm.obj             150     0         0      
       vsnprintf.c.obj                136     0         0      
       memset_t2.asm.obj              122     0         0      
       fd_tos_t2.asm.obj              110     0         0      
       copy_decompress_lzss.c.obj     104     0         0      
       s_frexp.c.obj                  100     0         0      
       sprintf.c.obj                  98      0         0      
       _ltoa.c.obj                    84      0         0      
       atoi.c.obj                     76      0         0      
       fd_toi_t2.asm.obj              72      0         0      
       autoinit.c.obj                 68      0         0      
       fs_tod_t2.asm.obj              56      0         0      
       boot_cortex_m.c.obj            52      0         0      
       i_tofd_t2.asm.obj              46      0         0      
       copy_zero_init.c.obj           28      0         0      
       memccpy.c.obj                  28      0         0      
       s_copysign.c.obj               26      0         0      
       strcmp.c.obj                   24      0         0      
       strchr.c.obj                   22      0         0      
       strcpy.c.obj                   20      0         0      
       strlen.c.obj                   20      0         0      
       wcslen.c.obj                   18      0         0      
       copy_decompress_none.c.obj     14      0         0      
       errno.c.obj                    8       0         4      
       _lock.c.obj                    2       0         8      
       exit.c.obj                     4       0         0      
       pre_init.c.obj                 4       0         0      
       div0.asm.obj                   2       0         0      
    +--+------------------------------+-------+---------+---------+
       Total:                         11569   305       20     
                                                               
       Heap:                          0       0         1024   
       Stack:                         0       0         2048   
       Linker Generated:              0       65        0      
    +--+------------------------------+-------+---------+---------+
       Grand Total:                   16245   998       3895   


LINKER GENERATED COPY TABLES

__TI_cinit_table @ 00004360 records: 3, size/record: 8, table size: 24
	.data: load addr=00004330, load size=0000000d bytes, run addr=20000f20, run size=0000001e bytes, compression=lzss
	.bss: load addr=00004350, load size=00000008 bytes, run addr=20000e70, run size=000000ad bytes, compression=zero_init
	.vtable: load addr=00004358, load size=00000008 bytes, run addr=20000000, run size=0000026c bytes, compression=zero_init


LINKER GENERATED HANDLER TABLE

__TI_handler_table @ 00004340 records: 3, size/record: 4, table size: 12
	index: 0, handler: __TI_zero_init
	index: 1, handler: __TI_decompress_lzss
	index: 2, handler: __TI_decompress_none


GLOBAL SYMBOLS: SORTED ALPHABETICALLY BY Name 

address   name                          
-------   ----                          
000031bd  ADC0SS0_Handler               
000041e9  C$$EXIT                       
000041b1  CPUcpsie                      
00004183  IntMasterEnable               
00003f8d  IntRegister                   
000041bd  ResetISR                      
00002659  TIMER3B_Handler               
20000a70  __STACK_END                   
00000800  __STACK_SIZE                  
20000470  __STACK_TOP                   
00000400  __SYSMEM_SIZE                 
00004360  __TI_CINIT_Base               
00004378  __TI_CINIT_Limit              
00004340  __TI_Handler_Table_Base       
0000434c  __TI_Handler_Table_Limit      
00003e51  __TI_auto_init_nobinit_nopinit
00003bf5  __TI_decompress_lzss          
000041a3  __TI_decompress_none          
00003d17  __TI_ltoa                     
ffffffff  __TI_pprof_out_hndl           
0000026d  __TI_printfi                  
ffffffff  __TI_prof_data_size           
ffffffff  __TI_prof_data_start          
00000000  __TI_static_base__            
0000407d  __TI_zero_init_nomemset       
00003921  __aeabi_cdcmpeq               
00003921  __aeabi_cdcmple               
000039a7  __aeabi_cdrcmple              
00003b87  __aeabi_d2f                   
00003e09  __aeabi_d2iz                  
0000292f  __aeabi_dadd                  
00002ec9  __aeabi_ddiv                  
0000355d  __aeabi_dmul                  
00002925  __aeabi_dsub                  
000041d5  __aeabi_errno_addr            
00003f53  __aeabi_f2d                   
00004025  __aeabi_i2d                   
00002adb  __aeabi_idiv0                 
00002adb  __aeabi_ldiv0                 
00003a2d  __aeabi_memclr                
00003a2d  __aeabi_memclr4               
00003a2d  __aeabi_memclr8               
000037ef  __aeabi_memcpy                
000037ef  __aeabi_memcpy4               
000037ef  __aeabi_memcpy8               
00003a2f  __aeabi_memset                
00003a2f  __aeabi_memset4               
00003a2f  __aeabi_memset8               
0000388b  __aeabi_uldivmod              
ffffffff  __binit__                     
ffffffff  __c_args__                    
UNDEFED   __mpu_init                    
20000270  __stack                       
20000000  __start___llvm_prf_cnts       
20000000  __stop___llvm_prf_cnts        
00003fc1  _c_int00_noargs               
000041f0  _ctypes_                      
20000f20  _lock                         
00000cbb  _nop                          
20000f3c  _running                      
20000a70  _sys_memory                   
UNDEFED   _system_post_cinit            
000041e5  _system_pre_init              
20000ef8  _timeout_ticks                
20000f24  _unlock                       
000041e9  abort                         
0000345d  aligned_alloc                 
00003dbd  atoi                          
ffffffff  binit                         
20000efc  button_event                  
000032c5  button_getButton              
0000323d  button_init                   
20000f00  button_num                    
000040d1  copysign                      
000040d1  copysignl                     
00001fa5  cyBOT_SERVO_cal               
00001f33  cyBOT_Scan                    
00001edb  cyBOT_init_Scan               
20000f30  cyBOT_scan_features           
00001ecd  cyBOT_scan_version            
00001c01  cyBot_UART1_Handler           
00001bf3  cyBot_getByte_blocking        
00001bd3  cyBot_getByte_nonblocking     
000019b5  cyBot_sendByte                
00001bb9  cyBot_uart_flush              
00001b23  cyBot_uart_init               
00001ac3  cyBot_uart_init_PHJ_first_half
00001a6b  cyBot_uart_init_clean         
000019f3  cyBot_uart_init_last_half     
000019db  cyBot_uart_sendBuffer         
000019c1  cyBot_uart_sendStr            
20000f38  errno                         
000023a5  est_distance                  
20000f04  fallingEdge                   
00003659  free                          
00003c5d  frexp                         
00003c5d  frexpl                        
20000000  g_pfnRAMVectors               
00000000  g_pfnVectors                  
000032ad  gpioe_handler                 
00003269  init_button_interrupts        
000031d3  ir_enableInterrupt            
000031b5  ir_getDistance                
0000318d  ir_getValue                   
00003125  ir_init                       
20000f1c  isRisingEdge                  
20000ec4  isr_char_buffer               
20000f34  isr_counter                   
20000f08  isr_int_value                 
00004193  lcd_clear                     
00001861  lcd_gotoLine                  
000016c9  lcd_init                      
000018c7  lcd_printf                    
00001789  lcd_putc                      
000017c1  lcd_puts                      
0000168d  lcd_reverseNibble             
000017df  lcd_sendCommand               
0000181d  lcd_sendNibble                
00001889  lcd_setCursorPos              
0000334d  ldexp                         
0000334d  ldexpl                        
20000f0c  left_calibration_value        
00002477  main                          
000041dd  malloc                        
0000345d  memalign                      
000040b5  memccpy                       
000037ef  memcpy                        
00003a35  memset                        
000023f9  perform_scan                  
000026ab  ping_getDistance              
00002569  ping_init                     
000025ef  ping_trigger                  
00000cbd  pow                           
00000cbd  powl                          
20000f10  pulseLength                   
20000f14  right_calibration_value       
20000f18  risingEdge                    
0000334d  scalbn                        
0000334d  scalbnl                       
00002375  send_string                   
00002add  servo_init                    
00002b6d  servo_move                    
00002bcd  servo_setPWM                  
00002b61  servo_stop                    
00003e95  sprintf                       
00002c35  sqrt                          
00002c35  sqrtl                         
00004133  strchr                        
0000411b  strcmp                        
00004149  strcpy                        
0000415d  strlen                        
0000224b  timer_getMicros               
000021f3  timer_getMillis               
0000212d  timer_init                    
000021cf  timer_pause                   
000021e1  timer_resume                  
000021a5  timer_stop                    
000022a5  timer_waitMicros              
000022d7  timer_waitMillis              
00003ed5  vsnprintf                     
00004171  wcslen                        


GLOBAL SYMBOLS: SORTED BY Symbol Address 

address   name                          
-------   ----                          
00000000  __TI_static_base__            
00000000  g_pfnVectors                  
0000026d  __TI_printfi                  
00000400  __SYSMEM_SIZE                 
00000800  __STACK_SIZE                  
00000cbb  _nop                          
00000cbd  pow                           
00000cbd  powl                          
0000168d  lcd_reverseNibble             
000016c9  lcd_init                      
00001789  lcd_putc                      
000017c1  lcd_puts                      
000017df  lcd_sendCommand               
0000181d  lcd_sendNibble                
00001861  lcd_gotoLine                  
00001889  lcd_setCursorPos              
000018c7  lcd_printf                    
000019b5  cyBot_sendByte                
000019c1  cyBot_uart_sendStr            
000019db  cyBot_uart_sendBuffer         
000019f3  cyBot_uart_init_last_half     
00001a6b  cyBot_uart_init_clean         
00001ac3  cyBot_uart_init_PHJ_first_half
00001b23  cyBot_uart_init               
00001bb9  cyBot_uart_flush              
00001bd3  cyBot_getByte_nonblocking     
00001bf3  cyBot_getByte_blocking        
00001c01  cyBot_UART1_Handler           
00001ecd  cyBOT_scan_version            
00001edb  cyBOT_init_Scan               
00001f33  cyBOT_Scan                    
00001fa5  cyBOT_SERVO_cal               
0000212d  timer_init                    
000021a5  timer_stop                    
000021cf  timer_pause                   
000021e1  timer_resume                  
000021f3  timer_getMillis               
0000224b  timer_getMicros               
000022a5  timer_waitMicros              
000022d7  timer_waitMillis              
00002375  send_string                   
000023a5  est_distance                  
000023f9  perform_scan                  
00002477  main                          
00002569  ping_init                     
000025ef  ping_trigger                  
00002659  TIMER3B_Handler               
000026ab  ping_getDistance              
00002925  __aeabi_dsub                  
0000292f  __aeabi_dadd                  
00002adb  __aeabi_idiv0                 
00002adb  __aeabi_ldiv0                 
00002add  servo_init                    
00002b61  servo_stop                    
00002b6d  servo_move                    
00002bcd  servo_setPWM                  
00002c35  sqrt                          
00002c35  sqrtl                         
00002ec9  __aeabi_ddiv                  
00003125  ir_init                       
0000318d  ir_getValue                   
000031b5  ir_getDistance                
000031bd  ADC0SS0_Handler               
000031d3  ir_enableInterrupt            
0000323d  button_init                   
00003269  init_button_interrupts        
000032ad  gpioe_handler                 
000032c5  button_getButton              
0000334d  ldexp                         
0000334d  ldexpl                        
0000334d  scalbn                        
0000334d  scalbnl                       
0000345d  aligned_alloc                 
0000345d  memalign                      
0000355d  __aeabi_dmul                  
00003659  free                          
000037ef  __aeabi_memcpy                
000037ef  __aeabi_memcpy4               
000037ef  __aeabi_memcpy8               
000037ef  memcpy                        
0000388b  __aeabi_uldivmod              
00003921  __aeabi_cdcmpeq               
00003921  __aeabi_cdcmple               
000039a7  __aeabi_cdrcmple              
00003a2d  __aeabi_memclr                
00003a2d  __aeabi_memclr4               
00003a2d  __aeabi_memclr8               
00003a2f  __aeabi_memset                
00003a2f  __aeabi_memset4               
00003a2f  __aeabi_memset8               
00003a35  memset                        
00003b87  __aeabi_d2f                   
00003bf5  __TI_decompress_lzss          
00003c5d  frexp                         
00003c5d  frexpl                        
00003d17  __TI_ltoa                     
00003dbd  atoi                          
00003e09  __aeabi_d2iz                  
00003e51  __TI_auto_init_nobinit_nopinit
00003e95  sprintf                       
00003ed5  vsnprintf                     
00003f53  __aeabi_f2d                   
00003f8d  IntRegister                   
00003fc1  _c_int00_noargs               
00004025  __aeabi_i2d                   
0000407d  __TI_zero_init_nomemset       
000040b5  memccpy                       
000040d1  copysign                      
000040d1  copysignl                     
0000411b  strcmp                        
00004133  strchr                        
00004149  strcpy                        
0000415d  strlen                        
00004171  wcslen                        
00004183  IntMasterEnable               
00004193  lcd_clear                     
000041a3  __TI_decompress_none          
000041b1  CPUcpsie                      
000041bd  ResetISR                      
000041d5  __aeabi_errno_addr            
000041dd  malloc                        
000041e5  _system_pre_init              
000041e9  C$$EXIT                       
000041e9  abort                         
000041f0  _ctypes_                      
00004340  __TI_Handler_Table_Base       
0000434c  __TI_Handler_Table_Limit      
00004360  __TI_CINIT_Base               
00004378  __TI_CINIT_Limit              
20000000  __start___llvm_prf_cnts       
20000000  __stop___llvm_prf_cnts        
20000000  g_pfnRAMVectors               
20000270  __stack                       
20000470  __STACK_TOP                   
20000a70  __STACK_END                   
20000a70  _sys_memory                   
20000ec4  isr_char_buffer               
20000ef8  _timeout_ticks                
20000efc  button_event                  
20000f00  button_num                    
20000f04  fallingEdge                   
20000f08  isr_int_value                 
20000f0c  left_calibration_value        
20000f10  pulseLength                   
20000f14  right_calibration_value       
20000f18  risingEdge                    
20000f1c  isRisingEdge                  
20000f20  _lock                         
20000f24  _unlock                       
20000f30  cyBOT_scan_features           
20000f34  isr_counter                   
20000f38  errno                         
20000f3c  _running                      
ffffffff  __TI_pprof_out_hndl           
ffffffff  __TI_prof_data_size           
ffffffff  __TI_prof_data_start          
ffffffff  __binit__                     
ffffffff  __c_args__                    
ffffffff  binit                         
UNDEFED   __mpu_init                    
UNDEFED   _system_post_cinit            

[161 symbols]
