******************************************************************************
                  TI ARM Linker PC v20.2.6                     
******************************************************************************
>> Linked Wed Nov 16 11:53:32 2022

OUTPUT FILE NAME:   <Final_Project.out>
ENTRY POINT SYMBOL: "_c_int00_noargs"  address: 00003655


MEMORY CONFIGURATION

         name            origin    length      used     unused   attr    fill
----------------------  --------  ---------  --------  --------  ----  --------
  FLASH                 00000000   00040000  000039dc  0003c624  R  X
  SRAM                  20000000   00008000  00000f1a  000070e6  RW X


SEGMENT ALLOCATION MAP

run origin  load origin   length   init length attrs members
----------  ----------- ---------- ----------- ----- -------
00000000    00000000    000039e0   000039e0    r-x
  00000000    00000000    0000026c   0000026c    r-- .intvecs
  0000026c    0000026c    00003608   00003608    r-x .text
  00003874    00003874    00000118   00000118    r-- .const
  00003990    00003990    00000050   00000050    r-- .cinit
20000000    20000000    00000f1e   00000000    rw-
  20000000    20000000    0000026c   00000000    rw- .vtable
  20000270    20000270    00000800   00000000    rw- .stack
  20000a70    20000a70    00000400   00000000    rw- .sysmem
  20000e70    20000e70    00000078   00000000    rw- .bss
  20000ee8    20000ee8    00000036   00000000    rw- .data


SECTION ALLOCATION MAP

 output                                  attributes/
section   page    origin      length       input sections
--------  ----  ----------  ----------   ----------------
.intvecs   0    00000000    0000026c     
                  00000000    0000026c     tm4c123gh6pm_startup_ccs.obj (.intvecs)

.text      0    0000026c    00003608     
                  0000026c    00000c20     open_interface.obj (.text)
                  00000e8c    00000a4e     rtsv7M4_T_le_v4SPD16_eabi.lib : _printfi.c.obj (.text:__TI_printfi)
                  000018da    00000002                                   : _lock.c.obj (.text:_nop)
                  000018dc    00000328     lcd.obj (.text)
                  00001c04    00000270     rtsv7M4_T_le_v4SPD16_eabi.lib : _printfi.c.obj (.text:_pconv_a)
                  00001e74    00000248     Timer.obj (.text)
                  000020bc    000001d0     rtsv7M4_T_le_v4SPD16_eabi.lib : _printfi.c.obj (.text:_pconv_g)
                  0000228c    000001b6                                   : fd_add_t2.asm.obj (.text)
                  00002442    00000002                                   : div0.asm.obj (.text)
                  00002444    0000013c                                   : _printfi.c.obj (.text:_pconv_e)
                  00002580    00000136                                   : fd_div_t2.asm.obj (.text)
                  000026b6    00000002     --HOLE-- [fill = 0]
                  000026b8    00000124                                   : _printfi.c.obj (.text:fcvt)
                  000027dc    00000110     button.obj (.text)
                  000028ec    00000110     rtsv7M4_T_le_v4SPD16_eabi.lib : s_scalbn.c.obj (.text:scalbn)
                  000029fc    00000100                                   : memory.c.obj (.text:aligned_alloc)
                  00002afc    000000fc                                   : fd_mul_t2.asm.obj (.text)
                  00002bf8    000000fa     main.obj (.text)
                  00002cf2    00000002     --HOLE-- [fill = 0]
                  00002cf4    000000e4     rtsv7M4_T_le_v4SPD16_eabi.lib : memory.c.obj (.text:free)
                  00002dd8    000000b1                                   : _printfi.c.obj (.text:_ltostr)
                  00002e89    00000001     --HOLE-- [fill = 0]
                  00002e8a    0000009c                                   : memcpy_t2.asm.obj (.text)
                  00002f26    00000096                                   : ull_div_t2.asm.obj (.text)
                  00002fbc    00000086                                   : fd_cmp_t2.asm.obj (.text:__aeabi_cdcmple)
                  00003042    00000086                                   : fd_cmp_t2.asm.obj (.text:__aeabi_cdrcmple)
                  000030c8    0000007a                                   : memset_t2.asm.obj (.text)
                  00003142    00000002     --HOLE-- [fill = 0]
                  00003144    00000070                                   : memory.c.obj (.text:split)
                  000031b4    0000006e                                   : _printfi.c.obj (.text:_mcpy)
                  00003222    0000006e                                   : fd_tos_t2.asm.obj (.text)
                  00003290    00000068                                   : copy_decompress_lzss.c.obj (.text:decompress:lzss:__TI_decompress_lzss)
                  000032f8    00000064                                   : s_frexp.c.obj (.text:frexp)
                  0000335c    00000056                                   : _printfi.c.obj (.text:_pconv_f)
                  000033b2    00000054                                   : _ltoa.c.obj (.text:__TI_ltoa)
                  00003406    00000052                                   : _printfi.c.obj (.text:_ecpy)
                  00003458    0000004c                                   : atoi.c.obj (.text:atoi)
                  000034a4    00000048                                   : fd_toi_t2.asm.obj (.text)
                  000034ec    00000044                                   : autoinit.c.obj (.text:__TI_auto_init_nobinit_nopinit:__TI_auto_init_nobinit_nopinit)
                  00003530    00000040                                   : vsnprintf.c.obj (.text:vsnprintf)
                  00003570    0000003e                                   : _printfi.c.obj (.text:_fcpy)
                  000035ae    00000002     --HOLE-- [fill = 0]
                  000035b0    00000038                                   : memory.c.obj (.text:calloc)
                  000035e8    00000038                                   : fs_tod_t2.asm.obj (.text)
                  00003620    00000034     driverlib.lib : interrupt.obj (.text:IntRegister)
                  00003654    00000034     rtsv7M4_T_le_v4SPD16_eabi.lib : boot_cortex_m.c.obj (.text:_c_int00_noargs:_c_int00_noargs)
                  00003688    00000030                                   : vsnprintf.c.obj (.text:_outs)
                  000036b8    0000002e                                   : i_tofd_t2.asm.obj (.text)
                  000036e6    00000002     --HOLE-- [fill = 0]
                  000036e8    00000028                                   : memory.c.obj (.text:free_list_insert)
                  00003710    0000001c                                   : copy_zero_init.c.obj (.text:decompress:ZI:__TI_zero_init_nomemset:__TI_zero_init_nomemset)
                  0000372c    0000001c                                   : memory.c.obj (.text:free_list_remove)
                  00003748    0000001c                                   : memccpy.c.obj (.text:memccpy)
                  00003764    0000001a                                   : s_copysign.c.obj (.text:copysign)
                  0000377e    00000018                                   : vsnprintf.c.obj (.text:_outc)
                  00003796    00000018     open_interface.obj (.text:oi_parseInt)
                  000037ae    00000018     rtsv7M4_T_le_v4SPD16_eabi.lib : strcmp.c.obj (.text:strcmp)
                  000037c6    00000016                                   : strchr.c.obj (.text:strchr)
                  000037dc    00000014                                   : strcpy.c.obj (.text:strcpy)
                  000037f0    00000014                                   : strlen.c.obj (.text:strlen)
                  00003804    00000012                                   : wcslen.c.obj (.text:wcslen)
                  00003816    00000010     driverlib.lib : interrupt.obj (.text:IntMasterEnable)
                  00003826    00000010     lcd.obj (.text:lcd_clear)
                  00003836    0000000e     rtsv7M4_T_le_v4SPD16_eabi.lib : copy_decompress_none.c.obj (.text:decompress:none:__TI_decompress_none)
                  00003844    0000000c     driverlib.lib : cpu.obj (.text:CPUcpsie)
                  00003850    0000000c     tm4c123gh6pm_startup_ccs.obj (.text)
                  0000385c    00000008     rtsv7M4_T_le_v4SPD16_eabi.lib : errno.c.obj (.text:__aeabi_errno_addr)
                  00003864    00000008                                   : memory.c.obj (.text:malloc)
                  0000386c    00000004                                   : pre_init.c.obj (.text:_system_pre_init)
                  00003870    00000004                                   : exit.c.obj (.text:abort:abort)

.const     0    00003874    00000118     
                  00003874    00000101     rtsv7M4_T_le_v4SPD16_eabi.lib : ctype.c.obj (.const:.string:_ctypes_)
                  00003975    0000000f     open_interface.obj (.const:.string:$P$T0$3)
                  00003984    00000004     lcd.obj (.const:.string:lineAddress$1)
                  00003988    00000004     lcd.obj (.const:.string:lineAddresses$2)

.cinit     0    00003990    00000050     
                  00003990    00000018     (.cinit..data.load) [load image, compression = lzss]
                  000039a8    0000000c     (__TI_handler_table)
                  000039b4    00000004     --HOLE-- [fill = 0]
                  000039b8    00000008     (.cinit..bss.load) [load image, compression = zero_init]
                  000039c0    00000008     (.cinit..vtable.load) [load image, compression = zero_init]
                  000039c8    00000018     (__TI_cinit_table)

.init_array 
*          0    00000000    00000000     UNINITIALIZED

.vtable    0    20000000    0000026c     UNINITIALIZED
                  20000000    0000026c     driverlib.lib : interrupt.obj (.vtable)

.stack     0    20000270    00000800     UNINITIALIZED
                  20000270    00000004     rtsv7M4_T_le_v4SPD16_eabi.lib : boot_cortex_m.c.obj (.stack)
                  20000274    000007fc     --HOLE--

.sysmem    0    20000a70    00000400     UNINITIALIZED
                  20000a70    00000010     rtsv7M4_T_le_v4SPD16_eabi.lib : memory.c.obj (.sysmem)
                  20000a80    000003f0     --HOLE--

.bss       0    20000e70    00000078     UNINITIALIZED
                  20000e70    00000054     lcd.obj (.bss:lastbuffer$3)
                  20000ec4    00000018     open_interface.obj (.bss:firmware$2)
                  20000edc    00000004     (.common:_timeout_ticks)
                  20000ee0    00000004     (.common:button_event)
                  20000ee4    00000004     (.common:button_num)

.data      0    20000ee8    00000036     UNINITIALIZED
                  20000ee8    00000020     open_interface.obj (.data)
                  20000f08    00000008     rtsv7M4_T_le_v4SPD16_eabi.lib : _lock.c.obj (.data:$O1$$)
                  20000f10    00000008                                   : memory.c.obj (.data:$O1$$)
                  20000f18    00000004                                   : errno.c.obj (.data)
                  20000f1c    00000001     Timer.obj (.data)
                  20000f1d    00000001     button.obj (.data)

__llvm_prf_cnts 
*          0    20000000    00000000     UNINITIALIZED

MODULE SUMMARY

       Module                         code    ro data   rw data
       ------                         ----    -------   -------
    .\
       open_interface.obj             3128    15        56     
       lcd.obj                        824     8         84     
       tm4c123gh6pm_startup_ccs.obj   12      620       0      
       Timer.obj                      584     0         5      
       button.obj                     272     0         9      
       main.obj                       250     0         0      
    +--+------------------------------+-------+---------+---------+
       Total:                         5070    643       154    
                                                               
    C:/ti/TivaWare_C_Series-2.2.0.295/driverlib/ccs/Debug/driverlib.lib
       interrupt.obj                  68      0         620    
       cpu.obj                        12      0         0      
    +--+------------------------------+-------+---------+---------+
       Total:                         80      0         620    
                                                               
    C:\ti\ccs1200\ccs\tools\compiler\ti-cgt-arm_20.2.6.LTS\lib\rtsv7M4_T_le_v4SPD16_eabi.lib
       _printfi.c.obj                 4851    0         0      
       memory.c.obj                   728     0         8      
       fd_add_t2.asm.obj              438     0         0      
       fd_div_t2.asm.obj              310     0         0      
       s_scalbn.c.obj                 272     0         0      
       fd_cmp_t2.asm.obj              268     0         0      
       ctype.c.obj                    0       257       0      
       fd_mul_t2.asm.obj              252     0         0      
       memcpy_t2.asm.obj              156     0         0      
       ull_div_t2.asm.obj             150     0         0      
       vsnprintf.c.obj                136     0         0      
       memset_t2.asm.obj              122     0         0      
       fd_tos_t2.asm.obj              110     0         0      
       copy_decompress_lzss.c.obj     104     0         0      
       s_frexp.c.obj                  100     0         0      
       _ltoa.c.obj                    84      0         0      
       atoi.c.obj                     76      0         0      
       fd_toi_t2.asm.obj              72      0         0      
       autoinit.c.obj                 68      0         0      
       fs_tod_t2.asm.obj              56      0         0      
       boot_cortex_m.c.obj            52      0         0      
       i_tofd_t2.asm.obj              46      0         0      
       copy_zero_init.c.obj           28      0         0      
       memccpy.c.obj                  28      0         0      
       s_copysign.c.obj               26      0         0      
       strcmp.c.obj                   24      0         0      
       strchr.c.obj                   22      0         0      
       strcpy.c.obj                   20      0         0      
       strlen.c.obj                   20      0         0      
       wcslen.c.obj                   18      0         0      
       copy_decompress_none.c.obj     14      0         0      
       errno.c.obj                    8       0         4      
       _lock.c.obj                    2       0         8      
       exit.c.obj                     4       0         0      
       pre_init.c.obj                 4       0         0      
       div0.asm.obj                   2       0         0      
    +--+------------------------------+-------+---------+---------+
       Total:                         8671    257       20     
                                                               
       Heap:                          0       0         1024   
       Stack:                         0       0         2048   
       Linker Generated:              0       76        0      
    +--+------------------------------+-------+---------+---------+
       Grand Total:                   13821   976       3866   


LINKER GENERATED COPY TABLES

__TI_cinit_table @ 000039c8 records: 3, size/record: 8, table size: 24
	.data: load addr=00003990, load size=00000018 bytes, run addr=20000ee8, run size=00000036 bytes, compression=lzss
	.bss: load addr=000039b8, load size=00000008 bytes, run addr=20000e70, run size=00000078 bytes, compression=zero_init
	.vtable: load addr=000039c0, load size=00000008 bytes, run addr=20000000, run size=0000026c bytes, compression=zero_init


LINKER GENERATED HANDLER TABLE

__TI_handler_table @ 000039a8 records: 3, size/record: 4, table size: 12
	index: 0, handler: __TI_zero_init
	index: 1, handler: __TI_decompress_lzss
	index: 2, handler: __TI_decompress_none


GLOBAL SYMBOLS: SORTED ALPHABETICALLY BY Name 

address   name                          
-------   ----                          
00003871  C$$EXIT                       
00003845  CPUcpsie                      
00000bc3  GPIOF_Handler                 
00003817  IntMasterEnable               
00003621  IntRegister                   
00003851  ResetISR                      
20000a70  __STACK_END                   
00000800  __STACK_SIZE                  
20000470  __STACK_TOP                   
00000400  __SYSMEM_SIZE                 
000039c8  __TI_CINIT_Base               
000039e0  __TI_CINIT_Limit              
000039a8  __TI_Handler_Table_Base       
000039b4  __TI_Handler_Table_Limit      
000034ed  __TI_auto_init_nobinit_nopinit
00003291  __TI_decompress_lzss          
00003837  __TI_decompress_none          
000033b3  __TI_ltoa                     
ffffffff  __TI_pprof_out_hndl           
00000e8d  __TI_printfi                  
ffffffff  __TI_prof_data_size           
ffffffff  __TI_prof_data_start          
00000000  __TI_static_base__            
00003711  __TI_zero_init_nomemset       
00002fbd  __aeabi_cdcmpeq               
00002fbd  __aeabi_cdcmple               
00003043  __aeabi_cdrcmple              
00003223  __aeabi_d2f                   
000034a5  __aeabi_d2iz                  
00002297  __aeabi_dadd                  
00002581  __aeabi_ddiv                  
00002afd  __aeabi_dmul                  
0000228d  __aeabi_dsub                  
0000385d  __aeabi_errno_addr            
000035e9  __aeabi_f2d                   
000036b9  __aeabi_i2d                   
00002443  __aeabi_idiv0                 
00002443  __aeabi_ldiv0                 
000030c9  __aeabi_memclr                
000030c9  __aeabi_memclr4               
000030c9  __aeabi_memclr8               
00002e8b  __aeabi_memcpy                
00002e8b  __aeabi_memcpy4               
00002e8b  __aeabi_memcpy8               
000030cb  __aeabi_memset                
000030cb  __aeabi_memset4               
000030cb  __aeabi_memset8               
00002f27  __aeabi_uldivmod              
ffffffff  __binit__                     
ffffffff  __c_args__                    
UNDEFED   __mpu_init                    
20000270  __stack                       
20000000  __start___llvm_prf_cnts       
20000000  __stop___llvm_prf_cnts        
00003655  _c_int00_noargs               
00003874  _ctypes_                      
20000f08  _lock                         
000018db  _nop                          
20000f1c  _running                      
20000a70  _sys_memory                   
UNDEFED   _system_post_cinit            
0000386d  _system_pre_init              
20000edc  _timeout_ticks                
20000f0c  _unlock                       
00003871  abort                         
000029fd  aligned_alloc                 
00003459  atoi                          
ffffffff  binit                         
20000ee0  button_event                  
00002865  button_getButton              
000027dd  button_init                   
20000ee4  button_num                    
000035b1  calloc                        
00003765  copysign                      
00003765  copysignl                     
20000f18  errno                         
00002cf5  free                          
000032f9  frexp                         
000032f9  frexpl                        
20000000  g_pfnRAMVectors               
00000000  g_pfnVectors                  
0000097f  go_charge                     
0000284d  gpioe_handler                 
00002809  init_button_interrupts        
00003827  lcd_clear                     
00001ab1  lcd_gotoLine                  
00001919  lcd_init                      
00001b17  lcd_printf                    
000019d9  lcd_putc                      
00001a11  lcd_puts                      
000018dd  lcd_reverseNibble             
00001a2f  lcd_sendCommand               
00001a6d  lcd_sendNibble                
00001ad9  lcd_setCursorPos              
000028ed  ldexp                         
000028ed  ldexpl                        
00002bf9  main                          
00003865  malloc                        
000029fd  memalign                      
00003749  memccpy                       
00002e8b  memcpy                        
000030d1  memset                        
20000ee8  motor_cal_factor_L            
20000eec  motor_cal_factor_R            
0000026d  oi_alloc                      
00000aa9  oi_checkFirmware              
000002c7  oi_close                      
00000279  oi_free                       
00000ded  oi_getMotorCalibrationLeft    
00000e01  oi_getMotorCalibrationRight   
000002b1  oi_init                       
00000289  oi_init_noupdate              
00000915  oi_loadSong                   
00003797  oi_parseInt                   
0000032b  oi_parsePacket                
0000096b  oi_play_song                  
0000084b  oi_setLeds                    
00000db1  oi_setMotorCalibration        
0000088f  oi_setWheels                  
00000b51  oi_shutoff_init               
0000098d  oi_uartInit                   
00000a31  oi_uartReceive                
00000a77  oi_uartSendBuff               
00000a15  oi_uartSendChar               
00000a59  oi_uartSendStr                
000002d9  oi_update                     
00002c47  perp_to_edge                  
000028ed  scalbn                        
000028ed  scalbnl                       
000037c7  strchr                        
000037af  strcmp                        
000037dd  strcpy                        
000037f1  strlen                        
00001f93  timer_getMicros               
00001f3b  timer_getMillis               
00001e75  timer_init                    
00001f17  timer_pause                   
00001f29  timer_resume                  
00001eed  timer_stop                    
00001fed  timer_waitMicros              
0000201f  timer_waitMillis              
00003531  vsnprintf                     
00003805  wcslen                        


GLOBAL SYMBOLS: SORTED BY Symbol Address 

address   name                          
-------   ----                          
00000000  __TI_static_base__            
00000000  g_pfnVectors                  
0000026d  oi_alloc                      
00000279  oi_free                       
00000289  oi_init_noupdate              
000002b1  oi_init                       
000002c7  oi_close                      
000002d9  oi_update                     
0000032b  oi_parsePacket                
00000400  __SYSMEM_SIZE                 
00000800  __STACK_SIZE                  
0000084b  oi_setLeds                    
0000088f  oi_setWheels                  
00000915  oi_loadSong                   
0000096b  oi_play_song                  
0000097f  go_charge                     
0000098d  oi_uartInit                   
00000a15  oi_uartSendChar               
00000a31  oi_uartReceive                
00000a59  oi_uartSendStr                
00000a77  oi_uartSendBuff               
00000aa9  oi_checkFirmware              
00000b51  oi_shutoff_init               
00000bc3  GPIOF_Handler                 
00000db1  oi_setMotorCalibration        
00000ded  oi_getMotorCalibrationLeft    
00000e01  oi_getMotorCalibrationRight   
00000e8d  __TI_printfi                  
000018db  _nop                          
000018dd  lcd_reverseNibble             
00001919  lcd_init                      
000019d9  lcd_putc                      
00001a11  lcd_puts                      
00001a2f  lcd_sendCommand               
00001a6d  lcd_sendNibble                
00001ab1  lcd_gotoLine                  
00001ad9  lcd_setCursorPos              
00001b17  lcd_printf                    
00001e75  timer_init                    
00001eed  timer_stop                    
00001f17  timer_pause                   
00001f29  timer_resume                  
00001f3b  timer_getMillis               
00001f93  timer_getMicros               
00001fed  timer_waitMicros              
0000201f  timer_waitMillis              
0000228d  __aeabi_dsub                  
00002297  __aeabi_dadd                  
00002443  __aeabi_idiv0                 
00002443  __aeabi_ldiv0                 
00002581  __aeabi_ddiv                  
000027dd  button_init                   
00002809  init_button_interrupts        
0000284d  gpioe_handler                 
00002865  button_getButton              
000028ed  ldexp                         
000028ed  ldexpl                        
000028ed  scalbn                        
000028ed  scalbnl                       
000029fd  aligned_alloc                 
000029fd  memalign                      
00002afd  __aeabi_dmul                  
00002bf9  main                          
00002c47  perp_to_edge                  
00002cf5  free                          
00002e8b  __aeabi_memcpy                
00002e8b  __aeabi_memcpy4               
00002e8b  __aeabi_memcpy8               
00002e8b  memcpy                        
00002f27  __aeabi_uldivmod              
00002fbd  __aeabi_cdcmpeq               
00002fbd  __aeabi_cdcmple               
00003043  __aeabi_cdrcmple              
000030c9  __aeabi_memclr                
000030c9  __aeabi_memclr4               
000030c9  __aeabi_memclr8               
000030cb  __aeabi_memset                
000030cb  __aeabi_memset4               
000030cb  __aeabi_memset8               
000030d1  memset                        
00003223  __aeabi_d2f                   
00003291  __TI_decompress_lzss          
000032f9  frexp                         
000032f9  frexpl                        
000033b3  __TI_ltoa                     
00003459  atoi                          
000034a5  __aeabi_d2iz                  
000034ed  __TI_auto_init_nobinit_nopinit
00003531  vsnprintf                     
000035b1  calloc                        
000035e9  __aeabi_f2d                   
00003621  IntRegister                   
00003655  _c_int00_noargs               
000036b9  __aeabi_i2d                   
00003711  __TI_zero_init_nomemset       
00003749  memccpy                       
00003765  copysign                      
00003765  copysignl                     
00003797  oi_parseInt                   
000037af  strcmp                        
000037c7  strchr                        
000037dd  strcpy                        
000037f1  strlen                        
00003805  wcslen                        
00003817  IntMasterEnable               
00003827  lcd_clear                     
00003837  __TI_decompress_none          
00003845  CPUcpsie                      
00003851  ResetISR                      
0000385d  __aeabi_errno_addr            
00003865  malloc                        
0000386d  _system_pre_init              
00003871  C$$EXIT                       
00003871  abort                         
00003874  _ctypes_                      
000039a8  __TI_Handler_Table_Base       
000039b4  __TI_Handler_Table_Limit      
000039c8  __TI_CINIT_Base               
000039e0  __TI_CINIT_Limit              
20000000  __start___llvm_prf_cnts       
20000000  __stop___llvm_prf_cnts        
20000000  g_pfnRAMVectors               
20000270  __stack                       
20000470  __STACK_TOP                   
20000a70  __STACK_END                   
20000a70  _sys_memory                   
20000edc  _timeout_ticks                
20000ee0  button_event                  
20000ee4  button_num                    
20000ee8  motor_cal_factor_L            
20000eec  motor_cal_factor_R            
20000f08  _lock                         
20000f0c  _unlock                       
20000f18  errno                         
20000f1c  _running                      
ffffffff  __TI_pprof_out_hndl           
ffffffff  __TI_prof_data_size           
ffffffff  __TI_prof_data_start          
ffffffff  __binit__                     
ffffffff  __c_args__                    
ffffffff  binit                         
UNDEFED   __mpu_init                    
UNDEFED   _system_post_cinit            

[143 symbols]
