******************************************************************************
                  TI ARM Linker PC v20.2.6                     
******************************************************************************
>> Linked Fri Dec  2 20:36:59 2022

OUTPUT FILE NAME:   <Final_Project.out>
ENTRY POINT SYMBOL: "_c_int00_noargs"  address: 000052b9


MEMORY CONFIGURATION

         name            origin    length      used     unused   attr    fill
----------------------  --------  ---------  --------  --------  ----  --------
  FLASH                 00000000   00040000  00005693  0003a96d  R  X
  SRAM                  20000000   00008000  00001394  00006c6c  RW X


SEGMENT ALLOCATION MAP

run origin  load origin   length   init length attrs members
----------  ----------- ---------- ----------- ----- -------
00000000    00000000    00005698   00005698    r-x
  00000000    00000000    0000026c   0000026c    r-- .intvecs
  0000026c    0000026c    0000527c   0000527c    r-x .text
  000054e8    000054e8    0000014b   0000014b    r-- .const
  00005638    00005638    00000060   00000060    r-- .cinit
20000000    20000000    00001398   00000000    rw-
  20000000    20000000    0000026c   00000000    rw- .vtable
  20000270    20000270    00000800   00000000    rw- .stack
  20000a70    20000a70    000004c8   00000000    rw- .bss
  20000f38    20000f38    00000400   00000000    rw- .sysmem
  20001338    20001338    00000060   00000000    rw- .data


SECTION ALLOCATION MAP

 output                                  attributes/
section   page    origin      length       input sections
--------  ----  ----------  ----------   ----------------
.intvecs   0    00000000    0000026c     
                  00000000    0000026c     tm4c123gh6pm_startup_ccs.obj (.intvecs)

.text      0    0000026c    0000527c     
                  0000026c    00000c20     open_interface.obj (.text)
                  00000e8c    00000a4e     rtsv7M4_T_le_v4SPD16_eabi.lib : _printfi.c.obj (.text:__TI_printfi)
                  000018da    00000002                                   : _lock.c.obj (.text:_nop)
                  000018dc    000009d0                                   : e_pow.c.obj (.text:pow)
                  000022ac    00000584     movement.obj (.text)
                  00002830    00000330     servo.obj (.text)
                  00002b60    00000328     lcd.obj (.text)
                  00002e88    00000270     rtsv7M4_T_le_v4SPD16_eabi.lib : _printfi.c.obj (.text:_pconv_a)
                  000030f8    00000248     Timer.obj (.text)
                  00003340    00000204     ping.obj (.text)
                  00003544    000001e4     main.obj (.text)
                  00003728    000001d0     rtsv7M4_T_le_v4SPD16_eabi.lib : _printfi.c.obj (.text:_pconv_g)
                  000038f8    000001b6                                   : fd_add_t2.asm.obj (.text)
                  00003aae    00000002                                   : div0.asm.obj (.text)
                  00003ab0    00000188     uart_extra_help.obj (.text)
                  00003c38    00000158     rtsv7M4_T_le_v4SPD16_eabi.lib : e_sqrt.c.obj (.text:sqrt)
                  00003d90    0000014c     Our_Functions.obj (.text)
                  00003edc    0000013c     rtsv7M4_T_le_v4SPD16_eabi.lib : _printfi.c.obj (.text:_pconv_e)
                  00004018    00000136                                   : fd_div_t2.asm.obj (.text)
                  0000414e    00000002     --HOLE-- [fill = 0]
                  00004150    00000124                                   : _printfi.c.obj (.text:fcvt)
                  00004274    00000110     button.obj (.text)
                  00004384    00000110     rtsv7M4_T_le_v4SPD16_eabi.lib : s_scalbn.c.obj (.text:scalbn)
                  00004494    00000100                                   : memory.c.obj (.text:aligned_alloc)
                  00004594    000000fc                                   : fd_mul_t2.asm.obj (.text)
                  00004690    000000f8                                   : s_floor.c.obj (.text:floor)
                  00004788    000000e4                                   : memory.c.obj (.text:free)
                  0000486c    000000c8     adc.obj (.text)
                  00004934    000000c4     rtsv7M4_T_le_v4SPD16_eabi.lib : s_round.c.obj (.text:round)
                  000049f8    000000b1                                   : _printfi.c.obj (.text:_ltostr)
                  00004aa9    00000001     --HOLE-- [fill = 0]
                  00004aaa    0000009c                                   : memcpy_t2.asm.obj (.text)
                  00004b46    00000096                                   : ull_div_t2.asm.obj (.text)
                  00004bdc    00000086                                   : fd_cmp_t2.asm.obj (.text:__aeabi_cdcmple)
                  00004c62    00000086                                   : fd_cmp_t2.asm.obj (.text:__aeabi_cdrcmple)
                  00004ce8    0000007a                                   : memset_t2.asm.obj (.text)
                  00004d62    00000002     --HOLE-- [fill = 0]
                  00004d64    00000070                                   : memory.c.obj (.text:split)
                  00004dd4    0000006e                                   : _printfi.c.obj (.text:_mcpy)
                  00004e42    0000006e                                   : fd_tos_t2.asm.obj (.text)
                  00004eb0    00000068                                   : copy_decompress_lzss.c.obj (.text:decompress:lzss:__TI_decompress_lzss)
                  00004f18    00000064                                   : s_frexp.c.obj (.text:frexp)
                  00004f7c    00000056                                   : _printfi.c.obj (.text:_pconv_f)
                  00004fd2    00000054                                   : _ltoa.c.obj (.text:__TI_ltoa)
                  00005026    00000052                                   : _printfi.c.obj (.text:_ecpy)
                  00005078    0000004c                                   : atoi.c.obj (.text:atoi)
                  000050c4    00000048                                   : fd_toi_t2.asm.obj (.text)
                  0000510c    00000044                                   : autoinit.c.obj (.text:__TI_auto_init_nobinit_nopinit:__TI_auto_init_nobinit_nopinit)
                  00005150    00000044                                   : fd_tou_t2.asm.obj (.text)
                  00005194    00000040                                   : vsnprintf.c.obj (.text:vsnprintf)
                  000051d4    0000003e                                   : _printfi.c.obj (.text:_fcpy)
                  00005212    00000002     --HOLE-- [fill = 0]
                  00005214    00000038                                   : memory.c.obj (.text:calloc)
                  0000524c    00000038                                   : fs_tod_t2.asm.obj (.text)
                  00005284    00000034     driverlib.lib : interrupt.obj (.text:IntRegister)
                  000052b8    00000034     rtsv7M4_T_le_v4SPD16_eabi.lib : boot_cortex_m.c.obj (.text:_c_int00_noargs:_c_int00_noargs)
                  000052ec    00000030                                   : vsnprintf.c.obj (.text:_outs)
                  0000531c    0000002e                                   : i_tofd_t2.asm.obj (.text)
                  0000534a    00000002     --HOLE-- [fill = 0]
                  0000534c    00000028                                   : memory.c.obj (.text:free_list_insert)
                  00005374    00000020                                   : u_tofd_t2.asm.obj (.text)
                  00005394    0000001c                                   : memory.c.obj (.text:free_list_remove)
                  000053b0    0000001c                                   : memccpy.c.obj (.text:memccpy)
                  000053cc    0000001a                                   : s_copysign.c.obj (.text:copysign)
                  000053e6    00000018                                   : vsnprintf.c.obj (.text:_outc)
                  000053fe    00000018     open_interface.obj (.text:oi_parseInt)
                  00005416    00000018     rtsv7M4_T_le_v4SPD16_eabi.lib : strcmp.c.obj (.text:strcmp)
                  0000542e    00000016                                   : strchr.c.obj (.text:strchr)
                  00005444    00000014                                   : strcpy.c.obj (.text:strcpy)
                  00005458    00000014                                   : strlen.c.obj (.text:strlen)
                  0000546c    00000012                                   : wcslen.c.obj (.text:wcslen)
                  0000547e    00000010     driverlib.lib : interrupt.obj (.text:IntMasterEnable)
                  0000548e    00000010     lcd.obj (.text:lcd_clear)
                  0000549e    0000000e     rtsv7M4_T_le_v4SPD16_eabi.lib : copy_decompress_none.c.obj (.text:decompress:none:__TI_decompress_none)
                  000054ac    0000000c     driverlib.lib : cpu.obj (.text:CPUcpsie)
                  000054b8    0000000c     rtsv7M4_T_le_v4SPD16_eabi.lib : copy_zero_init.c.obj (.text:decompress:ZI:__TI_zero_init)
                  000054c4    0000000c     tm4c123gh6pm_startup_ccs.obj (.text)
                  000054d0    00000008     rtsv7M4_T_le_v4SPD16_eabi.lib : errno.c.obj (.text:__aeabi_errno_addr)
                  000054d8    00000008                                   : memory.c.obj (.text:malloc)
                  000054e0    00000004                                   : pre_init.c.obj (.text:_system_pre_init)
                  000054e4    00000004                                   : exit.c.obj (.text:abort:abort)

.const     0    000054e8    0000014b     
                  000054e8    00000101     rtsv7M4_T_le_v4SPD16_eabi.lib : ctype.c.obj (.const:.string:_ctypes_)
                  000055e9    00000004     lcd.obj (.const:.string:lineAddress$1)
                  000055ed    00000003     --HOLE-- [fill = 0]
                  000055f0    00000030     rtsv7M4_T_le_v4SPD16_eabi.lib : e_pow.c.obj (.const:$O1$$)
                  00005620    0000000f     open_interface.obj (.const:.string:$P$T0$3)
                  0000562f    00000004     lcd.obj (.const:.string:lineAddresses$2)

.cinit     0    00005638    00000060     
                  00005638    0000002c     (.cinit..data.load) [load image, compression = lzss]
                  00005664    0000000c     (__TI_handler_table)
                  00005670    00000008     (.cinit..bss.load) [load image, compression = zero_init]
                  00005678    00000008     (.cinit..vtable.load) [load image, compression = zero_init]
                  00005680    00000018     (__TI_cinit_table)

.init_array 
*          0    00000000    00000000     UNINITIALIZED

.vtable    0    20000000    0000026c     UNINITIALIZED
                  20000000    0000026c     driverlib.lib : interrupt.obj (.vtable)

.stack     0    20000270    00000800     UNINITIALIZED
                  20000270    00000004     rtsv7M4_T_le_v4SPD16_eabi.lib : boot_cortex_m.c.obj (.stack)
                  20000274    000007fc     --HOLE--

.bss       0    20000a70    000004c8     UNINITIALIZED
                  20000a70    00000444     servo.obj (.bss:dataarray$1)
                  20000eb4    00000054     lcd.obj (.bss:lastbuffer$3)
                  20000f08    00000018     open_interface.obj (.bss:firmware$2)
                  20000f20    00000004     (.common:_timeout_ticks)
                  20000f24    00000004     (.common:button_event)
                  20000f28    00000004     (.common:button_num)
                  20000f2c    00000004     (.common:edgetime)
                  20000f30    00000004     (.common:fallingedge)
                  20000f34    00000004     (.common:risingedge)

.sysmem    0    20000f38    00000400     UNINITIALIZED
                  20000f38    00000010     rtsv7M4_T_le_v4SPD16_eabi.lib : memory.c.obj (.sysmem)
                  20000f48    000003f0     --HOLE--

.data      0    20001338    00000060     UNINITIALIZED
                  20001338    00000020     open_interface.obj (.data)
                  20001358    00000014     ping.obj (.data)
                  2000136c    0000000c     servo.obj (.data)
                  20001378    00000008     rtsv7M4_T_le_v4SPD16_eabi.lib : _lock.c.obj (.data:$O1$$)
                  20001380    00000008                                   : memory.c.obj (.data:$O1$$)
                  20001388    00000008     main.obj (.data)
                  20001390    00000004     rtsv7M4_T_le_v4SPD16_eabi.lib : errno.c.obj (.data)
                  20001394    00000002     uart_extra_help.obj (.data)
                  20001396    00000001     Timer.obj (.data)
                  20001397    00000001     button.obj (.data)

__llvm_prf_cnts 
*          0    20000000    00000000     UNINITIALIZED

MODULE SUMMARY

       Module                         code    ro data   rw data
       ------                         ----    -------   -------
    .\
       open_interface.obj             3128    15        56     
       servo.obj                      816     0         1116   
       movement.obj                   1412    0         0      
       lcd.obj                        824     8         84     
       tm4c123gh6pm_startup_ccs.obj   12      620       0      
       Timer.obj                      584     0         5      
       ping.obj                       516     0         20     
       main.obj                       484     0         8      
       uart_extra_help.obj            392     0         2      
       Our_Functions.obj              332     0         0      
       button.obj                     272     0         9      
       adc.obj                        200     0         0      
    +--+------------------------------+-------+---------+---------+
       Total:                         8972    643       1300   
                                                               
    C:/ti/TivaWare_C_Series-2.2.0.295/driverlib/ccs/Debug/driverlib.lib
       interrupt.obj                  68      0         620    
       cpu.obj                        12      0         0      
    +--+------------------------------+-------+---------+---------+
       Total:                         80      0         620    
                                                               
    C:\ti\ccs1200\ccs\tools\compiler\ti-cgt-arm_20.2.6.LTS\lib\rtsv7M4_T_le_v4SPD16_eabi.lib
       _printfi.c.obj                 4851    0         0      
       e_pow.c.obj                    2512    48        0      
       memory.c.obj                   728     0         8      
       fd_add_t2.asm.obj              438     0         0      
       e_sqrt.c.obj                   344     0         0      
       fd_div_t2.asm.obj              310     0         0      
       s_scalbn.c.obj                 272     0         0      
       fd_cmp_t2.asm.obj              268     0         0      
       ctype.c.obj                    0       257       0      
       fd_mul_t2.asm.obj              252     0         0      
       s_floor.c.obj                  248     0         0      
       s_round.c.obj                  196     0         0      
       memcpy_t2.asm.obj              156     0         0      
       ull_div_t2.asm.obj             150     0         0      
       vsnprintf.c.obj                136     0         0      
       memset_t2.asm.obj              122     0         0      
       fd_tos_t2.asm.obj              110     0         0      
       copy_decompress_lzss.c.obj     104     0         0      
       s_frexp.c.obj                  100     0         0      
       _ltoa.c.obj                    84      0         0      
       atoi.c.obj                     76      0         0      
       fd_toi_t2.asm.obj              72      0         0      
       autoinit.c.obj                 68      0         0      
       fd_tou_t2.asm.obj              68      0         0      
       fs_tod_t2.asm.obj              56      0         0      
       boot_cortex_m.c.obj            52      0         0      
       i_tofd_t2.asm.obj              46      0         0      
       u_tofd_t2.asm.obj              32      0         0      
       memccpy.c.obj                  28      0         0      
       s_copysign.c.obj               26      0         0      
       strcmp.c.obj                   24      0         0      
       strchr.c.obj                   22      0         0      
       strcpy.c.obj                   20      0         0      
       strlen.c.obj                   20      0         0      
       wcslen.c.obj                   18      0         0      
       copy_decompress_none.c.obj     14      0         0      
       copy_zero_init.c.obj           12      0         0      
       errno.c.obj                    8       0         4      
       _lock.c.obj                    2       0         8      
       exit.c.obj                     4       0         0      
       pre_init.c.obj                 4       0         0      
       div0.asm.obj                   2       0         0      
    +--+------------------------------+-------+---------+---------+
       Total:                         12055   305       20     
                                                               
       Heap:                          0       0         1024   
       Stack:                         0       0         2048   
       Linker Generated:              0       96        0      
    +--+------------------------------+-------+---------+---------+
       Grand Total:                   21107   1044      5012   


LINKER GENERATED COPY TABLES

__TI_cinit_table @ 00005680 records: 3, size/record: 8, table size: 24
	.data: load addr=00005638, load size=0000002c bytes, run addr=20001338, run size=00000060 bytes, compression=lzss
	.bss: load addr=00005670, load size=00000008 bytes, run addr=20000a70, run size=000004c8 bytes, compression=zero_init
	.vtable: load addr=00005678, load size=00000008 bytes, run addr=20000000, run size=0000026c bytes, compression=zero_init


LINKER GENERATED HANDLER TABLE

__TI_handler_table @ 00005664 records: 3, size/record: 4, table size: 12
	index: 0, handler: __TI_zero_init
	index: 1, handler: __TI_decompress_lzss
	index: 2, handler: __TI_decompress_none


GLOBAL SYMBOLS: SORTED ALPHABETICALLY BY Name 

address   name                          
-------   ----                          
000054e5  C$$EXIT                       
000054ad  CPUcpsie                      
00000bc3  GPIOF_Handler                 
0000547f  IntMasterEnable               
00005285  IntRegister                   
00002673  Perp2Hole                     
000025a5  Perp2Tape                     
00003e6f  Raw2dist                      
000054c5  ResetISR                      
00002987  ScanVals                      
00002701  TapeDrive                     
000034c5  Timer3_handler                
20001370  Val_0                         
2000136c  Val_180                       
20000a70  __STACK_END                   
00000800  __STACK_SIZE                  
20000470  __STACK_TOP                   
00000400  __SYSMEM_SIZE                 
00005680  __TI_CINIT_Base               
00005698  __TI_CINIT_Limit              
00005664  __TI_Handler_Table_Base       
00005670  __TI_Handler_Table_Limit      
0000510d  __TI_auto_init_nobinit_nopinit
00004eb1  __TI_decompress_lzss          
0000549f  __TI_decompress_none          
00004fd3  __TI_ltoa                     
ffffffff  __TI_pprof_out_hndl           
00000e8d  __TI_printfi                  
ffffffff  __TI_prof_data_size           
ffffffff  __TI_prof_data_start          
00000000  __TI_static_base__            
000054b9  __TI_zero_init                
00004bdd  __aeabi_cdcmpeq               
00004bdd  __aeabi_cdcmple               
00004c63  __aeabi_cdrcmple              
00004e43  __aeabi_d2f                   
000050c5  __aeabi_d2iz                  
00005151  __aeabi_d2uiz                 
00003903  __aeabi_dadd                  
00004019  __aeabi_ddiv                  
00004595  __aeabi_dmul                  
000038f9  __aeabi_dsub                  
000054d1  __aeabi_errno_addr            
0000524d  __aeabi_f2d                   
0000531d  __aeabi_i2d                   
00003aaf  __aeabi_idiv0                 
00003aaf  __aeabi_ldiv0                 
00004ce9  __aeabi_memclr                
00004ce9  __aeabi_memclr4               
00004ce9  __aeabi_memclr8               
00004aab  __aeabi_memcpy                
00004aab  __aeabi_memcpy4               
00004aab  __aeabi_memcpy8               
00004ceb  __aeabi_memset                
00004ceb  __aeabi_memset4               
00004ceb  __aeabi_memset8               
00005375  __aeabi_ui2d                  
00004b47  __aeabi_uldivmod              
ffffffff  __binit__                     
ffffffff  __c_args__                    
UNDEFED   __mpu_init                    
20000270  __stack                       
20000000  __start___llvm_prf_cnts       
20000000  __stop___llvm_prf_cnts        
000052b9  _c_int00_noargs               
000054e8  _ctypes_                      
20001378  _lock                         
000018db  _nop                          
20001396  _running                      
20000f38  _sys_memory                   
UNDEFED   _system_post_cinit            
000054e1  _system_pre_init              
20000f20  _timeout_ticks                
2000137c  _unlock                       
000054e5  abort                         
0000486d  adc_init                      
000048d5  adc_read                      
00004495  aligned_alloc                 
00005079  atoi                          
ffffffff  binit                         
20000f24  button_event                  
000042fd  button_getButton              
00004275  button_init                   
20000f28  button_num                    
00005215  calloc                        
000053cd  copysign                      
000053cd  copysignl                     
20001388  dist_travelled                
20001364  edge                          
20000f2c  edgetime                      
20001390  errno                         
20001360  fallingEdge                   
20000f30  fallingedge                   
20001358  flag                          
00004691  floor                         
00004691  floorl                        
00004789  free                          
00004f19  frexp                         
00004f19  frexpl                        
20000000  g_pfnRAMVectors               
00000000  g_pfnVectors                  
0000097f  go_charge                     
000042e5  gpioe_handler                 
00002561  hasBumpedLeft                 
0000257b  hasBumpedRight                
000042a1  init_button_interrupts        
00003d91  int2char                      
0000548f  lcd_clear                     
00002d35  lcd_gotoLine                  
00002b9d  lcd_init                      
00002d9b  lcd_printf                    
00002c5d  lcd_putc                      
00002c95  lcd_puts                      
00002b61  lcd_reverseNibble             
00002cb3  lcd_sendCommand               
00002cf1  lcd_sendNibble                
00002d5d  lcd_setCursorPos              
00004385  ldexp                         
00004385  ldexpl                        
000036a1  main                          
000054d9  malloc                        
00004495  memalign                      
000053b1  memccpy                       
00004aab  memcpy                        
00004cf1  memset                        
20001338  motor_cal_factor_L            
2000133c  motor_cal_factor_R            
0000231b  move_backward                 
000022ad  move_forward                  
000024b1  move_until_bump               
0000026d  oi_alloc                      
00000aa9  oi_checkFirmware              
000002c7  oi_close                      
00000279  oi_free                       
00000ded  oi_getMotorCalibrationLeft    
00000e01  oi_getMotorCalibrationRight   
000002b1  oi_init                       
00000289  oi_init_noupdate              
00000915  oi_loadSong                   
000053ff  oi_parseInt                   
0000032b  oi_parsePacket                
0000096b  oi_play_song                  
0000084b  oi_setLeds                    
00000db1  oi_setMotorCalibration        
0000088f  oi_setWheels                  
00000b51  oi_shutoff_init               
0000098d  oi_uartInit                   
00000a31  oi_uartReceive                
00000a77  oi_uartSendBuff               
00000a15  oi_uartSendChar               
00000a59  oi_uartSendStr                
000002d9  oi_update                     
20001368  overflow_count                
00003545  perp_to_edge                  
00003341  ping_init                     
00003415  ping_interrupt_handler        
00003465  ping_read                     
000018dd  pow                           
000018dd  powl                          
2000135c  risingEdge                    
20000f34  risingedge                    
00004935  round                         
00004935  roundl                        
00004385  scalbn                        
00004385  scalbnl                       
00002831  servo_init                    
000028dd  servo_move                    
20001374  servo_period                  
00002911  servo_rotate                  
00003c39  sqrt                          
00003c39  sqrtl                         
0000542f  strchr                        
00005417  strcmp                        
00005445  strcpy                        
00005459  strlen                        
00003217  timer_getMicros               
000031bf  timer_getMillis               
000030f9  timer_init                    
0000319b  timer_pause                   
000031ad  timer_resume                  
00003171  timer_stop                    
00003271  timer_waitMicros              
000032a3  timer_waitMillis              
00002395  turn_clockwise                
00002423  turn_counterclockwise         
20001395  uart_data                     
20001394  uart_flag                     
00003ab1  uart_init                     
00003bbb  uart_interrupt_handler        
00003b9b  uart_interrupt_init           
00003b5d  uart_receive                  
00003b41  uart_sendChar                 
00003b7d  uart_sendStr                  
00005195  vsnprintf                     
0000546d  wcslen                        


GLOBAL SYMBOLS: SORTED BY Symbol Address 

address   name                          
-------   ----                          
00000000  __TI_static_base__            
00000000  g_pfnVectors                  
0000026d  oi_alloc                      
00000279  oi_free                       
00000289  oi_init_noupdate              
000002b1  oi_init                       
000002c7  oi_close                      
000002d9  oi_update                     
0000032b  oi_parsePacket                
00000400  __SYSMEM_SIZE                 
00000800  __STACK_SIZE                  
0000084b  oi_setLeds                    
0000088f  oi_setWheels                  
00000915  oi_loadSong                   
0000096b  oi_play_song                  
0000097f  go_charge                     
0000098d  oi_uartInit                   
00000a15  oi_uartSendChar               
00000a31  oi_uartReceive                
00000a59  oi_uartSendStr                
00000a77  oi_uartSendBuff               
00000aa9  oi_checkFirmware              
00000b51  oi_shutoff_init               
00000bc3  GPIOF_Handler                 
00000db1  oi_setMotorCalibration        
00000ded  oi_getMotorCalibrationLeft    
00000e01  oi_getMotorCalibrationRight   
00000e8d  __TI_printfi                  
000018db  _nop                          
000018dd  pow                           
000018dd  powl                          
000022ad  move_forward                  
0000231b  move_backward                 
00002395  turn_clockwise                
00002423  turn_counterclockwise         
000024b1  move_until_bump               
00002561  hasBumpedLeft                 
0000257b  hasBumpedRight                
000025a5  Perp2Tape                     
00002673  Perp2Hole                     
00002701  TapeDrive                     
00002831  servo_init                    
000028dd  servo_move                    
00002911  servo_rotate                  
00002987  ScanVals                      
00002b61  lcd_reverseNibble             
00002b9d  lcd_init                      
00002c5d  lcd_putc                      
00002c95  lcd_puts                      
00002cb3  lcd_sendCommand               
00002cf1  lcd_sendNibble                
00002d35  lcd_gotoLine                  
00002d5d  lcd_setCursorPos              
00002d9b  lcd_printf                    
000030f9  timer_init                    
00003171  timer_stop                    
0000319b  timer_pause                   
000031ad  timer_resume                  
000031bf  timer_getMillis               
00003217  timer_getMicros               
00003271  timer_waitMicros              
000032a3  timer_waitMillis              
00003341  ping_init                     
00003415  ping_interrupt_handler        
00003465  ping_read                     
000034c5  Timer3_handler                
00003545  perp_to_edge                  
000036a1  main                          
000038f9  __aeabi_dsub                  
00003903  __aeabi_dadd                  
00003aaf  __aeabi_idiv0                 
00003aaf  __aeabi_ldiv0                 
00003ab1  uart_init                     
00003b41  uart_sendChar                 
00003b5d  uart_receive                  
00003b7d  uart_sendStr                  
00003b9b  uart_interrupt_init           
00003bbb  uart_interrupt_handler        
00003c39  sqrt                          
00003c39  sqrtl                         
00003d91  int2char                      
00003e6f  Raw2dist                      
00004019  __aeabi_ddiv                  
00004275  button_init                   
000042a1  init_button_interrupts        
000042e5  gpioe_handler                 
000042fd  button_getButton              
00004385  ldexp                         
00004385  ldexpl                        
00004385  scalbn                        
00004385  scalbnl                       
00004495  aligned_alloc                 
00004495  memalign                      
00004595  __aeabi_dmul                  
00004691  floor                         
00004691  floorl                        
00004789  free                          
0000486d  adc_init                      
000048d5  adc_read                      
00004935  round                         
00004935  roundl                        
00004aab  __aeabi_memcpy                
00004aab  __aeabi_memcpy4               
00004aab  __aeabi_memcpy8               
00004aab  memcpy                        
00004b47  __aeabi_uldivmod              
00004bdd  __aeabi_cdcmpeq               
00004bdd  __aeabi_cdcmple               
00004c63  __aeabi_cdrcmple              
00004ce9  __aeabi_memclr                
00004ce9  __aeabi_memclr4               
00004ce9  __aeabi_memclr8               
00004ceb  __aeabi_memset                
00004ceb  __aeabi_memset4               
00004ceb  __aeabi_memset8               
00004cf1  memset                        
00004e43  __aeabi_d2f                   
00004eb1  __TI_decompress_lzss          
00004f19  frexp                         
00004f19  frexpl                        
00004fd3  __TI_ltoa                     
00005079  atoi                          
000050c5  __aeabi_d2iz                  
0000510d  __TI_auto_init_nobinit_nopinit
00005151  __aeabi_d2uiz                 
00005195  vsnprintf                     
00005215  calloc                        
0000524d  __aeabi_f2d                   
00005285  IntRegister                   
000052b9  _c_int00_noargs               
0000531d  __aeabi_i2d                   
00005375  __aeabi_ui2d                  
000053b1  memccpy                       
000053cd  copysign                      
000053cd  copysignl                     
000053ff  oi_parseInt                   
00005417  strcmp                        
0000542f  strchr                        
00005445  strcpy                        
00005459  strlen                        
0000546d  wcslen                        
0000547f  IntMasterEnable               
0000548f  lcd_clear                     
0000549f  __TI_decompress_none          
000054ad  CPUcpsie                      
000054b9  __TI_zero_init                
000054c5  ResetISR                      
000054d1  __aeabi_errno_addr            
000054d9  malloc                        
000054e1  _system_pre_init              
000054e5  C$$EXIT                       
000054e5  abort                         
000054e8  _ctypes_                      
00005664  __TI_Handler_Table_Base       
00005670  __TI_Handler_Table_Limit      
00005680  __TI_CINIT_Base               
00005698  __TI_CINIT_Limit              
20000000  __start___llvm_prf_cnts       
20000000  __stop___llvm_prf_cnts        
20000000  g_pfnRAMVectors               
20000270  __stack                       
20000470  __STACK_TOP                   
20000a70  __STACK_END                   
20000f20  _timeout_ticks                
20000f24  button_event                  
20000f28  button_num                    
20000f2c  edgetime                      
20000f30  fallingedge                   
20000f34  risingedge                    
20000f38  _sys_memory                   
20001338  motor_cal_factor_L            
2000133c  motor_cal_factor_R            
20001358  flag                          
2000135c  risingEdge                    
20001360  fallingEdge                   
20001364  edge                          
20001368  overflow_count                
2000136c  Val_180                       
20001370  Val_0                         
20001374  servo_period                  
20001378  _lock                         
2000137c  _unlock                       
20001388  dist_travelled                
20001390  errno                         
20001394  uart_flag                     
20001395  uart_data                     
20001396  _running                      
ffffffff  __TI_pprof_out_hndl           
ffffffff  __TI_prof_data_size           
ffffffff  __TI_prof_data_start          
ffffffff  __binit__                     
ffffffff  __c_args__                    
ffffffff  binit                         
UNDEFED   __mpu_init                    
UNDEFED   _system_post_cinit            

[195 symbols]
