******************************************************************************
                  TI ARM Linker PC v20.2.6                     
******************************************************************************
>> Linked Fri Dec  2 22:19:54 2022

OUTPUT FILE NAME:   <Final_Project.out>
ENTRY POINT SYMBOL: "_c_int00_noargs"  address: 00004eb9


MEMORY CONFIGURATION

         name            origin    length      used     unused   attr    fill
----------------------  --------  ---------  --------  --------  ----  --------
  FLASH                 00000000   00040000  000052a3  0003ad5d  R  X
  SRAM                  20000000   00008000  00001397  00006c69  RW X


SEGMENT ALLOCATION MAP

run origin  load origin   length   init length attrs members
----------  ----------- ---------- ----------- ----- -------
00000000    00000000    000052a8   000052a8    r-x
  00000000    00000000    0000026c   0000026c    r-- .intvecs
  0000026c    0000026c    00004e7c   00004e7c    r-x .text
  000050e8    000050e8    0000014b   0000014b    r-- .const
  00005238    00005238    00000070   00000070    r-- .cinit
20000000    20000000    0000139f   00000000    rw-
  20000000    20000000    0000026c   00000000    rw- .vtable
  20000270    20000270    00000800   00000000    rw- .stack
  20000a70    20000a70    000004c4   00000000    rw- .bss
  20000f38    20000f38    00000400   00000000    rw- .sysmem
  20001338    20001338    00000067   00000000    rw- .data


SECTION ALLOCATION MAP

 output                                  attributes/
section   page    origin      length       input sections
--------  ----  ----------  ----------   ----------------
.intvecs   0    00000000    0000026c     
                  00000000    0000026c     tm4c123gh6pm_startup_ccs.obj (.intvecs)

.text      0    0000026c    00004e7c     
                  0000026c    00000c20     open_interface.obj (.text)
                  00000e8c    00000a4e     rtsv7M4_T_le_v4SPD16_eabi.lib : _printfi.c.obj (.text:__TI_printfi)
                  000018da    00000002                                   : _lock.c.obj (.text:_nop)
                  000018dc    000009d0                                   : e_pow.c.obj (.text:pow)
                  000022ac    000003bc     calibration.obj (.text)
                  00002668    00000328     lcd.obj (.text)
                  00002990    000002ec     servo.obj (.text)
                  00002c7c    000002cc     ping.obj (.text)
                  00002f48    00000270     rtsv7M4_T_le_v4SPD16_eabi.lib : _printfi.c.obj (.text:_pconv_a)
                  000031b8    00000248     Timer.obj (.text)
                  00003400    000001d0     rtsv7M4_T_le_v4SPD16_eabi.lib : _printfi.c.obj (.text:_pconv_g)
                  000035d0    000001b6                                   : fd_add_t2.asm.obj (.text)
                  00003786    00000002                                   : div0.asm.obj (.text)
                  00003788    00000188     uart_extra_help.obj (.text)
                  00003910    00000158     rtsv7M4_T_le_v4SPD16_eabi.lib : e_sqrt.c.obj (.text:sqrt)
                  00003a68    0000014c     Our_Functions.obj (.text)
                  00003bb4    0000013c     rtsv7M4_T_le_v4SPD16_eabi.lib : _printfi.c.obj (.text:_pconv_e)
                  00003cf0    00000136                                   : fd_div_t2.asm.obj (.text)
                  00003e26    00000002     --HOLE-- [fill = 0]
                  00003e28    00000124                                   : _printfi.c.obj (.text:fcvt)
                  00003f4c    00000110                                   : s_scalbn.c.obj (.text:scalbn)
                  0000405c    00000100                                   : memory.c.obj (.text:aligned_alloc)
                  0000415c    000000fc                                   : fd_mul_t2.asm.obj (.text)
                  00004258    000000f8                                   : s_floor.c.obj (.text:floor)
                  00004350    000000e4                                   : memory.c.obj (.text:free)
                  00004434    000000c8     adc.obj (.text)
                  000044fc    000000c4     rtsv7M4_T_le_v4SPD16_eabi.lib : s_round.c.obj (.text:round)
                  000045c0    000000b1                                   : _printfi.c.obj (.text:_ltostr)
                  00004671    00000001     --HOLE-- [fill = 0]
                  00004672    0000009c                                   : memcpy_t2.asm.obj (.text)
                  0000470e    00000096                                   : ull_div_t2.asm.obj (.text)
                  000047a4    00000086                                   : fd_cmp_t2.asm.obj (.text:__aeabi_cdcmple)
                  0000482a    00000086                                   : fd_cmp_t2.asm.obj (.text:__aeabi_cdrcmple)
                  000048b0    0000007a                                   : memset_t2.asm.obj (.text)
                  0000492a    00000002     --HOLE-- [fill = 0]
                  0000492c    00000070                                   : memory.c.obj (.text:split)
                  0000499c    0000006e                                   : _printfi.c.obj (.text:_mcpy)
                  00004a0a    0000006e                                   : fd_tos_t2.asm.obj (.text)
                  00004a78    00000068                                   : copy_decompress_lzss.c.obj (.text:decompress:lzss:__TI_decompress_lzss)
                  00004ae0    00000064                                   : s_frexp.c.obj (.text:frexp)
                  00004b44    00000056                                   : _printfi.c.obj (.text:_pconv_f)
                  00004b9a    00000054                                   : _ltoa.c.obj (.text:__TI_ltoa)
                  00004bee    00000052                                   : _printfi.c.obj (.text:_ecpy)
                  00004c40    0000004c                                   : atoi.c.obj (.text:atoi)
                  00004c8c    00000048                                   : fd_toi_t2.asm.obj (.text)
                  00004cd4    00000044                                   : autoinit.c.obj (.text:__TI_auto_init_nobinit_nopinit:__TI_auto_init_nobinit_nopinit)
                  00004d18    00000044                                   : fd_tou_t2.asm.obj (.text)
                  00004d5c    00000040                                   : vsnprintf.c.obj (.text:vsnprintf)
                  00004d9c    0000003e                                   : _printfi.c.obj (.text:_fcpy)
                  00004dda    0000003a     main.obj (.text)
                  00004e14    00000038     rtsv7M4_T_le_v4SPD16_eabi.lib : memory.c.obj (.text:calloc)
                  00004e4c    00000038                                   : fs_tod_t2.asm.obj (.text)
                  00004e84    00000034     driverlib.lib : interrupt.obj (.text:IntRegister)
                  00004eb8    00000034     rtsv7M4_T_le_v4SPD16_eabi.lib : boot_cortex_m.c.obj (.text:_c_int00_noargs:_c_int00_noargs)
                  00004eec    00000030                                   : vsnprintf.c.obj (.text:_outs)
                  00004f1c    0000002e                                   : i_tofd_t2.asm.obj (.text)
                  00004f4a    00000002     --HOLE-- [fill = 0]
                  00004f4c    00000028                                   : memory.c.obj (.text:free_list_insert)
                  00004f74    00000020                                   : u_tofd_t2.asm.obj (.text)
                  00004f94    0000001c                                   : memory.c.obj (.text:free_list_remove)
                  00004fb0    0000001c                                   : memccpy.c.obj (.text:memccpy)
                  00004fcc    0000001a                                   : s_copysign.c.obj (.text:copysign)
                  00004fe6    00000018                                   : vsnprintf.c.obj (.text:_outc)
                  00004ffe    00000018     open_interface.obj (.text:oi_parseInt)
                  00005016    00000018     rtsv7M4_T_le_v4SPD16_eabi.lib : strcmp.c.obj (.text:strcmp)
                  0000502e    00000016                                   : strchr.c.obj (.text:strchr)
                  00005044    00000014                                   : strcpy.c.obj (.text:strcpy)
                  00005058    00000014                                   : strlen.c.obj (.text:strlen)
                  0000506c    00000012                                   : wcslen.c.obj (.text:wcslen)
                  0000507e    00000010     driverlib.lib : interrupt.obj (.text:IntMasterEnable)
                  0000508e    00000010     lcd.obj (.text:lcd_clear)
                  0000509e    0000000e     rtsv7M4_T_le_v4SPD16_eabi.lib : copy_decompress_none.c.obj (.text:decompress:none:__TI_decompress_none)
                  000050ac    0000000c     driverlib.lib : cpu.obj (.text:CPUcpsie)
                  000050b8    0000000c     rtsv7M4_T_le_v4SPD16_eabi.lib : copy_zero_init.c.obj (.text:decompress:ZI:__TI_zero_init)
                  000050c4    0000000c     tm4c123gh6pm_startup_ccs.obj (.text)
                  000050d0    00000008     rtsv7M4_T_le_v4SPD16_eabi.lib : errno.c.obj (.text:__aeabi_errno_addr)
                  000050d8    00000008                                   : memory.c.obj (.text:malloc)
                  000050e0    00000004                                   : pre_init.c.obj (.text:_system_pre_init)
                  000050e4    00000004                                   : exit.c.obj (.text:abort:abort)

.const     0    000050e8    0000014b     
                  000050e8    00000101     rtsv7M4_T_le_v4SPD16_eabi.lib : ctype.c.obj (.const:.string:_ctypes_)
                  000051e9    00000004     lcd.obj (.const:.string:lineAddress$1)
                  000051ed    00000003     --HOLE-- [fill = 0]
                  000051f0    00000030     rtsv7M4_T_le_v4SPD16_eabi.lib : e_pow.c.obj (.const:$O1$$)
                  00005220    0000000f     open_interface.obj (.const:.string:$P$T0$3)
                  0000522f    00000004     lcd.obj (.const:.string:lineAddresses$2)

.cinit     0    00005238    00000070     
                  00005238    0000003b     (.cinit..data.load) [load image, compression = lzss]
                  00005273    00000001     --HOLE-- [fill = 0]
                  00005274    0000000c     (__TI_handler_table)
                  00005280    00000008     (.cinit..bss.load) [load image, compression = zero_init]
                  00005288    00000008     (.cinit..vtable.load) [load image, compression = zero_init]
                  00005290    00000018     (__TI_cinit_table)

.init_array 
*          0    00000000    00000000     UNINITIALIZED

.vtable    0    20000000    0000026c     UNINITIALIZED
                  20000000    0000026c     driverlib.lib : interrupt.obj (.vtable)

.stack     0    20000270    00000800     UNINITIALIZED
                  20000270    00000004     rtsv7M4_T_le_v4SPD16_eabi.lib : boot_cortex_m.c.obj (.stack)
                  20000274    000007fc     --HOLE--

.bss       0    20000a70    000004c4     UNINITIALIZED
                  20000a70    00000444     servo.obj (.bss:dataarray$1)
                  20000eb4    00000054     lcd.obj (.bss:lastbuffer$3)
                  20000f08    00000018     open_interface.obj (.bss:firmware$2)
                  20000f20    00000004     (.common:_timeout_ticks)
                  20000f24    00000004     (.common:edge)
                  20000f28    00000004     (.common:edgetime)
                  20000f2c    00000004     (.common:fallingedge)
                  20000f30    00000004     (.common:risingedge)

.sysmem    0    20000f38    00000400     UNINITIALIZED
                  20000f38    00000010     rtsv7M4_T_le_v4SPD16_eabi.lib : memory.c.obj (.sysmem)
                  20000f48    000003f0     --HOLE--

.data      0    20001338    00000067     UNINITIALIZED
                  20001338    00000020     open_interface.obj (.data)
                  20001358    00000014     calibration.obj (.data)
                  2000136c    00000010     ping.obj (.data)
                  2000137c    0000000c     servo.obj (.data)
                  20001388    00000008     rtsv7M4_T_le_v4SPD16_eabi.lib : _lock.c.obj (.data:$O1$$)
                  20001390    00000008                                   : memory.c.obj (.data:$O1$$)
                  20001398    00000004                                   : errno.c.obj (.data)
                  2000139c    00000002     uart_extra_help.obj (.data)
                  2000139e    00000001     Timer.obj (.data)

__llvm_prf_cnts 
*          0    20000000    00000000     UNINITIALIZED

MODULE SUMMARY

       Module                         code    ro data   rw data
       ------                         ----    -------   -------
    .\
       open_interface.obj             3128    15        56     
       servo.obj                      748     0         1116   
       calibration.obj                956     0         20     
       lcd.obj                        824     8         84     
       ping.obj                       716     0         16     
       tm4c123gh6pm_startup_ccs.obj   12      620       0      
       Timer.obj                      584     0         5      
       uart_extra_help.obj            392     0         2      
       Our_Functions.obj              332     0         0      
       adc.obj                        200     0         0      
       main.obj                       58      0         4      
    +--+------------------------------+-------+---------+---------+
       Total:                         7950    643       1303   
                                                               
    C:/ti/TivaWare_C_Series-2.2.0.295/driverlib/ccs/Debug/driverlib.lib
       interrupt.obj                  68      0         620    
       cpu.obj                        12      0         0      
    +--+------------------------------+-------+---------+---------+
       Total:                         80      0         620    
                                                               
    C:\ti\ccs1200\ccs\tools\compiler\ti-cgt-arm_20.2.6.LTS\lib\rtsv7M4_T_le_v4SPD16_eabi.lib
       _printfi.c.obj                 4851    0         0      
       e_pow.c.obj                    2512    48        0      
       memory.c.obj                   728     0         8      
       fd_add_t2.asm.obj              438     0         0      
       e_sqrt.c.obj                   344     0         0      
       fd_div_t2.asm.obj              310     0         0      
       s_scalbn.c.obj                 272     0         0      
       fd_cmp_t2.asm.obj              268     0         0      
       ctype.c.obj                    0       257       0      
       fd_mul_t2.asm.obj              252     0         0      
       s_floor.c.obj                  248     0         0      
       s_round.c.obj                  196     0         0      
       memcpy_t2.asm.obj              156     0         0      
       ull_div_t2.asm.obj             150     0         0      
       vsnprintf.c.obj                136     0         0      
       memset_t2.asm.obj              122     0         0      
       fd_tos_t2.asm.obj              110     0         0      
       copy_decompress_lzss.c.obj     104     0         0      
       s_frexp.c.obj                  100     0         0      
       _ltoa.c.obj                    84      0         0      
       atoi.c.obj                     76      0         0      
       fd_toi_t2.asm.obj              72      0         0      
       autoinit.c.obj                 68      0         0      
       fd_tou_t2.asm.obj              68      0         0      
       fs_tod_t2.asm.obj              56      0         0      
       boot_cortex_m.c.obj            52      0         0      
       i_tofd_t2.asm.obj              46      0         0      
       u_tofd_t2.asm.obj              32      0         0      
       memccpy.c.obj                  28      0         0      
       s_copysign.c.obj               26      0         0      
       strcmp.c.obj                   24      0         0      
       strchr.c.obj                   22      0         0      
       strcpy.c.obj                   20      0         0      
       strlen.c.obj                   20      0         0      
       wcslen.c.obj                   18      0         0      
       copy_decompress_none.c.obj     14      0         0      
       copy_zero_init.c.obj           12      0         0      
       errno.c.obj                    8       0         4      
       _lock.c.obj                    2       0         8      
       exit.c.obj                     4       0         0      
       pre_init.c.obj                 4       0         0      
       div0.asm.obj                   2       0         0      
    +--+------------------------------+-------+---------+---------+
       Total:                         12055   305       20     
                                                               
       Heap:                          0       0         1024   
       Stack:                         0       0         2048   
       Linker Generated:              0       111       0      
    +--+------------------------------+-------+---------+---------+
       Grand Total:                   20085   1059      5015   


LINKER GENERATED COPY TABLES

__TI_cinit_table @ 00005290 records: 3, size/record: 8, table size: 24
	.data: load addr=00005238, load size=0000003b bytes, run addr=20001338, run size=00000067 bytes, compression=lzss
	.bss: load addr=00005280, load size=00000008 bytes, run addr=20000a70, run size=000004c4 bytes, compression=zero_init
	.vtable: load addr=00005288, load size=00000008 bytes, run addr=20000000, run size=0000026c bytes, compression=zero_init


LINKER GENERATED HANDLER TABLE

__TI_handler_table @ 00005274 records: 3, size/record: 4, table size: 12
	index: 0, handler: __TI_zero_init
	index: 1, handler: __TI_decompress_lzss
	index: 2, handler: __TI_decompress_none


GLOBAL SYMBOLS: SORTED ALPHABETICALLY BY Name 

address   name                          
-------   ----                          
000050e5  C$$EXIT                       
000050ad  CPUcpsie                      
00000bc3  GPIOF_Handler                 
0000507f  IntMasterEnable               
00004e85  IntRegister                   
00003b47  Raw2dist                      
000050c5  ResetISR                      
00002ab3  ScanVals                      
20001380  Val_0                         
2000137c  Val_180                       
20000a70  __STACK_END                   
00000800  __STACK_SIZE                  
20000470  __STACK_TOP                   
00000400  __SYSMEM_SIZE                 
00005290  __TI_CINIT_Base               
000052a8  __TI_CINIT_Limit              
00005274  __TI_Handler_Table_Base       
00005280  __TI_Handler_Table_Limit      
00004cd5  __TI_auto_init_nobinit_nopinit
00004a79  __TI_decompress_lzss          
0000509f  __TI_decompress_none          
00004b9b  __TI_ltoa                     
ffffffff  __TI_pprof_out_hndl           
00000e8d  __TI_printfi                  
ffffffff  __TI_prof_data_size           
ffffffff  __TI_prof_data_start          
00000000  __TI_static_base__            
000050b9  __TI_zero_init                
000047a5  __aeabi_cdcmpeq               
000047a5  __aeabi_cdcmple               
0000482b  __aeabi_cdrcmple              
00004a0b  __aeabi_d2f                   
00004c8d  __aeabi_d2iz                  
00004d19  __aeabi_d2uiz                 
000035db  __aeabi_dadd                  
00003cf1  __aeabi_ddiv                  
0000415d  __aeabi_dmul                  
000035d1  __aeabi_dsub                  
000050d1  __aeabi_errno_addr            
00004e4d  __aeabi_f2d                   
00004f1d  __aeabi_i2d                   
00003787  __aeabi_idiv0                 
00003787  __aeabi_ldiv0                 
000048b1  __aeabi_memclr                
000048b1  __aeabi_memclr4               
000048b1  __aeabi_memclr8               
00004673  __aeabi_memcpy                
00004673  __aeabi_memcpy4               
00004673  __aeabi_memcpy8               
000048b3  __aeabi_memset                
000048b3  __aeabi_memset4               
000048b3  __aeabi_memset8               
00004f75  __aeabi_ui2d                  
0000470f  __aeabi_uldivmod              
ffffffff  __binit__                     
ffffffff  __c_args__                    
UNDEFED   __mpu_init                    
20000270  __stack                       
20000000  __start___llvm_prf_cnts       
20000000  __stop___llvm_prf_cnts        
00004eb9  _c_int00_noargs               
000050e8  _ctypes_                      
20001388  _lock                         
000018db  _nop                          
2000139e  _running                      
20000f38  _sys_memory                   
UNDEFED   _system_post_cinit            
000050e1  _system_pre_init              
20000f20  _timeout_ticks                
2000138c  _unlock                       
000050e5  abort                         
00004435  adc_init                      
0000449d  adc_read                      
0000405d  aligned_alloc                 
00004c41  atoi                          
ffffffff  binit                         
2000135e  c_LWP                         
2000135c  c_RWP                         
000024bb  cal_move_forward              
00002473  cal_turn                      
00002385  cal_turn_clockwise            
000022ad  cal_turn_counter_clockwise    
000025a1  calibrate_wheels              
00004e15  calloc                        
2000135a  cc_LWP                        
20001358  cc_RWP                        
00004fcd  copysign                      
00004fcd  copysignl                     
20001364  degree_accuracy               
20000f24  edge                          
20000f28  edgetime                      
20001398  errno                         
20001374  fallingEdge                   
20000f2c  fallingedge                   
2000136c  flag                          
00004259  floor                         
00004259  floorl                        
20001362  forward_LWP                   
20001360  forward_RWP                   
00004351  free                          
00004ae1  frexp                         
00004ae1  frexpl                        
20000000  g_pfnRAMVectors               
00000000  g_pfnVectors                  
0000097f  go_charge                     
00003a69  int2char                      
0000508f  lcd_clear                     
0000283d  lcd_gotoLine                  
000026a5  lcd_init                      
000028a3  lcd_printf                    
00002765  lcd_putc                      
0000279d  lcd_puts                      
00002669  lcd_reverseNibble             
000027bb  lcd_sendCommand               
000027f9  lcd_sendNibble                
00002865  lcd_setCursorPos              
00003f4d  ldexp                         
00003f4d  ldexpl                        
00004ddb  main                          
000050d9  malloc                        
0000405d  memalign                      
00004fb1  memccpy                       
00004673  memcpy                        
000048b9  memset                        
20001368  mm_accuracy                   
20001338  motor_cal_factor_L            
2000133c  motor_cal_factor_R            
0000026d  oi_alloc                      
00000aa9  oi_checkFirmware              
000002c7  oi_close                      
00000279  oi_free                       
00000ded  oi_getMotorCalibrationLeft    
00000e01  oi_getMotorCalibrationRight   
000002b1  oi_init                       
00000289  oi_init_noupdate              
00000915  oi_loadSong                   
00004fff  oi_parseInt                   
0000032b  oi_parsePacket                
0000096b  oi_play_song                  
0000084b  oi_setLeds                    
00000db1  oi_setMotorCalibration        
0000088f  oi_setWheels                  
00000b51  oi_shutoff_init               
0000098d  oi_uartInit                   
00000a31  oi_uartReceive                
00000a77  oi_uartSendBuff               
00000a15  oi_uartSendChar               
00000a59  oi_uartSendStr                
000002d9  oi_update                     
20001378  overflow_count                
00002e4b  ping_dist_est                 
00002c7d  ping_init                     
00002d51  ping_interrupt_handler        
00002da1  ping_read                     
000018dd  pow                           
000018dd  powl                          
20001370  risingEdge                    
20000f30  risingedge                    
000044fd  round                         
000044fd  roundl                        
00003f4d  scalbn                        
00003f4d  scalbnl                       
00002991  servo_init                    
20001384  servo_period                  
00002a3d  servo_rotate                  
00003911  sqrt                          
00003911  sqrtl                         
0000502f  strchr                        
00005017  strcmp                        
00005045  strcpy                        
00005059  strlen                        
000032d7  timer_getMicros               
0000327f  timer_getMillis               
000031b9  timer_init                    
0000325b  timer_pause                   
0000326d  timer_resume                  
00003231  timer_stop                    
00003331  timer_waitMicros              
00003363  timer_waitMillis              
2000139d  uart_data                     
2000139c  uart_flag                     
00003789  uart_init                     
00003893  uart_interrupt_handler        
00003873  uart_interrupt_init           
00003835  uart_receive                  
00003819  uart_sendChar                 
00003855  uart_sendStr                  
00004d5d  vsnprintf                     
0000506d  wcslen                        


GLOBAL SYMBOLS: SORTED BY Symbol Address 

address   name                          
-------   ----                          
00000000  __TI_static_base__            
00000000  g_pfnVectors                  
0000026d  oi_alloc                      
00000279  oi_free                       
00000289  oi_init_noupdate              
000002b1  oi_init                       
000002c7  oi_close                      
000002d9  oi_update                     
0000032b  oi_parsePacket                
00000400  __SYSMEM_SIZE                 
00000800  __STACK_SIZE                  
0000084b  oi_setLeds                    
0000088f  oi_setWheels                  
00000915  oi_loadSong                   
0000096b  oi_play_song                  
0000097f  go_charge                     
0000098d  oi_uartInit                   
00000a15  oi_uartSendChar               
00000a31  oi_uartReceive                
00000a59  oi_uartSendStr                
00000a77  oi_uartSendBuff               
00000aa9  oi_checkFirmware              
00000b51  oi_shutoff_init               
00000bc3  GPIOF_Handler                 
00000db1  oi_setMotorCalibration        
00000ded  oi_getMotorCalibrationLeft    
00000e01  oi_getMotorCalibrationRight   
00000e8d  __TI_printfi                  
000018db  _nop                          
000018dd  pow                           
000018dd  powl                          
000022ad  cal_turn_counter_clockwise    
00002385  cal_turn_clockwise            
00002473  cal_turn                      
000024bb  cal_move_forward              
000025a1  calibrate_wheels              
00002669  lcd_reverseNibble             
000026a5  lcd_init                      
00002765  lcd_putc                      
0000279d  lcd_puts                      
000027bb  lcd_sendCommand               
000027f9  lcd_sendNibble                
0000283d  lcd_gotoLine                  
00002865  lcd_setCursorPos              
000028a3  lcd_printf                    
00002991  servo_init                    
00002a3d  servo_rotate                  
00002ab3  ScanVals                      
00002c7d  ping_init                     
00002d51  ping_interrupt_handler        
00002da1  ping_read                     
00002e4b  ping_dist_est                 
000031b9  timer_init                    
00003231  timer_stop                    
0000325b  timer_pause                   
0000326d  timer_resume                  
0000327f  timer_getMillis               
000032d7  timer_getMicros               
00003331  timer_waitMicros              
00003363  timer_waitMillis              
000035d1  __aeabi_dsub                  
000035db  __aeabi_dadd                  
00003787  __aeabi_idiv0                 
00003787  __aeabi_ldiv0                 
00003789  uart_init                     
00003819  uart_sendChar                 
00003835  uart_receive                  
00003855  uart_sendStr                  
00003873  uart_interrupt_init           
00003893  uart_interrupt_handler        
00003911  sqrt                          
00003911  sqrtl                         
00003a69  int2char                      
00003b47  Raw2dist                      
00003cf1  __aeabi_ddiv                  
00003f4d  ldexp                         
00003f4d  ldexpl                        
00003f4d  scalbn                        
00003f4d  scalbnl                       
0000405d  aligned_alloc                 
0000405d  memalign                      
0000415d  __aeabi_dmul                  
00004259  floor                         
00004259  floorl                        
00004351  free                          
00004435  adc_init                      
0000449d  adc_read                      
000044fd  round                         
000044fd  roundl                        
00004673  __aeabi_memcpy                
00004673  __aeabi_memcpy4               
00004673  __aeabi_memcpy8               
00004673  memcpy                        
0000470f  __aeabi_uldivmod              
000047a5  __aeabi_cdcmpeq               
000047a5  __aeabi_cdcmple               
0000482b  __aeabi_cdrcmple              
000048b1  __aeabi_memclr                
000048b1  __aeabi_memclr4               
000048b1  __aeabi_memclr8               
000048b3  __aeabi_memset                
000048b3  __aeabi_memset4               
000048b3  __aeabi_memset8               
000048b9  memset                        
00004a0b  __aeabi_d2f                   
00004a79  __TI_decompress_lzss          
00004ae1  frexp                         
00004ae1  frexpl                        
00004b9b  __TI_ltoa                     
00004c41  atoi                          
00004c8d  __aeabi_d2iz                  
00004cd5  __TI_auto_init_nobinit_nopinit
00004d19  __aeabi_d2uiz                 
00004d5d  vsnprintf                     
00004ddb  main                          
00004e15  calloc                        
00004e4d  __aeabi_f2d                   
00004e85  IntRegister                   
00004eb9  _c_int00_noargs               
00004f1d  __aeabi_i2d                   
00004f75  __aeabi_ui2d                  
00004fb1  memccpy                       
00004fcd  copysign                      
00004fcd  copysignl                     
00004fff  oi_parseInt                   
00005017  strcmp                        
0000502f  strchr                        
00005045  strcpy                        
00005059  strlen                        
0000506d  wcslen                        
0000507f  IntMasterEnable               
0000508f  lcd_clear                     
0000509f  __TI_decompress_none          
000050ad  CPUcpsie                      
000050b9  __TI_zero_init                
000050c5  ResetISR                      
000050d1  __aeabi_errno_addr            
000050d9  malloc                        
000050e1  _system_pre_init              
000050e5  C$$EXIT                       
000050e5  abort                         
000050e8  _ctypes_                      
00005274  __TI_Handler_Table_Base       
00005280  __TI_Handler_Table_Limit      
00005290  __TI_CINIT_Base               
000052a8  __TI_CINIT_Limit              
20000000  __start___llvm_prf_cnts       
20000000  __stop___llvm_prf_cnts        
20000000  g_pfnRAMVectors               
20000270  __stack                       
20000470  __STACK_TOP                   
20000a70  __STACK_END                   
20000f20  _timeout_ticks                
20000f24  edge                          
20000f28  edgetime                      
20000f2c  fallingedge                   
20000f30  risingedge                    
20000f38  _sys_memory                   
20001338  motor_cal_factor_L            
2000133c  motor_cal_factor_R            
20001358  cc_RWP                        
2000135a  cc_LWP                        
2000135c  c_RWP                         
2000135e  c_LWP                         
20001360  forward_RWP                   
20001362  forward_LWP                   
20001364  degree_accuracy               
20001368  mm_accuracy                   
2000136c  flag                          
20001370  risingEdge                    
20001374  fallingEdge                   
20001378  overflow_count                
2000137c  Val_180                       
20001380  Val_0                         
20001384  servo_period                  
20001388  _lock                         
2000138c  _unlock                       
20001398  errno                         
2000139c  uart_flag                     
2000139d  uart_data                     
2000139e  _running                      
ffffffff  __TI_pprof_out_hndl           
ffffffff  __TI_prof_data_size           
ffffffff  __TI_prof_data_start          
ffffffff  __binit__                     
ffffffff  __c_args__                    
ffffffff  binit                         
UNDEFED   __mpu_init                    
UNDEFED   _system_post_cinit            

[189 symbols]
