******************************************************************************
                  TI ARM Linker PC v20.2.6                     
******************************************************************************
>> Linked Fri Dec  2 21:09:33 2022

OUTPUT FILE NAME:   <Final_Project.out>
ENTRY POINT SYMBOL: "_c_int00_noargs"  address: 000056e9


MEMORY CONFIGURATION

         name            origin    length      used     unused   attr    fill
----------------------  --------  ---------  --------  --------  ----  --------
  FLASH                 00000000   00040000  00005ad3  0003a52d  R  X
  SRAM                  20000000   00008000  000013a8  00006c58  RW X


SEGMENT ALLOCATION MAP

run origin  load origin   length   init length attrs members
----------  ----------- ---------- ----------- ----- -------
00000000    00000000    00005ad8   00005ad8    r-x
  00000000    00000000    0000026c   0000026c    r-- .intvecs
  0000026c    0000026c    000056ac   000056ac    r-x .text
  00005918    00005918    0000014b   0000014b    r-- .const
  00005a68    00005a68    00000070   00000070    r-- .cinit
20000000    20000000    000013ac   00000000    rw-
  20000000    20000000    0000026c   00000000    rw- .vtable
  20000270    20000270    00000800   00000000    rw- .stack
  20000a70    20000a70    000004c8   00000000    rw- .bss
  20000f38    20000f38    00000400   00000000    rw- .sysmem
  20001338    20001338    00000074   00000000    rw- .data


SECTION ALLOCATION MAP

 output                                  attributes/
section   page    origin      length       input sections
--------  ----  ----------  ----------   ----------------
.intvecs   0    00000000    0000026c     
                  00000000    0000026c     tm4c123gh6pm_startup_ccs.obj (.intvecs)

.text      0    0000026c    000056ac     
                  0000026c    00000c20     open_interface.obj (.text)
                  00000e8c    00000a4e     rtsv7M4_T_le_v4SPD16_eabi.lib : _printfi.c.obj (.text:__TI_printfi)
                  000018da    00000002                                   : _lock.c.obj (.text:_nop)
                  000018dc    000009d0                                   : e_pow.c.obj (.text:pow)
                  000022ac    000005f8     movement.obj (.text)
                  000028a4    000003bc     calibration.obj (.text)
                  00002c60    00000330     servo.obj (.text)
                  00002f90    00000328     lcd.obj (.text)
                  000032b8    00000270     rtsv7M4_T_le_v4SPD16_eabi.lib : _printfi.c.obj (.text:_pconv_a)
                  00003528    00000248     Timer.obj (.text)
                  00003770    00000204     ping.obj (.text)
                  00003974    000001e4     main.obj (.text)
                  00003b58    000001d0     rtsv7M4_T_le_v4SPD16_eabi.lib : _printfi.c.obj (.text:_pconv_g)
                  00003d28    000001b6                                   : fd_add_t2.asm.obj (.text)
                  00003ede    00000002                                   : div0.asm.obj (.text)
                  00003ee0    00000188     uart_extra_help.obj (.text)
                  00004068    00000158     rtsv7M4_T_le_v4SPD16_eabi.lib : e_sqrt.c.obj (.text:sqrt)
                  000041c0    0000014c     Our_Functions.obj (.text)
                  0000430c    0000013c     rtsv7M4_T_le_v4SPD16_eabi.lib : _printfi.c.obj (.text:_pconv_e)
                  00004448    00000136                                   : fd_div_t2.asm.obj (.text)
                  0000457e    00000002     --HOLE-- [fill = 0]
                  00004580    00000124                                   : _printfi.c.obj (.text:fcvt)
                  000046a4    00000110     button.obj (.text)
                  000047b4    00000110     rtsv7M4_T_le_v4SPD16_eabi.lib : s_scalbn.c.obj (.text:scalbn)
                  000048c4    00000100                                   : memory.c.obj (.text:aligned_alloc)
                  000049c4    000000fc                                   : fd_mul_t2.asm.obj (.text)
                  00004ac0    000000f8                                   : s_floor.c.obj (.text:floor)
                  00004bb8    000000e4                                   : memory.c.obj (.text:free)
                  00004c9c    000000c8     adc.obj (.text)
                  00004d64    000000c4     rtsv7M4_T_le_v4SPD16_eabi.lib : s_round.c.obj (.text:round)
                  00004e28    000000b1                                   : _printfi.c.obj (.text:_ltostr)
                  00004ed9    00000001     --HOLE-- [fill = 0]
                  00004eda    0000009c                                   : memcpy_t2.asm.obj (.text)
                  00004f76    00000096                                   : ull_div_t2.asm.obj (.text)
                  0000500c    00000086                                   : fd_cmp_t2.asm.obj (.text:__aeabi_cdcmple)
                  00005092    00000086                                   : fd_cmp_t2.asm.obj (.text:__aeabi_cdrcmple)
                  00005118    0000007a                                   : memset_t2.asm.obj (.text)
                  00005192    00000002     --HOLE-- [fill = 0]
                  00005194    00000070                                   : memory.c.obj (.text:split)
                  00005204    0000006e                                   : _printfi.c.obj (.text:_mcpy)
                  00005272    0000006e                                   : fd_tos_t2.asm.obj (.text)
                  000052e0    00000068                                   : copy_decompress_lzss.c.obj (.text:decompress:lzss:__TI_decompress_lzss)
                  00005348    00000064                                   : s_frexp.c.obj (.text:frexp)
                  000053ac    00000056                                   : _printfi.c.obj (.text:_pconv_f)
                  00005402    00000054                                   : _ltoa.c.obj (.text:__TI_ltoa)
                  00005456    00000052                                   : _printfi.c.obj (.text:_ecpy)
                  000054a8    0000004c                                   : atoi.c.obj (.text:atoi)
                  000054f4    00000048                                   : fd_toi_t2.asm.obj (.text)
                  0000553c    00000044                                   : autoinit.c.obj (.text:__TI_auto_init_nobinit_nopinit:__TI_auto_init_nobinit_nopinit)
                  00005580    00000044                                   : fd_tou_t2.asm.obj (.text)
                  000055c4    00000040                                   : vsnprintf.c.obj (.text:vsnprintf)
                  00005604    0000003e                                   : _printfi.c.obj (.text:_fcpy)
                  00005642    00000002     --HOLE-- [fill = 0]
                  00005644    00000038                                   : memory.c.obj (.text:calloc)
                  0000567c    00000038                                   : fs_tod_t2.asm.obj (.text)
                  000056b4    00000034     driverlib.lib : interrupt.obj (.text:IntRegister)
                  000056e8    00000034     rtsv7M4_T_le_v4SPD16_eabi.lib : boot_cortex_m.c.obj (.text:_c_int00_noargs:_c_int00_noargs)
                  0000571c    00000030                                   : vsnprintf.c.obj (.text:_outs)
                  0000574c    0000002e                                   : i_tofd_t2.asm.obj (.text)
                  0000577a    00000002     --HOLE-- [fill = 0]
                  0000577c    00000028                                   : memory.c.obj (.text:free_list_insert)
                  000057a4    00000020                                   : u_tofd_t2.asm.obj (.text)
                  000057c4    0000001c                                   : memory.c.obj (.text:free_list_remove)
                  000057e0    0000001c                                   : memccpy.c.obj (.text:memccpy)
                  000057fc    0000001a                                   : s_copysign.c.obj (.text:copysign)
                  00005816    00000018                                   : vsnprintf.c.obj (.text:_outc)
                  0000582e    00000018     open_interface.obj (.text:oi_parseInt)
                  00005846    00000018     rtsv7M4_T_le_v4SPD16_eabi.lib : strcmp.c.obj (.text:strcmp)
                  0000585e    00000016                                   : strchr.c.obj (.text:strchr)
                  00005874    00000014                                   : strcpy.c.obj (.text:strcpy)
                  00005888    00000014                                   : strlen.c.obj (.text:strlen)
                  0000589c    00000012                                   : wcslen.c.obj (.text:wcslen)
                  000058ae    00000010     driverlib.lib : interrupt.obj (.text:IntMasterEnable)
                  000058be    00000010     lcd.obj (.text:lcd_clear)
                  000058ce    0000000e     rtsv7M4_T_le_v4SPD16_eabi.lib : copy_decompress_none.c.obj (.text:decompress:none:__TI_decompress_none)
                  000058dc    0000000c     driverlib.lib : cpu.obj (.text:CPUcpsie)
                  000058e8    0000000c     rtsv7M4_T_le_v4SPD16_eabi.lib : copy_zero_init.c.obj (.text:decompress:ZI:__TI_zero_init)
                  000058f4    0000000c     tm4c123gh6pm_startup_ccs.obj (.text)
                  00005900    00000008     rtsv7M4_T_le_v4SPD16_eabi.lib : errno.c.obj (.text:__aeabi_errno_addr)
                  00005908    00000008                                   : memory.c.obj (.text:malloc)
                  00005910    00000004                                   : pre_init.c.obj (.text:_system_pre_init)
                  00005914    00000004                                   : exit.c.obj (.text:abort:abort)

.const     0    00005918    0000014b     
                  00005918    00000101     rtsv7M4_T_le_v4SPD16_eabi.lib : ctype.c.obj (.const:.string:_ctypes_)
                  00005a19    00000004     lcd.obj (.const:.string:lineAddress$1)
                  00005a1d    00000003     --HOLE-- [fill = 0]
                  00005a20    00000030     rtsv7M4_T_le_v4SPD16_eabi.lib : e_pow.c.obj (.const:$O1$$)
                  00005a50    0000000f     open_interface.obj (.const:.string:$P$T0$3)
                  00005a5f    00000004     lcd.obj (.const:.string:lineAddresses$2)

.cinit     0    00005a68    00000070     
                  00005a68    0000003c     (.cinit..data.load) [load image, compression = lzss]
                  00005aa4    0000000c     (__TI_handler_table)
                  00005ab0    00000008     (.cinit..bss.load) [load image, compression = zero_init]
                  00005ab8    00000008     (.cinit..vtable.load) [load image, compression = zero_init]
                  00005ac0    00000018     (__TI_cinit_table)

.init_array 
*          0    00000000    00000000     UNINITIALIZED

.vtable    0    20000000    0000026c     UNINITIALIZED
                  20000000    0000026c     driverlib.lib : interrupt.obj (.vtable)

.stack     0    20000270    00000800     UNINITIALIZED
                  20000270    00000004     rtsv7M4_T_le_v4SPD16_eabi.lib : boot_cortex_m.c.obj (.stack)
                  20000274    000007fc     --HOLE--

.bss       0    20000a70    000004c8     UNINITIALIZED
                  20000a70    00000444     servo.obj (.bss:dataarray$1)
                  20000eb4    00000054     lcd.obj (.bss:lastbuffer$3)
                  20000f08    00000018     open_interface.obj (.bss:firmware$2)
                  20000f20    00000004     (.common:_timeout_ticks)
                  20000f24    00000004     (.common:button_event)
                  20000f28    00000004     (.common:button_num)
                  20000f2c    00000004     (.common:edgetime)
                  20000f30    00000004     (.common:fallingedge)
                  20000f34    00000004     (.common:risingedge)

.sysmem    0    20000f38    00000400     UNINITIALIZED
                  20000f38    00000010     rtsv7M4_T_le_v4SPD16_eabi.lib : memory.c.obj (.sysmem)
                  20000f48    000003f0     --HOLE--

.data      0    20001338    00000074     UNINITIALIZED
                  20001338    00000020     open_interface.obj (.data)
                  20001358    00000014     calibration.obj (.data)
                  2000136c    00000014     ping.obj (.data)
                  20001380    0000000c     servo.obj (.data)
                  2000138c    00000008     rtsv7M4_T_le_v4SPD16_eabi.lib : _lock.c.obj (.data:$O1$$)
                  20001394    00000008                                   : memory.c.obj (.data:$O1$$)
                  2000139c    00000004                                   : errno.c.obj (.data)
                  200013a0    00000008     main.obj (.data)
                  200013a8    00000002     uart_extra_help.obj (.data)
                  200013aa    00000001     Timer.obj (.data)
                  200013ab    00000001     button.obj (.data)

__llvm_prf_cnts 
*          0    20000000    00000000     UNINITIALIZED

MODULE SUMMARY

       Module                         code    ro data   rw data
       ------                         ----    -------   -------
    .\
       open_interface.obj             3128    15        56     
       servo.obj                      816     0         1116   
       movement.obj                   1528    0         0      
       calibration.obj                956     0         20     
       lcd.obj                        824     8         84     
       tm4c123gh6pm_startup_ccs.obj   12      620       0      
       Timer.obj                      584     0         5      
       ping.obj                       516     0         20     
       main.obj                       484     0         8      
       uart_extra_help.obj            392     0         2      
       Our_Functions.obj              332     0         0      
       button.obj                     272     0         9      
       adc.obj                        200     0         0      
    +--+------------------------------+-------+---------+---------+
       Total:                         10044   643       1320   
                                                               
    C:/ti/TivaWare_C_Series-2.2.0.295/driverlib/ccs/Debug/driverlib.lib
       interrupt.obj                  68      0         620    
       cpu.obj                        12      0         0      
    +--+------------------------------+-------+---------+---------+
       Total:                         80      0         620    
                                                               
    C:\ti\ccs1200\ccs\tools\compiler\ti-cgt-arm_20.2.6.LTS\lib\rtsv7M4_T_le_v4SPD16_eabi.lib
       _printfi.c.obj                 4851    0         0      
       e_pow.c.obj                    2512    48        0      
       memory.c.obj                   728     0         8      
       fd_add_t2.asm.obj              438     0         0      
       e_sqrt.c.obj                   344     0         0      
       fd_div_t2.asm.obj              310     0         0      
       s_scalbn.c.obj                 272     0         0      
       fd_cmp_t2.asm.obj              268     0         0      
       ctype.c.obj                    0       257       0      
       fd_mul_t2.asm.obj              252     0         0      
       s_floor.c.obj                  248     0         0      
       s_round.c.obj                  196     0         0      
       memcpy_t2.asm.obj              156     0         0      
       ull_div_t2.asm.obj             150     0         0      
       vsnprintf.c.obj                136     0         0      
       memset_t2.asm.obj              122     0         0      
       fd_tos_t2.asm.obj              110     0         0      
       copy_decompress_lzss.c.obj     104     0         0      
       s_frexp.c.obj                  100     0         0      
       _ltoa.c.obj                    84      0         0      
       atoi.c.obj                     76      0         0      
       fd_toi_t2.asm.obj              72      0         0      
       autoinit.c.obj                 68      0         0      
       fd_tou_t2.asm.obj              68      0         0      
       fs_tod_t2.asm.obj              56      0         0      
       boot_cortex_m.c.obj            52      0         0      
       i_tofd_t2.asm.obj              46      0         0      
       u_tofd_t2.asm.obj              32      0         0      
       memccpy.c.obj                  28      0         0      
       s_copysign.c.obj               26      0         0      
       strcmp.c.obj                   24      0         0      
       strchr.c.obj                   22      0         0      
       strcpy.c.obj                   20      0         0      
       strlen.c.obj                   20      0         0      
       wcslen.c.obj                   18      0         0      
       copy_decompress_none.c.obj     14      0         0      
       copy_zero_init.c.obj           12      0         0      
       errno.c.obj                    8       0         4      
       _lock.c.obj                    2       0         8      
       exit.c.obj                     4       0         0      
       pre_init.c.obj                 4       0         0      
       div0.asm.obj                   2       0         0      
    +--+------------------------------+-------+---------+---------+
       Total:                         12055   305       20     
                                                               
       Heap:                          0       0         1024   
       Stack:                         0       0         2048   
       Linker Generated:              0       112       0      
    +--+------------------------------+-------+---------+---------+
       Grand Total:                   22179   1060      5032   


LINKER GENERATED COPY TABLES

__TI_cinit_table @ 00005ac0 records: 3, size/record: 8, table size: 24
	.data: load addr=00005a68, load size=0000003c bytes, run addr=20001338, run size=00000074 bytes, compression=lzss
	.bss: load addr=00005ab0, load size=00000008 bytes, run addr=20000a70, run size=000004c8 bytes, compression=zero_init
	.vtable: load addr=00005ab8, load size=00000008 bytes, run addr=20000000, run size=0000026c bytes, compression=zero_init


LINKER GENERATED HANDLER TABLE

__TI_handler_table @ 00005aa4 records: 3, size/record: 4, table size: 12
	index: 0, handler: __TI_zero_init
	index: 1, handler: __TI_decompress_lzss
	index: 2, handler: __TI_decompress_none


GLOBAL SYMBOLS: SORTED ALPHABETICALLY BY Name 

address   name                          
-------   ----                          
00005915  C$$EXIT                       
000058dd  CPUcpsie                      
00000bc3  GPIOF_Handler                 
000058af  IntMasterEnable               
000056b5  IntRegister                   
000026dd  Perp2Hole                     
000025f5  Perp2Tape                     
0000429f  Raw2dist                      
000058f5  ResetISR                      
00002db7  ScanVals                      
0000276b  TapeDrive                     
000038f5  Timer3_handler                
20001384  Val_0                         
20001380  Val_180                       
20000a70  __STACK_END                   
00000800  __STACK_SIZE                  
20000470  __STACK_TOP                   
00000400  __SYSMEM_SIZE                 
00005ac0  __TI_CINIT_Base               
00005ad8  __TI_CINIT_Limit              
00005aa4  __TI_Handler_Table_Base       
00005ab0  __TI_Handler_Table_Limit      
0000553d  __TI_auto_init_nobinit_nopinit
000052e1  __TI_decompress_lzss          
000058cf  __TI_decompress_none          
00005403  __TI_ltoa                     
ffffffff  __TI_pprof_out_hndl           
00000e8d  __TI_printfi                  
ffffffff  __TI_prof_data_size           
ffffffff  __TI_prof_data_start          
00000000  __TI_static_base__            
000058e9  __TI_zero_init                
0000500d  __aeabi_cdcmpeq               
0000500d  __aeabi_cdcmple               
00005093  __aeabi_cdrcmple              
00005273  __aeabi_d2f                   
000054f5  __aeabi_d2iz                  
00005581  __aeabi_d2uiz                 
00003d33  __aeabi_dadd                  
00004449  __aeabi_ddiv                  
000049c5  __aeabi_dmul                  
00003d29  __aeabi_dsub                  
00005901  __aeabi_errno_addr            
0000567d  __aeabi_f2d                   
0000574d  __aeabi_i2d                   
00003edf  __aeabi_idiv0                 
00003edf  __aeabi_ldiv0                 
00005119  __aeabi_memclr                
00005119  __aeabi_memclr4               
00005119  __aeabi_memclr8               
00004edb  __aeabi_memcpy                
00004edb  __aeabi_memcpy4               
00004edb  __aeabi_memcpy8               
0000511b  __aeabi_memset                
0000511b  __aeabi_memset4               
0000511b  __aeabi_memset8               
000057a5  __aeabi_ui2d                  
00004f77  __aeabi_uldivmod              
ffffffff  __binit__                     
ffffffff  __c_args__                    
UNDEFED   __mpu_init                    
20000270  __stack                       
20000000  __start___llvm_prf_cnts       
20000000  __stop___llvm_prf_cnts        
000056e9  _c_int00_noargs               
00005918  _ctypes_                      
2000138c  _lock                         
000018db  _nop                          
200013aa  _running                      
20000f38  _sys_memory                   
UNDEFED   _system_post_cinit            
00005911  _system_pre_init              
20000f20  _timeout_ticks                
20001390  _unlock                       
00005915  abort                         
00004c9d  adc_init                      
00004d05  adc_read                      
000048c5  aligned_alloc                 
000054a9  atoi                          
ffffffff  binit                         
20000f24  button_event                  
0000472d  button_getButton              
000046a5  button_init                   
20000f28  button_num                    
2000135e  c_LWP                         
2000135c  c_RWP                         
00002ab3  cal_move_forward              
00002a6b  cal_turn                      
0000297d  cal_turn_clockwise            
000028a5  cal_turn_counter_clockwise    
00002b99  calibrate_wheels              
00005645  calloc                        
2000135a  cc_LWP                        
20001358  cc_RWP                        
000057fd  copysign                      
000057fd  copysignl                     
20001364  degree_accuracy               
200013a0  dist_travelled                
20001378  edge                          
20000f2c  edgetime                      
2000139c  errno                         
20001374  fallingEdge                   
20000f30  fallingedge                   
2000136c  flag                          
00004ac1  floor                         
00004ac1  floorl                        
20001362  forward_LWP                   
20001360  forward_RWP                   
00004bb9  free                          
00005349  frexp                         
00005349  frexpl                        
20000000  g_pfnRAMVectors               
00000000  g_pfnVectors                  
0000097f  go_charge                     
00004715  gpioe_handler                 
000025ad  hasBumpedLeft                 
000025c7  hasBumpedRight                
000046d1  init_button_interrupts        
000041c1  int2char                      
000058bf  lcd_clear                     
00003165  lcd_gotoLine                  
00002fcd  lcd_init                      
000031cb  lcd_printf                    
0000308d  lcd_putc                      
000030c5  lcd_puts                      
00002f91  lcd_reverseNibble             
000030e3  lcd_sendCommand               
00003121  lcd_sendNibble                
0000318d  lcd_setCursorPos              
000047b5  ldexp                         
000047b5  ldexpl                        
00003ad1  main                          
00005909  malloc                        
000048c5  memalign                      
000057e1  memccpy                       
00004edb  memcpy                        
00005121  memset                        
20001368  mm_accuracy                   
20001338  motor_cal_factor_L            
2000133c  motor_cal_factor_R            
00002323  move_backward                 
000022ad  move_forward                  
000024e3  move_until_bump               
0000026d  oi_alloc                      
00000aa9  oi_checkFirmware              
000002c7  oi_close                      
00000279  oi_free                       
00000ded  oi_getMotorCalibrationLeft    
00000e01  oi_getMotorCalibrationRight   
000002b1  oi_init                       
00000289  oi_init_noupdate              
00000915  oi_loadSong                   
0000582f  oi_parseInt                   
0000032b  oi_parsePacket                
0000096b  oi_play_song                  
0000084b  oi_setLeds                    
00000db1  oi_setMotorCalibration        
0000088f  oi_setWheels                  
00000b51  oi_shutoff_init               
0000098d  oi_uartInit                   
00000a31  oi_uartReceive                
00000a77  oi_uartSendBuff               
00000a15  oi_uartSendChar               
00000a59  oi_uartSendStr                
000002d9  oi_update                     
2000137c  overflow_count                
00003975  perp_to_edge                  
00003771  ping_init                     
00003845  ping_interrupt_handler        
00003895  ping_read                     
000018dd  pow                           
000018dd  powl                          
20001370  risingEdge                    
20000f34  risingedge                    
00004d65  round                         
00004d65  roundl                        
000047b5  scalbn                        
000047b5  scalbnl                       
00002c61  servo_init                    
00002d0d  servo_move                    
20001388  servo_period                  
00002d41  servo_rotate                  
00004069  sqrt                          
00004069  sqrtl                         
0000585f  strchr                        
00005847  strcmp                        
00005875  strcpy                        
00005889  strlen                        
00003647  timer_getMicros               
000035ef  timer_getMillis               
00003529  timer_init                    
000035cb  timer_pause                   
000035dd  timer_resume                  
000035a1  timer_stop                    
000036a1  timer_waitMicros              
000036d3  timer_waitMillis              
000023bb  turn_clockwise                
0000244f  turn_counterclockwise         
200013a9  uart_data                     
200013a8  uart_flag                     
00003ee1  uart_init                     
00003feb  uart_interrupt_handler        
00003fcb  uart_interrupt_init           
00003f8d  uart_receive                  
00003f71  uart_sendChar                 
00003fad  uart_sendStr                  
000055c5  vsnprintf                     
0000589d  wcslen                        


GLOBAL SYMBOLS: SORTED BY Symbol Address 

address   name                          
-------   ----                          
00000000  __TI_static_base__            
00000000  g_pfnVectors                  
0000026d  oi_alloc                      
00000279  oi_free                       
00000289  oi_init_noupdate              
000002b1  oi_init                       
000002c7  oi_close                      
000002d9  oi_update                     
0000032b  oi_parsePacket                
00000400  __SYSMEM_SIZE                 
00000800  __STACK_SIZE                  
0000084b  oi_setLeds                    
0000088f  oi_setWheels                  
00000915  oi_loadSong                   
0000096b  oi_play_song                  
0000097f  go_charge                     
0000098d  oi_uartInit                   
00000a15  oi_uartSendChar               
00000a31  oi_uartReceive                
00000a59  oi_uartSendStr                
00000a77  oi_uartSendBuff               
00000aa9  oi_checkFirmware              
00000b51  oi_shutoff_init               
00000bc3  GPIOF_Handler                 
00000db1  oi_setMotorCalibration        
00000ded  oi_getMotorCalibrationLeft    
00000e01  oi_getMotorCalibrationRight   
00000e8d  __TI_printfi                  
000018db  _nop                          
000018dd  pow                           
000018dd  powl                          
000022ad  move_forward                  
00002323  move_backward                 
000023bb  turn_clockwise                
0000244f  turn_counterclockwise         
000024e3  move_until_bump               
000025ad  hasBumpedLeft                 
000025c7  hasBumpedRight                
000025f5  Perp2Tape                     
000026dd  Perp2Hole                     
0000276b  TapeDrive                     
000028a5  cal_turn_counter_clockwise    
0000297d  cal_turn_clockwise            
00002a6b  cal_turn                      
00002ab3  cal_move_forward              
00002b99  calibrate_wheels              
00002c61  servo_init                    
00002d0d  servo_move                    
00002d41  servo_rotate                  
00002db7  ScanVals                      
00002f91  lcd_reverseNibble             
00002fcd  lcd_init                      
0000308d  lcd_putc                      
000030c5  lcd_puts                      
000030e3  lcd_sendCommand               
00003121  lcd_sendNibble                
00003165  lcd_gotoLine                  
0000318d  lcd_setCursorPos              
000031cb  lcd_printf                    
00003529  timer_init                    
000035a1  timer_stop                    
000035cb  timer_pause                   
000035dd  timer_resume                  
000035ef  timer_getMillis               
00003647  timer_getMicros               
000036a1  timer_waitMicros              
000036d3  timer_waitMillis              
00003771  ping_init                     
00003845  ping_interrupt_handler        
00003895  ping_read                     
000038f5  Timer3_handler                
00003975  perp_to_edge                  
00003ad1  main                          
00003d29  __aeabi_dsub                  
00003d33  __aeabi_dadd                  
00003edf  __aeabi_idiv0                 
00003edf  __aeabi_ldiv0                 
00003ee1  uart_init                     
00003f71  uart_sendChar                 
00003f8d  uart_receive                  
00003fad  uart_sendStr                  
00003fcb  uart_interrupt_init           
00003feb  uart_interrupt_handler        
00004069  sqrt                          
00004069  sqrtl                         
000041c1  int2char                      
0000429f  Raw2dist                      
00004449  __aeabi_ddiv                  
000046a5  button_init                   
000046d1  init_button_interrupts        
00004715  gpioe_handler                 
0000472d  button_getButton              
000047b5  ldexp                         
000047b5  ldexpl                        
000047b5  scalbn                        
000047b5  scalbnl                       
000048c5  aligned_alloc                 
000048c5  memalign                      
000049c5  __aeabi_dmul                  
00004ac1  floor                         
00004ac1  floorl                        
00004bb9  free                          
00004c9d  adc_init                      
00004d05  adc_read                      
00004d65  round                         
00004d65  roundl                        
00004edb  __aeabi_memcpy                
00004edb  __aeabi_memcpy4               
00004edb  __aeabi_memcpy8               
00004edb  memcpy                        
00004f77  __aeabi_uldivmod              
0000500d  __aeabi_cdcmpeq               
0000500d  __aeabi_cdcmple               
00005093  __aeabi_cdrcmple              
00005119  __aeabi_memclr                
00005119  __aeabi_memclr4               
00005119  __aeabi_memclr8               
0000511b  __aeabi_memset                
0000511b  __aeabi_memset4               
0000511b  __aeabi_memset8               
00005121  memset                        
00005273  __aeabi_d2f                   
000052e1  __TI_decompress_lzss          
00005349  frexp                         
00005349  frexpl                        
00005403  __TI_ltoa                     
000054a9  atoi                          
000054f5  __aeabi_d2iz                  
0000553d  __TI_auto_init_nobinit_nopinit
00005581  __aeabi_d2uiz                 
000055c5  vsnprintf                     
00005645  calloc                        
0000567d  __aeabi_f2d                   
000056b5  IntRegister                   
000056e9  _c_int00_noargs               
0000574d  __aeabi_i2d                   
000057a5  __aeabi_ui2d                  
000057e1  memccpy                       
000057fd  copysign                      
000057fd  copysignl                     
0000582f  oi_parseInt                   
00005847  strcmp                        
0000585f  strchr                        
00005875  strcpy                        
00005889  strlen                        
0000589d  wcslen                        
000058af  IntMasterEnable               
000058bf  lcd_clear                     
000058cf  __TI_decompress_none          
000058dd  CPUcpsie                      
000058e9  __TI_zero_init                
000058f5  ResetISR                      
00005901  __aeabi_errno_addr            
00005909  malloc                        
00005911  _system_pre_init              
00005915  C$$EXIT                       
00005915  abort                         
00005918  _ctypes_                      
00005aa4  __TI_Handler_Table_Base       
00005ab0  __TI_Handler_Table_Limit      
00005ac0  __TI_CINIT_Base               
00005ad8  __TI_CINIT_Limit              
20000000  __start___llvm_prf_cnts       
20000000  __stop___llvm_prf_cnts        
20000000  g_pfnRAMVectors               
20000270  __stack                       
20000470  __STACK_TOP                   
20000a70  __STACK_END                   
20000f20  _timeout_ticks                
20000f24  button_event                  
20000f28  button_num                    
20000f2c  edgetime                      
20000f30  fallingedge                   
20000f34  risingedge                    
20000f38  _sys_memory                   
20001338  motor_cal_factor_L            
2000133c  motor_cal_factor_R            
20001358  cc_RWP                        
2000135a  cc_LWP                        
2000135c  c_RWP                         
2000135e  c_LWP                         
20001360  forward_RWP                   
20001362  forward_LWP                   
20001364  degree_accuracy               
20001368  mm_accuracy                   
2000136c  flag                          
20001370  risingEdge                    
20001374  fallingEdge                   
20001378  edge                          
2000137c  overflow_count                
20001380  Val_180                       
20001384  Val_0                         
20001388  servo_period                  
2000138c  _lock                         
20001390  _unlock                       
2000139c  errno                         
200013a0  dist_travelled                
200013a8  uart_flag                     
200013a9  uart_data                     
200013aa  _running                      
ffffffff  __TI_pprof_out_hndl           
ffffffff  __TI_prof_data_size           
ffffffff  __TI_prof_data_start          
ffffffff  __binit__                     
ffffffff  __c_args__                    
ffffffff  binit                         
UNDEFED   __mpu_init                    
UNDEFED   _system_post_cinit            

[208 symbols]
