******************************************************************************
                  TI ARM Linker PC v20.2.6                     
******************************************************************************
>> Linked Mon Sep 19 21:39:13 2022

OUTPUT FILE NAME:   <Lab_3.out>
ENTRY POINT SYMBOL: "_c_int00_noargs"  address: 00005365


MEMORY CONFIGURATION

         name            origin    length      used     unused   attr    fill
----------------------  --------  ---------  --------  --------  ----  --------
  FLASH                 00000000   00040000  00005868  0003a798  R  X
  SRAM                  20000000   00008000  00000f66  0000709a  RW X


SEGMENT ALLOCATION MAP

run origin  load origin   length   init length attrs members
----------  ----------- ---------- ----------- ----- -------
00000000    00000000    00005868   00005868    r-x
  00000000    00000000    0000026c   0000026c    r-- .intvecs
  0000026c    0000026c    0000533c   0000533c    r-x .text
  000055a8    000055a8    00000270   00000270    r-- .const
  00005818    00005818    00000050   00000050    r-- .cinit
20000000    20000000    00000f6d   00000000    rw-
  20000000    20000000    0000026c   00000000    rw- .vtable
  20000270    20000270    00000800   00000000    rw- .stack
  20000a70    20000a70    00000400   00000000    rw- .sysmem
  20000e70    20000e70    000000bd   00000000    rw- .bss
  20000f30    20000f30    0000003d   00000000    rw- .data


SECTION ALLOCATION MAP

 output                                  attributes/
section   page    origin      length       input sections
--------  ----  ----------  ----------   ----------------
.intvecs   0    00000000    0000026c     
                  00000000    0000026c     tm4c123gh6pm_startup_ccs.obj (.intvecs)

.text      0    0000026c    0000533c     
                  0000026c    00000c20     open_interface.obj (.text)
                  00000e8c    00000a4e     rtsv7M4_T_le_v4SPD16_eabi.lib : _printfi.c.obj (.text:__TI_printfi)
                  000018da    00000002                                   : _lock.c.obj (.text:_nop)
                  000018dc    00000738                                   : k_rem_pio2.c.obj (.text:__kernel_rem_pio2)
                  00002014    000005e0                                   : s_sin.c.obj (.text:sin)
                  000025f4    000005d0     Lab3Part1.obj (.text)
                  00002bc4    00000328     lcd.obj (.text)
                  00002eec    00000270     rtsv7M4_T_le_v4SPD16_eabi.lib : _printfi.c.obj (.text:_pconv_a)
                  0000315c    00000260     libcybotScan.lib : cyBot_Scan.obj (.text)
                  000033bc    00000248     Timer.obj (.text)
                  00003604    000001ec     libcybotScan.lib : ping.obj (.text)
                  000037f0    000001d0     rtsv7M4_T_le_v4SPD16_eabi.lib : _printfi.c.obj (.text:_pconv_g)
                  000039c0    000001b6                                   : fd_add_t2.asm.obj (.text)
                  00003b76    00000002                                   : div0.asm.obj (.text)
                  00003b78    00000174                                   : k_sin.c.obj (.text:__kernel_sin)
                  00003cec    00000170                                   : k_cos.c.obj (.text:__kernel_cos)
                  00003e5c    0000015c     libcybotUART.lib : uart.obj (.text)
                  00003fb8    00000158     libcybotScan.lib : servo.obj (.text)
                  00004110    0000013c     rtsv7M4_T_le_v4SPD16_eabi.lib : _printfi.c.obj (.text:_pconv_e)
                  0000424c    00000136                                   : fd_div_t2.asm.obj (.text)
                  00004382    00000002     --HOLE-- [fill = 0]
                  00004384    00000124                                   : _printfi.c.obj (.text:fcvt)
                  000044a8    00000118     libcybotScan.lib : ir.obj (.text)
                  000045c0    00000110     rtsv7M4_T_le_v4SPD16_eabi.lib : s_scalbn.c.obj (.text:scalbn)
                  000046d0    00000100                                   : memory.c.obj (.text:aligned_alloc)
                  000047d0    000000fc                                   : fd_mul_t2.asm.obj (.text)
                  000048cc    000000f8                                   : s_floor.c.obj (.text:floor)
                  000049c4    000000e4                                   : memory.c.obj (.text:free)
                  00004aa8    000000b1                                   : _printfi.c.obj (.text:_ltostr)
                  00004b59    00000001     --HOLE-- [fill = 0]
                  00004b5a    0000009c                                   : memcpy_t2.asm.obj (.text)
                  00004bf6    00000096                                   : ull_div_t2.asm.obj (.text)
                  00004c8c    00000086                                   : fd_cmp_t2.asm.obj (.text:__aeabi_cdcmple)
                  00004d12    00000086                                   : fd_cmp_t2.asm.obj (.text:__aeabi_cdrcmple)
                  00004d98    0000007a                                   : memset_t2.asm.obj (.text)
                  00004e12    00000002     --HOLE-- [fill = 0]
                  00004e14    00000070                                   : memory.c.obj (.text:split)
                  00004e84    0000006e                                   : _printfi.c.obj (.text:_mcpy)
                  00004ef2    0000006e                                   : fd_tos_t2.asm.obj (.text)
                  00004f60    00000068                                   : copy_decompress_lzss.c.obj (.text:decompress:lzss:__TI_decompress_lzss)
                  00004fc8    00000064                                   : s_frexp.c.obj (.text:frexp)
                  0000502c    00000056                                   : _printfi.c.obj (.text:_pconv_f)
                  00005082    00000054                                   : _ltoa.c.obj (.text:__TI_ltoa)
                  000050d6    00000052                                   : _printfi.c.obj (.text:_ecpy)
                  00005128    0000004c                                   : atoi.c.obj (.text:atoi)
                  00005174    00000048                                   : fd_toi_t2.asm.obj (.text)
                  000051bc    00000044                                   : autoinit.c.obj (.text:__TI_auto_init_nobinit_nopinit:__TI_auto_init_nobinit_nopinit)
                  00005200    00000040                                   : sprintf.c.obj (.text:sprintf)
                  00005240    00000040                                   : vsnprintf.c.obj (.text:vsnprintf)
                  00005280    0000003e                                   : _printfi.c.obj (.text:_fcpy)
                  000052be    00000002     --HOLE-- [fill = 0]
                  000052c0    00000038                                   : memory.c.obj (.text:calloc)
                  000052f8    00000038                                   : fs_tod_t2.asm.obj (.text)
                  00005330    00000034     driverlib.lib : interrupt.obj (.text:IntRegister)
                  00005364    00000034     rtsv7M4_T_le_v4SPD16_eabi.lib : boot_cortex_m.c.obj (.text:_c_int00_noargs:_c_int00_noargs)
                  00005398    00000030                                   : vsnprintf.c.obj (.text:_outs)
                  000053c8    0000002e                                   : i_tofd_t2.asm.obj (.text)
                  000053f6    00000002     --HOLE-- [fill = 0]
                  000053f8    00000028                                   : memory.c.obj (.text:free_list_insert)
                  00005420    0000001c                                   : copy_zero_init.c.obj (.text:decompress:ZI:__TI_zero_init_nomemset:__TI_zero_init_nomemset)
                  0000543c    0000001c                                   : memory.c.obj (.text:free_list_remove)
                  00005458    0000001c                                   : memccpy.c.obj (.text:memccpy)
                  00005474    0000001a                                   : s_copysign.c.obj (.text:copysign)
                  0000548e    00000018                                   : vsnprintf.c.obj (.text:_outc)
                  000054a6    00000018                                   : sprintf.c.obj (.text:_outs)
                  000054be    00000018     open_interface.obj (.text:oi_parseInt)
                  000054d6    00000018     rtsv7M4_T_le_v4SPD16_eabi.lib : strcmp.c.obj (.text:strcmp)
                  000054ee    00000016                                   : strchr.c.obj (.text:strchr)
                  00005504    00000014                                   : strcpy.c.obj (.text:strcpy)
                  00005518    00000014                                   : strlen.c.obj (.text:strlen)
                  0000552c    00000012                                   : wcslen.c.obj (.text:wcslen)
                  0000553e    00000010     driverlib.lib : interrupt.obj (.text:IntMasterEnable)
                  0000554e    00000010     lcd.obj (.text:lcd_clear)
                  0000555e    0000000e     rtsv7M4_T_le_v4SPD16_eabi.lib : copy_decompress_none.c.obj (.text:decompress:none:__TI_decompress_none)
                  0000556c    0000000c     driverlib.lib : cpu.obj (.text:CPUcpsie)
                  00005578    0000000c     tm4c123gh6pm_startup_ccs.obj (.text)
                  00005584    0000000a     rtsv7M4_T_le_v4SPD16_eabi.lib : sprintf.c.obj (.text:_outc)
                  0000558e    00000002     --HOLE-- [fill = 0]
                  00005590    00000008                                   : errno.c.obj (.text:__aeabi_errno_addr)
                  00005598    00000008                                   : memory.c.obj (.text:malloc)
                  000055a0    00000004                                   : pre_init.c.obj (.text:_system_pre_init)
                  000055a4    00000004                                   : exit.c.obj (.text:abort:abort)

.const     0    000055a8    00000270     
                  000055a8    00000158     rtsv7M4_T_le_v4SPD16_eabi.lib : k_rem_pio2.c.obj (.const:$O1$$)
                  00005700    00000101                                   : ctype.c.obj (.const:.string:_ctypes_)
                  00005801    0000000f     open_interface.obj (.const:.string:$P$T0$3)
                  00005810    00000004     lcd.obj (.const:.string:lineAddress$1)
                  00005814    00000004     lcd.obj (.const:.string:lineAddresses$2)

.cinit     0    00005818    00000050     
                  00005818    00000019     (.cinit..data.load) [load image, compression = lzss]
                  00005831    00000003     --HOLE-- [fill = 0]
                  00005834    0000000c     (__TI_handler_table)
                  00005840    00000008     (.cinit..bss.load) [load image, compression = zero_init]
                  00005848    00000008     (.cinit..vtable.load) [load image, compression = zero_init]
                  00005850    00000018     (__TI_cinit_table)

.init_array 
*          0    00000000    00000000     UNINITIALIZED

.vtable    0    20000000    0000026c     UNINITIALIZED
                  20000000    0000026c     driverlib.lib : interrupt.obj (.vtable)

.stack     0    20000270    00000800     UNINITIALIZED
                  20000270    00000004     rtsv7M4_T_le_v4SPD16_eabi.lib : boot_cortex_m.c.obj (.stack)
                  20000274    000007fc     --HOLE--

.sysmem    0    20000a70    00000400     UNINITIALIZED
                  20000a70    00000010     rtsv7M4_T_le_v4SPD16_eabi.lib : memory.c.obj (.sysmem)
                  20000a80    000003f0     --HOLE--

.bss       0    20000e70    000000bd     UNINITIALIZED
                  20000e70    00000054     lcd.obj (.bss:lastbuffer$3)
                  20000ec4    00000034     (.common:isr_char_buffer)
                  20000ef8    00000018     open_interface.obj (.bss:firmware$2)
                  20000f10    00000004     (.common:_timeout_ticks)
                  20000f14    00000004     (.common:fallingEdge)
                  20000f18    00000004     (.common:isr_int_value)
                  20000f1c    00000004     (.common:left_calibration_value)
                  20000f20    00000004     (.common:pulseLength)
                  20000f24    00000004     (.common:right_calibration_value)
                  20000f28    00000004     (.common:risingEdge)
                  20000f2c    00000001     (.common:isRisingEdge)

.data      0    20000f30    0000003d     UNINITIALIZED
                  20000f30    00000020     open_interface.obj (.data)
                  20000f50    00000008     rtsv7M4_T_le_v4SPD16_eabi.lib : _lock.c.obj (.data:$O1$$)
                  20000f58    00000008                                   : memory.c.obj (.data:$O1$$)
                  20000f60    00000004     libcybotScan.lib : cyBot_Scan.obj (.data)
                  20000f64    00000004     libcybotUART.lib : uart.obj (.data)
                  20000f68    00000004     rtsv7M4_T_le_v4SPD16_eabi.lib : errno.c.obj (.data)
                  20000f6c    00000001     Timer.obj (.data)

__llvm_prf_cnts 
*          0    20000000    00000000     UNINITIALIZED

MODULE SUMMARY

       Module                         code    ro data   rw data
       ------                         ----    -------   -------
    .\
       open_interface.obj             3128    15        56     
       Lab3Part1.obj                  1488    0         8      
       lcd.obj                        824     8         84     
       tm4c123gh6pm_startup_ccs.obj   12      620       0      
       Timer.obj                      584     0         5      
    +--+------------------------------+-------+---------+---------+
       Total:                         6036    643       153    
                                                               
    ../libcybotScan.lib
       cyBot_Scan.obj                 608     0         4      
       ping.obj                       492     0         13     
       servo.obj                      344     0         0      
       ir.obj                         280     0         4      
    +--+------------------------------+-------+---------+---------+
       Total:                         1724    0         21     
                                                               
    ../libcybotUART.lib
       uart.obj                       348     0         56     
    +--+------------------------------+-------+---------+---------+
       Total:                         348     0         56     
                                                               
    C:/ti/TivaWare_C_Series-2.2.0.295/driverlib/ccs/Debug/driverlib.lib
       interrupt.obj                  68      0         620    
       cpu.obj                        12      0         0      
    +--+------------------------------+-------+---------+---------+
       Total:                         80      0         620    
                                                               
    C:\ti\ccs1200\ccs\tools\compiler\ti-cgt-arm_20.2.6.LTS\lib\rtsv7M4_T_le_v4SPD16_eabi.lib
       _printfi.c.obj                 4851    0         0      
       k_rem_pio2.c.obj               1848    344       0      
       s_sin.c.obj                    1504    0         0      
       memory.c.obj                   728     0         8      
       fd_add_t2.asm.obj              438     0         0      
       k_sin.c.obj                    372     0         0      
       k_cos.c.obj                    368     0         0      
       fd_div_t2.asm.obj              310     0         0      
       s_scalbn.c.obj                 272     0         0      
       fd_cmp_t2.asm.obj              268     0         0      
       ctype.c.obj                    0       257       0      
       fd_mul_t2.asm.obj              252     0         0      
       s_floor.c.obj                  248     0         0      
       memcpy_t2.asm.obj              156     0         0      
       ull_div_t2.asm.obj             150     0         0      
       vsnprintf.c.obj                136     0         0      
       memset_t2.asm.obj              122     0         0      
       fd_tos_t2.asm.obj              110     0         0      
       copy_decompress_lzss.c.obj     104     0         0      
       s_frexp.c.obj                  100     0         0      
       sprintf.c.obj                  98      0         0      
       _ltoa.c.obj                    84      0         0      
       atoi.c.obj                     76      0         0      
       fd_toi_t2.asm.obj              72      0         0      
       autoinit.c.obj                 68      0         0      
       fs_tod_t2.asm.obj              56      0         0      
       boot_cortex_m.c.obj            52      0         0      
       i_tofd_t2.asm.obj              46      0         0      
       copy_zero_init.c.obj           28      0         0      
       memccpy.c.obj                  28      0         0      
       s_copysign.c.obj               26      0         0      
       strcmp.c.obj                   24      0         0      
       strchr.c.obj                   22      0         0      
       strcpy.c.obj                   20      0         0      
       strlen.c.obj                   20      0         0      
       wcslen.c.obj                   18      0         0      
       copy_decompress_none.c.obj     14      0         0      
       errno.c.obj                    8       0         4      
       _lock.c.obj                    2       0         8      
       exit.c.obj                     4       0         0      
       pre_init.c.obj                 4       0         0      
       div0.asm.obj                   2       0         0      
    +--+------------------------------+-------+---------+---------+
       Total:                         13109   601       20     
                                                               
       Heap:                          0       0         1024   
       Stack:                         0       0         2048   
       Linker Generated:              0       77        0      
    +--+------------------------------+-------+---------+---------+
       Grand Total:                   21297   1321      3942   


LINKER GENERATED COPY TABLES

__TI_cinit_table @ 00005850 records: 3, size/record: 8, table size: 24
	.data: load addr=00005818, load size=00000019 bytes, run addr=20000f30, run size=0000003d bytes, compression=lzss
	.bss: load addr=00005840, load size=00000008 bytes, run addr=20000e70, run size=000000bd bytes, compression=zero_init
	.vtable: load addr=00005848, load size=00000008 bytes, run addr=20000000, run size=0000026c bytes, compression=zero_init


LINKER GENERATED HANDLER TABLE

__TI_handler_table @ 00005834 records: 3, size/record: 4, table size: 12
	index: 0, handler: __TI_zero_init
	index: 1, handler: __TI_decompress_lzss
	index: 2, handler: __TI_decompress_none


GLOBAL SYMBOLS: SORTED ALPHABETICALLY BY Name 

address   name                          
-------   ----                          
00004541  ADC0SS0_Handler               
000055a5  C$$EXIT                       
0000556d  CPUcpsie                      
00000bc3  GPIOF_Handler                 
0000553f  IntMasterEnable               
00005331  IntRegister                   
00005579  ResetISR                      
000036f5  TIMER3B_Handler               
20000a70  __STACK_END                   
00000800  __STACK_SIZE                  
20000470  __STACK_TOP                   
00000400  __SYSMEM_SIZE                 
00005850  __TI_CINIT_Base               
00005868  __TI_CINIT_Limit              
00005834  __TI_Handler_Table_Base       
00005840  __TI_Handler_Table_Limit      
000051bd  __TI_auto_init_nobinit_nopinit
00004f61  __TI_decompress_lzss          
0000555f  __TI_decompress_none          
00005083  __TI_ltoa                     
ffffffff  __TI_pprof_out_hndl           
00000e8d  __TI_printfi                  
ffffffff  __TI_prof_data_size           
ffffffff  __TI_prof_data_start          
00000000  __TI_static_base__            
00005421  __TI_zero_init_nomemset       
00004c8d  __aeabi_cdcmpeq               
00004c8d  __aeabi_cdcmple               
00004d13  __aeabi_cdrcmple              
00004ef3  __aeabi_d2f                   
00005175  __aeabi_d2iz                  
000039cb  __aeabi_dadd                  
0000424d  __aeabi_ddiv                  
000047d1  __aeabi_dmul                  
000039c1  __aeabi_dsub                  
00005591  __aeabi_errno_addr            
000052f9  __aeabi_f2d                   
000053c9  __aeabi_i2d                   
00003b77  __aeabi_idiv0                 
00003b77  __aeabi_ldiv0                 
00004d99  __aeabi_memclr                
00004d99  __aeabi_memclr4               
00004d99  __aeabi_memclr8               
00004b5b  __aeabi_memcpy                
00004b5b  __aeabi_memcpy4               
00004b5b  __aeabi_memcpy8               
00004d9b  __aeabi_memset                
00004d9b  __aeabi_memset4               
00004d9b  __aeabi_memset8               
00004bf7  __aeabi_uldivmod              
ffffffff  __binit__                     
ffffffff  __c_args__                    
00003ced  __kernel_cos                  
000018dd  __kernel_rem_pio2             
00003b79  __kernel_sin                  
UNDEFED   __mpu_init                    
20000270  __stack                       
20000000  __start___llvm_prf_cnts       
20000000  __stop___llvm_prf_cnts        
00005365  _c_int00_noargs               
00005700  _ctypes_                      
20000f50  _lock                         
000018db  _nop                          
20000f6c  _running                      
20000a70  _sys_memory                   
UNDEFED   _system_post_cinit            
000055a1  _system_pre_init              
20000f10  _timeout_ticks                
20000f54  _unlock                       
000055a5  abort                         
000046d1  aligned_alloc                 
00005129  atoi                          
ffffffff  binit                         
000052c1  calloc                        
00005475  copysign                      
00005475  copysignl                     
00003235  cyBOT_SERVO_cal               
000031c3  cyBOT_Scan                    
0000316b  cyBOT_init_Scan               
20000f60  cyBOT_scan_features           
0000315d  cyBOT_scan_version            
00003f65  cyBot_UART1_Handler           
00003f4b  cyBot_getByte                 
00003e5d  cyBot_sendByte                
00003f2d  cyBot_uart_flush              
00003e9b  cyBot_uart_init               
00003e83  cyBot_uart_sendBuffer         
00003e69  cyBot_uart_sendStr            
20000f68  errno                         
20000f14  fallingEdge                   
000048cd  floor                         
000048cd  floorl                        
000049c5  free                          
00004fc9  frexp                         
00004fc9  frexpl                        
20000000  g_pfnRAMVectors               
00000000  g_pfnVectors                  
0000097f  go_charge                     
00004557  ir_enableInterrupt            
00004539  ir_getDistance                
00004511  ir_getValue                   
000044a9  ir_init                       
20000f2c  isRisingEdge                  
20000ec4  isr_char_buffer               
20000f64  isr_counter                   
20000f18  isr_int_value                 
00002625  lab3part1                     
00002805  lab3part2                     
0000554f  lcd_clear                     
00002d99  lcd_gotoLine                  
00002c01  lcd_init                      
00002dff  lcd_printf                    
00002cc1  lcd_putc                      
00002cf9  lcd_puts                      
00002bc5  lcd_reverseNibble             
00002d17  lcd_sendCommand               
00002d55  lcd_sendNibble                
00002dc1  lcd_setCursorPos              
000045c1  ldexp                         
000045c1  ldexpl                        
20000f1c  left_calibration_value        
00002ab1  main                          
00005599  malloc                        
000046d1  memalign                      
00005459  memccpy                       
00004b5b  memcpy                        
00004da1  memset                        
20000f30  motor_cal_factor_L            
20000f34  motor_cal_factor_R            
0000026d  oi_alloc                      
00000aa9  oi_checkFirmware              
000002c7  oi_close                      
00000279  oi_free                       
00000ded  oi_getMotorCalibrationLeft    
00000e01  oi_getMotorCalibrationRight   
000002b1  oi_init                       
00000289  oi_init_noupdate              
00000915  oi_loadSong                   
000054bf  oi_parseInt                   
0000032b  oi_parsePacket                
0000096b  oi_play_song                  
0000084b  oi_setLeds                    
00000db1  oi_setMotorCalibration        
0000088f  oi_setWheels                  
00000b51  oi_shutoff_init               
0000098d  oi_uartInit                   
00000a31  oi_uartReceive                
00000a77  oi_uartSendBuff               
00000a15  oi_uartSendChar               
00000a59  oi_uartSendStr                
000002d9  oi_update                     
00003747  ping_getDistance              
00003605  ping_init                     
0000368b  ping_trigger                  
20000f20  pulseLength                   
20000f24  right_calibration_value       
20000f28  risingEdge                    
000045c1  scalbn                        
000045c1  scalbnl                       
000025f5  sendString                    
00003fb9  servo_init                    
00004049  servo_move                    
000040a9  servo_setPWM                  
0000403d  servo_stop                    
00002015  sin                           
00002015  sinl                          
00005201  sprintf                       
000054ef  strchr                        
000054d7  strcmp                        
00005505  strcpy                        
00005519  strlen                        
000034db  timer_getMicros               
00003483  timer_getMillis               
000033bd  timer_init                    
0000345f  timer_pause                   
00003471  timer_resume                  
00003435  timer_stop                    
00003535  timer_waitMicros              
00003567  timer_waitMillis              
000027cf  toRadians                     
00005241  vsnprintf                     
0000552d  wcslen                        


GLOBAL SYMBOLS: SORTED BY Symbol Address 

address   name                          
-------   ----                          
00000000  __TI_static_base__            
00000000  g_pfnVectors                  
0000026d  oi_alloc                      
00000279  oi_free                       
00000289  oi_init_noupdate              
000002b1  oi_init                       
000002c7  oi_close                      
000002d9  oi_update                     
0000032b  oi_parsePacket                
00000400  __SYSMEM_SIZE                 
00000800  __STACK_SIZE                  
0000084b  oi_setLeds                    
0000088f  oi_setWheels                  
00000915  oi_loadSong                   
0000096b  oi_play_song                  
0000097f  go_charge                     
0000098d  oi_uartInit                   
00000a15  oi_uartSendChar               
00000a31  oi_uartReceive                
00000a59  oi_uartSendStr                
00000a77  oi_uartSendBuff               
00000aa9  oi_checkFirmware              
00000b51  oi_shutoff_init               
00000bc3  GPIOF_Handler                 
00000db1  oi_setMotorCalibration        
00000ded  oi_getMotorCalibrationLeft    
00000e01  oi_getMotorCalibrationRight   
00000e8d  __TI_printfi                  
000018db  _nop                          
000018dd  __kernel_rem_pio2             
00002015  sin                           
00002015  sinl                          
000025f5  sendString                    
00002625  lab3part1                     
000027cf  toRadians                     
00002805  lab3part2                     
00002ab1  main                          
00002bc5  lcd_reverseNibble             
00002c01  lcd_init                      
00002cc1  lcd_putc                      
00002cf9  lcd_puts                      
00002d17  lcd_sendCommand               
00002d55  lcd_sendNibble                
00002d99  lcd_gotoLine                  
00002dc1  lcd_setCursorPos              
00002dff  lcd_printf                    
0000315d  cyBOT_scan_version            
0000316b  cyBOT_init_Scan               
000031c3  cyBOT_Scan                    
00003235  cyBOT_SERVO_cal               
000033bd  timer_init                    
00003435  timer_stop                    
0000345f  timer_pause                   
00003471  timer_resume                  
00003483  timer_getMillis               
000034db  timer_getMicros               
00003535  timer_waitMicros              
00003567  timer_waitMillis              
00003605  ping_init                     
0000368b  ping_trigger                  
000036f5  TIMER3B_Handler               
00003747  ping_getDistance              
000039c1  __aeabi_dsub                  
000039cb  __aeabi_dadd                  
00003b77  __aeabi_idiv0                 
00003b77  __aeabi_ldiv0                 
00003b79  __kernel_sin                  
00003ced  __kernel_cos                  
00003e5d  cyBot_sendByte                
00003e69  cyBot_uart_sendStr            
00003e83  cyBot_uart_sendBuffer         
00003e9b  cyBot_uart_init               
00003f2d  cyBot_uart_flush              
00003f4b  cyBot_getByte                 
00003f65  cyBot_UART1_Handler           
00003fb9  servo_init                    
0000403d  servo_stop                    
00004049  servo_move                    
000040a9  servo_setPWM                  
0000424d  __aeabi_ddiv                  
000044a9  ir_init                       
00004511  ir_getValue                   
00004539  ir_getDistance                
00004541  ADC0SS0_Handler               
00004557  ir_enableInterrupt            
000045c1  ldexp                         
000045c1  ldexpl                        
000045c1  scalbn                        
000045c1  scalbnl                       
000046d1  aligned_alloc                 
000046d1  memalign                      
000047d1  __aeabi_dmul                  
000048cd  floor                         
000048cd  floorl                        
000049c5  free                          
00004b5b  __aeabi_memcpy                
00004b5b  __aeabi_memcpy4               
00004b5b  __aeabi_memcpy8               
00004b5b  memcpy                        
00004bf7  __aeabi_uldivmod              
00004c8d  __aeabi_cdcmpeq               
00004c8d  __aeabi_cdcmple               
00004d13  __aeabi_cdrcmple              
00004d99  __aeabi_memclr                
00004d99  __aeabi_memclr4               
00004d99  __aeabi_memclr8               
00004d9b  __aeabi_memset                
00004d9b  __aeabi_memset4               
00004d9b  __aeabi_memset8               
00004da1  memset                        
00004ef3  __aeabi_d2f                   
00004f61  __TI_decompress_lzss          
00004fc9  frexp                         
00004fc9  frexpl                        
00005083  __TI_ltoa                     
00005129  atoi                          
00005175  __aeabi_d2iz                  
000051bd  __TI_auto_init_nobinit_nopinit
00005201  sprintf                       
00005241  vsnprintf                     
000052c1  calloc                        
000052f9  __aeabi_f2d                   
00005331  IntRegister                   
00005365  _c_int00_noargs               
000053c9  __aeabi_i2d                   
00005421  __TI_zero_init_nomemset       
00005459  memccpy                       
00005475  copysign                      
00005475  copysignl                     
000054bf  oi_parseInt                   
000054d7  strcmp                        
000054ef  strchr                        
00005505  strcpy                        
00005519  strlen                        
0000552d  wcslen                        
0000553f  IntMasterEnable               
0000554f  lcd_clear                     
0000555f  __TI_decompress_none          
0000556d  CPUcpsie                      
00005579  ResetISR                      
00005591  __aeabi_errno_addr            
00005599  malloc                        
000055a1  _system_pre_init              
000055a5  C$$EXIT                       
000055a5  abort                         
00005700  _ctypes_                      
00005834  __TI_Handler_Table_Base       
00005840  __TI_Handler_Table_Limit      
00005850  __TI_CINIT_Base               
00005868  __TI_CINIT_Limit              
20000000  __start___llvm_prf_cnts       
20000000  __stop___llvm_prf_cnts        
20000000  g_pfnRAMVectors               
20000270  __stack                       
20000470  __STACK_TOP                   
20000a70  __STACK_END                   
20000a70  _sys_memory                   
20000ec4  isr_char_buffer               
20000f10  _timeout_ticks                
20000f14  fallingEdge                   
20000f18  isr_int_value                 
20000f1c  left_calibration_value        
20000f20  pulseLength                   
20000f24  right_calibration_value       
20000f28  risingEdge                    
20000f2c  isRisingEdge                  
20000f30  motor_cal_factor_L            
20000f34  motor_cal_factor_R            
20000f50  _lock                         
20000f54  _unlock                       
20000f60  cyBOT_scan_features           
20000f64  isr_counter                   
20000f68  errno                         
20000f6c  _running                      
ffffffff  __TI_pprof_out_hndl           
ffffffff  __TI_prof_data_size           
ffffffff  __TI_prof_data_start          
ffffffff  __binit__                     
ffffffff  __c_args__                    
ffffffff  binit                         
UNDEFED   __mpu_init                    
UNDEFED   _system_post_cinit            

[182 symbols]
