******************************************************************************
                  TI ARM Linker PC v20.2.6                     
******************************************************************************
>> Linked Wed Oct 26 10:13:25 2022

OUTPUT FILE NAME:   <Lab8.out>
ENTRY POINT SYMBOL: "_c_int00_noargs"  address: 000065e9


MEMORY CONFIGURATION

         name            origin    length      used     unused   attr    fill
----------------------  --------  ---------  --------  --------  ----  --------
  FLASH                 00000000   00040000  00006b1f  000394e1  R  X
  SRAM                  20000000   00008000  00000f30  000070d0  RW X


SEGMENT ALLOCATION MAP

run origin  load origin   length   init length attrs members
----------  ----------- ---------- ----------- ----- -------
00000000    00000000    00006b28   00006b28    r-x
  00000000    00000000    0000026c   0000026c    r-- .intvecs
  0000026c    0000026c    000065c0   000065c0    r-x .text
  00006830    00006830    000002a3   000002a3    r-- .const
  00006ad8    00006ad8    00000050   00000050    r-- .cinit
20000000    20000000    00000f37   00000000    rw-
  20000000    20000000    0000026c   00000000    rw- .vtable
  20000270    20000270    00000800   00000000    rw- .stack
  20000a70    20000a70    00000400   00000000    rw- .sysmem
  20000e70    20000e70    00000089   00000000    rw- .bss
  20000efc    20000efc    0000003b   00000000    rw- .data


SECTION ALLOCATION MAP

 output                                  attributes/
section   page    origin      length       input sections
--------  ----  ----------  ----------   ----------------
.intvecs   0    00000000    0000026c     
                  00000000    0000026c     tm4c123gh6pm_startup_ccs.obj (.intvecs)

.text      0    0000026c    000065c0     
                  0000026c    00000c20     open_interface.obj (.text)
                  00000e8c    00000bf4     Lab8_movement.obj (.text)
                  00001a80    00000a4e     rtsv7M4_T_le_v4SPD16_eabi.lib : _printfi.c.obj (.text:__TI_printfi)
                  000024ce    00000002                                   : _lock.c.obj (.text:_nop)
                  000024d0    000009d0                                   : e_pow.c.obj (.text:pow)
                  00002ea0    00000738                                   : k_rem_pio2.c.obj (.text:__kernel_rem_pio2)
                  000035d8    000005e0                                   : s_sin.c.obj (.text:sin)
                  00003bb8    00000328     lcd.obj (.text)
                  00003ee0    00000270     rtsv7M4_T_le_v4SPD16_eabi.lib : _printfi.c.obj (.text:_pconv_a)
                  00004150    00000260     libcybotScan.lib : cyBot_Scan.obj (.text)
                  000043b0    00000248     Timer.obj (.text)
                  000045f8    000001ec     libcybotScan.lib : ping.obj (.text)
                  000047e4    000001d0     rtsv7M4_T_le_v4SPD16_eabi.lib : _printfi.c.obj (.text:_pconv_g)
                  000049b4    000001b6                                   : fd_add_t2.asm.obj (.text)
                  00004b6a    00000002                                   : div0.asm.obj (.text)
                  00004b6c    00000188     uart_extra_help.obj (.text)
                  00004cf4    00000174     rtsv7M4_T_le_v4SPD16_eabi.lib : k_sin.c.obj (.text:__kernel_sin)
                  00004e68    00000170                                   : k_cos.c.obj (.text:__kernel_cos)
                  00004fd8    00000158     libcybotScan.lib : servo.obj (.text)
                  00005130    00000158     rtsv7M4_T_le_v4SPD16_eabi.lib : e_sqrt.c.obj (.text:sqrt)
                  00005288    0000013c                                   : _printfi.c.obj (.text:_pconv_e)
                  000053c4    00000136                                   : fd_div_t2.asm.obj (.text)
                  000054fa    00000002     --HOLE-- [fill = 0]
                  000054fc    00000124                                   : _printfi.c.obj (.text:fcvt)
                  00005620    00000118     libcybotScan.lib : ir.obj (.text)
                  00005738    00000110     rtsv7M4_T_le_v4SPD16_eabi.lib : s_scalbn.c.obj (.text:scalbn)
                  00005848    00000100                                   : memory.c.obj (.text:aligned_alloc)
                  00005948    000000fc                                   : fd_mul_t2.asm.obj (.text)
                  00005a44    000000f8                                   : s_floor.c.obj (.text:floor)
                  00005b3c    000000e4                                   : memory.c.obj (.text:free)
                  00005c20    000000c8     adc.obj (.text)
                  00005ce8    000000b1     rtsv7M4_T_le_v4SPD16_eabi.lib : _printfi.c.obj (.text:_ltostr)
                  00005d99    00000001     --HOLE-- [fill = 0]
                  00005d9a    0000009c                                   : memcpy_t2.asm.obj (.text)
                  00005e36    00000096                                   : ull_div_t2.asm.obj (.text)
                  00005ecc    00000086                                   : fd_cmp_t2.asm.obj (.text:__aeabi_cdcmple)
                  00005f52    00000086                                   : fd_cmp_t2.asm.obj (.text:__aeabi_cdrcmple)
                  00005fd8    0000007a                                   : memset_t2.asm.obj (.text)
                  00006052    00000002     --HOLE-- [fill = 0]
                  00006054    00000070                                   : memory.c.obj (.text:split)
                  000060c4    0000006e                                   : _printfi.c.obj (.text:_mcpy)
                  00006132    0000006e                                   : fd_tos_t2.asm.obj (.text)
                  000061a0    00000068                                   : copy_decompress_lzss.c.obj (.text:decompress:lzss:__TI_decompress_lzss)
                  00006208    00000064                                   : s_frexp.c.obj (.text:frexp)
                  0000626c    00000056                                   : _printfi.c.obj (.text:_pconv_f)
                  000062c2    00000054                                   : _ltoa.c.obj (.text:__TI_ltoa)
                  00006316    00000052                                   : _printfi.c.obj (.text:_ecpy)
                  00006368    0000004c                                   : atoi.c.obj (.text:atoi)
                  000063b4    00000048                                   : fd_toi_t2.asm.obj (.text)
                  000063fc    00000044                                   : autoinit.c.obj (.text:__TI_auto_init_nobinit_nopinit:__TI_auto_init_nobinit_nopinit)
                  00006440    00000044                                   : fd_tou_t2.asm.obj (.text)
                  00006484    00000040                                   : sprintf.c.obj (.text:sprintf)
                  000064c4    00000040                                   : vsnprintf.c.obj (.text:vsnprintf)
                  00006504    0000003e                                   : _printfi.c.obj (.text:_fcpy)
                  00006542    00000002     --HOLE-- [fill = 0]
                  00006544    00000038                                   : memory.c.obj (.text:calloc)
                  0000657c    00000038                                   : fs_tod_t2.asm.obj (.text)
                  000065b4    00000034     driverlib.lib : interrupt.obj (.text:IntRegister)
                  000065e8    00000034     rtsv7M4_T_le_v4SPD16_eabi.lib : boot_cortex_m.c.obj (.text:_c_int00_noargs:_c_int00_noargs)
                  0000661c    00000030                                   : vsnprintf.c.obj (.text:_outs)
                  0000664c    0000002e                                   : i_tofd_t2.asm.obj (.text)
                  0000667a    00000002     --HOLE-- [fill = 0]
                  0000667c    00000028                                   : memory.c.obj (.text:free_list_insert)
                  000066a4    0000001c                                   : copy_zero_init.c.obj (.text:decompress:ZI:__TI_zero_init_nomemset:__TI_zero_init_nomemset)
                  000066c0    0000001c                                   : memory.c.obj (.text:free_list_remove)
                  000066dc    0000001c                                   : memccpy.c.obj (.text:memccpy)
                  000066f8    0000001a                                   : s_copysign.c.obj (.text:copysign)
                  00006712    00000018                                   : vsnprintf.c.obj (.text:_outc)
                  0000672a    00000018                                   : sprintf.c.obj (.text:_outs)
                  00006742    00000018     open_interface.obj (.text:oi_parseInt)
                  0000675a    00000018     rtsv7M4_T_le_v4SPD16_eabi.lib : strcmp.c.obj (.text:strcmp)
                  00006772    00000016                                   : strchr.c.obj (.text:strchr)
                  00006788    00000014                                   : strcpy.c.obj (.text:strcpy)
                  0000679c    00000014                                   : strlen.c.obj (.text:strlen)
                  000067b0    00000012                                   : wcslen.c.obj (.text:wcslen)
                  000067c2    00000010     driverlib.lib : interrupt.obj (.text:IntMasterEnable)
                  000067d2    00000010     lcd.obj (.text:lcd_clear)
                  000067e2    0000000e     rtsv7M4_T_le_v4SPD16_eabi.lib : copy_decompress_none.c.obj (.text:decompress:none:__TI_decompress_none)
                  000067f0    0000000c     driverlib.lib : cpu.obj (.text:CPUcpsie)
                  000067fc    0000000c     tm4c123gh6pm_startup_ccs.obj (.text)
                  00006808    0000000a     rtsv7M4_T_le_v4SPD16_eabi.lib : sprintf.c.obj (.text:_outc)
                  00006812    00000002     --HOLE-- [fill = 0]
                  00006814    00000008                                   : errno.c.obj (.text:__aeabi_errno_addr)
                  0000681c    00000008                                   : memory.c.obj (.text:malloc)
                  00006824    00000004                                   : pre_init.c.obj (.text:_system_pre_init)
                  00006828    00000004                                   : exit.c.obj (.text:abort:abort)

.const     0    00006830    000002a3     
                  00006830    00000158     rtsv7M4_T_le_v4SPD16_eabi.lib : k_rem_pio2.c.obj (.const:$O1$$)
                  00006988    00000101                                   : ctype.c.obj (.const:.string:_ctypes_)
                  00006a89    00000004     lcd.obj (.const:.string:lineAddress$1)
                  00006a8d    00000003     --HOLE-- [fill = 0]
                  00006a90    00000030     rtsv7M4_T_le_v4SPD16_eabi.lib : e_pow.c.obj (.const:$O1$$)
                  00006ac0    0000000f     open_interface.obj (.const:.string:$P$T0$3)
                  00006acf    00000004     lcd.obj (.const:.string:lineAddresses$2)

.cinit     0    00006ad8    00000050     
                  00006ad8    00000019     (.cinit..data.load) [load image, compression = lzss]
                  00006af1    00000003     --HOLE-- [fill = 0]
                  00006af4    0000000c     (__TI_handler_table)
                  00006b00    00000008     (.cinit..bss.load) [load image, compression = zero_init]
                  00006b08    00000008     (.cinit..vtable.load) [load image, compression = zero_init]
                  00006b10    00000018     (__TI_cinit_table)

.init_array 
*          0    00000000    00000000     UNINITIALIZED

.vtable    0    20000000    0000026c     UNINITIALIZED
                  20000000    0000026c     driverlib.lib : interrupt.obj (.vtable)

.stack     0    20000270    00000800     UNINITIALIZED
                  20000270    00000004     rtsv7M4_T_le_v4SPD16_eabi.lib : boot_cortex_m.c.obj (.stack)
                  20000274    000007fc     --HOLE--

.sysmem    0    20000a70    00000400     UNINITIALIZED
                  20000a70    00000010     rtsv7M4_T_le_v4SPD16_eabi.lib : memory.c.obj (.sysmem)
                  20000a80    000003f0     --HOLE--

.bss       0    20000e70    00000089     UNINITIALIZED
                  20000e70    00000054     lcd.obj (.bss:lastbuffer$3)
                  20000ec4    00000018     open_interface.obj (.bss:firmware$2)
                  20000edc    00000004     (.common:_timeout_ticks)
                  20000ee0    00000004     (.common:fallingEdge)
                  20000ee4    00000004     (.common:isr_int_value)
                  20000ee8    00000004     (.common:left_calibration_value)
                  20000eec    00000004     (.common:pulseLength)
                  20000ef0    00000004     (.common:right_calibration_value)
                  20000ef4    00000004     (.common:risingEdge)
                  20000ef8    00000001     (.common:isRisingEdge)

.data      0    20000efc    0000003b     UNINITIALIZED
                  20000efc    00000020     open_interface.obj (.data)
                  20000f1c    00000008     rtsv7M4_T_le_v4SPD16_eabi.lib : _lock.c.obj (.data:$O1$$)
                  20000f24    00000008                                   : memory.c.obj (.data:$O1$$)
                  20000f2c    00000004     libcybotScan.lib : cyBot_Scan.obj (.data)
                  20000f30    00000004     rtsv7M4_T_le_v4SPD16_eabi.lib : errno.c.obj (.data)
                  20000f34    00000002     uart_extra_help.obj (.data)
                  20000f36    00000001     Timer.obj (.data)

__llvm_prf_cnts 
*          0    20000000    00000000     UNINITIALIZED

MODULE SUMMARY

       Module                         code    ro data   rw data
       ------                         ----    -------   -------
    .\
       open_interface.obj             3128    15        56     
       Lab8_movement.obj              3060    0         8      
       lcd.obj                        824     8         84     
       tm4c123gh6pm_startup_ccs.obj   12      620       0      
       Timer.obj                      584     0         5      
       uart_extra_help.obj            392     0         2      
       adc.obj                        200     0         0      
    +--+------------------------------+-------+---------+---------+
       Total:                         8200    643       155    
                                                               
    ../libcybotScan.lib
       cyBot_Scan.obj                 608     0         4      
       ping.obj                       492     0         13     
       servo.obj                      344     0         0      
       ir.obj                         280     0         4      
    +--+------------------------------+-------+---------+---------+
       Total:                         1724    0         21     
                                                               
    C:/ti/TivaWare_C_Series-2.2.0.295/driverlib/ccs/Debug/driverlib.lib
       interrupt.obj                  68      0         620    
       cpu.obj                        12      0         0      
    +--+------------------------------+-------+---------+---------+
       Total:                         80      0         620    
                                                               
    C:\ti\ccs1200\ccs\tools\compiler\ti-cgt-arm_20.2.6.LTS\lib\rtsv7M4_T_le_v4SPD16_eabi.lib
       _printfi.c.obj                 4851    0         0      
       e_pow.c.obj                    2512    48        0      
       k_rem_pio2.c.obj               1848    344       0      
       s_sin.c.obj                    1504    0         0      
       memory.c.obj                   728     0         8      
       fd_add_t2.asm.obj              438     0         0      
       k_sin.c.obj                    372     0         0      
       k_cos.c.obj                    368     0         0      
       e_sqrt.c.obj                   344     0         0      
       fd_div_t2.asm.obj              310     0         0      
       s_scalbn.c.obj                 272     0         0      
       fd_cmp_t2.asm.obj              268     0         0      
       ctype.c.obj                    0       257       0      
       fd_mul_t2.asm.obj              252     0         0      
       s_floor.c.obj                  248     0         0      
       memcpy_t2.asm.obj              156     0         0      
       ull_div_t2.asm.obj             150     0         0      
       vsnprintf.c.obj                136     0         0      
       memset_t2.asm.obj              122     0         0      
       fd_tos_t2.asm.obj              110     0         0      
       copy_decompress_lzss.c.obj     104     0         0      
       s_frexp.c.obj                  100     0         0      
       sprintf.c.obj                  98      0         0      
       _ltoa.c.obj                    84      0         0      
       atoi.c.obj                     76      0         0      
       fd_toi_t2.asm.obj              72      0         0      
       autoinit.c.obj                 68      0         0      
       fd_tou_t2.asm.obj              68      0         0      
       fs_tod_t2.asm.obj              56      0         0      
       boot_cortex_m.c.obj            52      0         0      
       i_tofd_t2.asm.obj              46      0         0      
       copy_zero_init.c.obj           28      0         0      
       memccpy.c.obj                  28      0         0      
       s_copysign.c.obj               26      0         0      
       strcmp.c.obj                   24      0         0      
       strchr.c.obj                   22      0         0      
       strcpy.c.obj                   20      0         0      
       strlen.c.obj                   20      0         0      
       wcslen.c.obj                   18      0         0      
       copy_decompress_none.c.obj     14      0         0      
       errno.c.obj                    8       0         4      
       _lock.c.obj                    2       0         8      
       exit.c.obj                     4       0         0      
       pre_init.c.obj                 4       0         0      
       div0.asm.obj                   2       0         0      
    +--+------------------------------+-------+---------+---------+
       Total:                         16033   649       20     
                                                               
       Heap:                          0       0         1024   
       Stack:                         0       0         2048   
       Linker Generated:              0       77        0      
    +--+------------------------------+-------+---------+---------+
       Grand Total:                   26037   1369      3888   


LINKER GENERATED COPY TABLES

__TI_cinit_table @ 00006b10 records: 3, size/record: 8, table size: 24
	.data: load addr=00006ad8, load size=00000019 bytes, run addr=20000efc, run size=0000003b bytes, compression=lzss
	.bss: load addr=00006b00, load size=00000008 bytes, run addr=20000e70, run size=00000089 bytes, compression=zero_init
	.vtable: load addr=00006b08, load size=00000008 bytes, run addr=20000000, run size=0000026c bytes, compression=zero_init


LINKER GENERATED HANDLER TABLE

__TI_handler_table @ 00006af4 records: 3, size/record: 4, table size: 12
	index: 0, handler: __TI_zero_init
	index: 1, handler: __TI_decompress_lzss
	index: 2, handler: __TI_decompress_none


GLOBAL SYMBOLS: SORTED ALPHABETICALLY BY Name 

address   name                          
-------   ----                          
000056b9  ADC0SS0_Handler               
00006829  C$$EXIT                       
000067f1  CPUcpsie                      
00000bc3  GPIOF_Handler                 
000067c3  IntMasterEnable               
000065b5  IntRegister                   
000067fd  ResetISR                      
000046e9  TIMER3B_Handler               
20000a70  __STACK_END                   
00000800  __STACK_SIZE                  
20000470  __STACK_TOP                   
00000400  __SYSMEM_SIZE                 
00006b10  __TI_CINIT_Base               
00006b28  __TI_CINIT_Limit              
00006af4  __TI_Handler_Table_Base       
00006b00  __TI_Handler_Table_Limit      
000063fd  __TI_auto_init_nobinit_nopinit
000061a1  __TI_decompress_lzss          
000067e3  __TI_decompress_none          
000062c3  __TI_ltoa                     
ffffffff  __TI_pprof_out_hndl           
00001a81  __TI_printfi                  
ffffffff  __TI_prof_data_size           
ffffffff  __TI_prof_data_start          
00000000  __TI_static_base__            
000066a5  __TI_zero_init_nomemset       
00005ecd  __aeabi_cdcmpeq               
00005ecd  __aeabi_cdcmple               
00005f53  __aeabi_cdrcmple              
00006133  __aeabi_d2f                   
000063b5  __aeabi_d2iz                  
00006441  __aeabi_d2uiz                 
000049bf  __aeabi_dadd                  
000053c5  __aeabi_ddiv                  
00005949  __aeabi_dmul                  
000049b5  __aeabi_dsub                  
00006815  __aeabi_errno_addr            
0000657d  __aeabi_f2d                   
0000664d  __aeabi_i2d                   
00004b6b  __aeabi_idiv0                 
00004b6b  __aeabi_ldiv0                 
00005fd9  __aeabi_memclr                
00005fd9  __aeabi_memclr4               
00005fd9  __aeabi_memclr8               
00005d9b  __aeabi_memcpy                
00005d9b  __aeabi_memcpy4               
00005d9b  __aeabi_memcpy8               
00005fdb  __aeabi_memset                
00005fdb  __aeabi_memset4               
00005fdb  __aeabi_memset8               
00005e37  __aeabi_uldivmod              
ffffffff  __binit__                     
ffffffff  __c_args__                    
00004e69  __kernel_cos                  
00002ea1  __kernel_rem_pio2             
00004cf5  __kernel_sin                  
UNDEFED   __mpu_init                    
20000270  __stack                       
20000000  __start___llvm_prf_cnts       
20000000  __stop___llvm_prf_cnts        
000065e9  _c_int00_noargs               
00006988  _ctypes_                      
20000f1c  _lock                         
000024cf  _nop                          
20000f36  _running                      
20000a70  _sys_memory                   
UNDEFED   _system_post_cinit            
00006825  _system_pre_init              
20000edc  _timeout_ticks                
20000f20  _unlock                       
00006829  abort                         
00005c21  adc_init                      
00005c89  adc_read                      
00005849  aligned_alloc                 
00006369  atoi                          
0000162f  auto_drive                    
ffffffff  binit                         
000016e5  bump_drive                    
00006545  calloc                        
000066f9  copysign                      
000066f9  copysignl                     
00004229  cyBOT_SERVO_cal               
000041b7  cyBOT_Scan                    
0000415f  cyBOT_init_Scan               
20000f2c  cyBOT_scan_features           
00004151  cyBOT_scan_version            
20000f30  errno                         
000011d5  est_distance                  
20000ee0  fallingEdge                   
20000f34  flag                          
00005a45  floor                         
00005a45  floorl                        
00005b3d  free                          
00006209  frexp                         
00006209  frexpl                        
20000000  g_pfnRAMVectors               
00000000  g_pfnVectors                  
0000097f  go_charge                     
00001141  hasBumpedLeft                 
0000115b  hasBumpedRight                
000056cf  ir_enableInterrupt            
000056b1  ir_getDistance                
00005689  ir_getValue                   
00005621  ir_init                       
20000ef8  isRisingEdge                  
20000ee4  isr_int_value                 
000067d3  lcd_clear                     
00003d8d  lcd_gotoLine                  
00003bf5  lcd_init                      
00003df3  lcd_printf                    
00003cb5  lcd_putc                      
00003ced  lcd_puts                      
00003bb9  lcd_reverseNibble             
00003d0b  lcd_sendCommand               
00003d49  lcd_sendNibble                
00003db5  lcd_setCursorPos              
00005739  ldexp                         
00005739  ldexpl                        
20000ee8  left_calibration_value        
000018b1  main                          
0000681d  malloc                        
00005849  memalign                      
000066dd  memccpy                       
00005d9b  memcpy                        
00005fe1  memset                        
20000efc  motor_cal_factor_L            
20000f00  motor_cal_factor_R            
00000efb  move_backward                 
00000e8d  move_forward                  
00001091  move_until_bump               
00001249  object_scan                   
0000026d  oi_alloc                      
00000aa9  oi_checkFirmware              
000002c7  oi_close                      
00000279  oi_free                       
00000ded  oi_getMotorCalibrationLeft    
00000e01  oi_getMotorCalibrationRight   
000002b1  oi_init                       
00000289  oi_init_noupdate              
00000915  oi_loadSong                   
00006743  oi_parseInt                   
0000032b  oi_parsePacket                
0000096b  oi_play_song                  
0000084b  oi_setLeds                    
00000db1  oi_setMotorCalibration        
0000088f  oi_setWheels                  
00000b51  oi_shutoff_init               
0000098d  oi_uartInit                   
00000a31  oi_uartReceive                
00000a77  oi_uartSendBuff               
00000a15  oi_uartSendChar               
00000a59  oi_uartSendStr                
000002d9  oi_update                     
0000473b  ping_getDistance              
000045f9  ping_init                     
0000467f  ping_trigger                  
000024d1  pow                           
000024d1  powl                          
20000eec  pulseLength                   
20000ef0  right_calibration_value       
20000ef4  risingEdge                    
00005739  scalbn                        
00005739  scalbnl                       
0000117d  sendString                    
00004fd9  servo_init                    
00005069  servo_move                    
000050c9  servo_setPWM                  
0000505d  servo_stop                    
000035d9  sin                           
000035d9  sinl                          
00006485  sprintf                       
00005131  sqrt                          
00005131  sqrtl                         
00006773  strchr                        
0000675b  strcmp                        
00006789  strcpy                        
0000679d  strlen                        
000044cf  timer_getMicros               
00004477  timer_getMillis               
000043b1  timer_init                    
00004453  timer_pause                   
00004465  timer_resume                  
00004429  timer_stop                    
00004529  timer_waitMicros              
0000455b  timer_waitMillis              
000011b5  toRadians                     
00000f75  turn_clockwise                
00001003  turn_counterclockwise         
20000f35  uart_data                     
00004b6d  uart_init                     
00004c77  uart_interrupt_handler        
00004c57  uart_interrupt_init           
00004c19  uart_receive                  
00004bfd  uart_sendChar                 
00004c39  uart_sendStr                  
000064c5  vsnprintf                     
000067b1  wcslen                        


GLOBAL SYMBOLS: SORTED BY Symbol Address 

address   name                          
-------   ----                          
00000000  __TI_static_base__            
00000000  g_pfnVectors                  
0000026d  oi_alloc                      
00000279  oi_free                       
00000289  oi_init_noupdate              
000002b1  oi_init                       
000002c7  oi_close                      
000002d9  oi_update                     
0000032b  oi_parsePacket                
00000400  __SYSMEM_SIZE                 
00000800  __STACK_SIZE                  
0000084b  oi_setLeds                    
0000088f  oi_setWheels                  
00000915  oi_loadSong                   
0000096b  oi_play_song                  
0000097f  go_charge                     
0000098d  oi_uartInit                   
00000a15  oi_uartSendChar               
00000a31  oi_uartReceive                
00000a59  oi_uartSendStr                
00000a77  oi_uartSendBuff               
00000aa9  oi_checkFirmware              
00000b51  oi_shutoff_init               
00000bc3  GPIOF_Handler                 
00000db1  oi_setMotorCalibration        
00000ded  oi_getMotorCalibrationLeft    
00000e01  oi_getMotorCalibrationRight   
00000e8d  move_forward                  
00000efb  move_backward                 
00000f75  turn_clockwise                
00001003  turn_counterclockwise         
00001091  move_until_bump               
00001141  hasBumpedLeft                 
0000115b  hasBumpedRight                
0000117d  sendString                    
000011b5  toRadians                     
000011d5  est_distance                  
00001249  object_scan                   
0000162f  auto_drive                    
000016e5  bump_drive                    
000018b1  main                          
00001a81  __TI_printfi                  
000024cf  _nop                          
000024d1  pow                           
000024d1  powl                          
00002ea1  __kernel_rem_pio2             
000035d9  sin                           
000035d9  sinl                          
00003bb9  lcd_reverseNibble             
00003bf5  lcd_init                      
00003cb5  lcd_putc                      
00003ced  lcd_puts                      
00003d0b  lcd_sendCommand               
00003d49  lcd_sendNibble                
00003d8d  lcd_gotoLine                  
00003db5  lcd_setCursorPos              
00003df3  lcd_printf                    
00004151  cyBOT_scan_version            
0000415f  cyBOT_init_Scan               
000041b7  cyBOT_Scan                    
00004229  cyBOT_SERVO_cal               
000043b1  timer_init                    
00004429  timer_stop                    
00004453  timer_pause                   
00004465  timer_resume                  
00004477  timer_getMillis               
000044cf  timer_getMicros               
00004529  timer_waitMicros              
0000455b  timer_waitMillis              
000045f9  ping_init                     
0000467f  ping_trigger                  
000046e9  TIMER3B_Handler               
0000473b  ping_getDistance              
000049b5  __aeabi_dsub                  
000049bf  __aeabi_dadd                  
00004b6b  __aeabi_idiv0                 
00004b6b  __aeabi_ldiv0                 
00004b6d  uart_init                     
00004bfd  uart_sendChar                 
00004c19  uart_receive                  
00004c39  uart_sendStr                  
00004c57  uart_interrupt_init           
00004c77  uart_interrupt_handler        
00004cf5  __kernel_sin                  
00004e69  __kernel_cos                  
00004fd9  servo_init                    
0000505d  servo_stop                    
00005069  servo_move                    
000050c9  servo_setPWM                  
00005131  sqrt                          
00005131  sqrtl                         
000053c5  __aeabi_ddiv                  
00005621  ir_init                       
00005689  ir_getValue                   
000056b1  ir_getDistance                
000056b9  ADC0SS0_Handler               
000056cf  ir_enableInterrupt            
00005739  ldexp                         
00005739  ldexpl                        
00005739  scalbn                        
00005739  scalbnl                       
00005849  aligned_alloc                 
00005849  memalign                      
00005949  __aeabi_dmul                  
00005a45  floor                         
00005a45  floorl                        
00005b3d  free                          
00005c21  adc_init                      
00005c89  adc_read                      
00005d9b  __aeabi_memcpy                
00005d9b  __aeabi_memcpy4               
00005d9b  __aeabi_memcpy8               
00005d9b  memcpy                        
00005e37  __aeabi_uldivmod              
00005ecd  __aeabi_cdcmpeq               
00005ecd  __aeabi_cdcmple               
00005f53  __aeabi_cdrcmple              
00005fd9  __aeabi_memclr                
00005fd9  __aeabi_memclr4               
00005fd9  __aeabi_memclr8               
00005fdb  __aeabi_memset                
00005fdb  __aeabi_memset4               
00005fdb  __aeabi_memset8               
00005fe1  memset                        
00006133  __aeabi_d2f                   
000061a1  __TI_decompress_lzss          
00006209  frexp                         
00006209  frexpl                        
000062c3  __TI_ltoa                     
00006369  atoi                          
000063b5  __aeabi_d2iz                  
000063fd  __TI_auto_init_nobinit_nopinit
00006441  __aeabi_d2uiz                 
00006485  sprintf                       
000064c5  vsnprintf                     
00006545  calloc                        
0000657d  __aeabi_f2d                   
000065b5  IntRegister                   
000065e9  _c_int00_noargs               
0000664d  __aeabi_i2d                   
000066a5  __TI_zero_init_nomemset       
000066dd  memccpy                       
000066f9  copysign                      
000066f9  copysignl                     
00006743  oi_parseInt                   
0000675b  strcmp                        
00006773  strchr                        
00006789  strcpy                        
0000679d  strlen                        
000067b1  wcslen                        
000067c3  IntMasterEnable               
000067d3  lcd_clear                     
000067e3  __TI_decompress_none          
000067f1  CPUcpsie                      
000067fd  ResetISR                      
00006815  __aeabi_errno_addr            
0000681d  malloc                        
00006825  _system_pre_init              
00006829  C$$EXIT                       
00006829  abort                         
00006988  _ctypes_                      
00006af4  __TI_Handler_Table_Base       
00006b00  __TI_Handler_Table_Limit      
00006b10  __TI_CINIT_Base               
00006b28  __TI_CINIT_Limit              
20000000  __start___llvm_prf_cnts       
20000000  __stop___llvm_prf_cnts        
20000000  g_pfnRAMVectors               
20000270  __stack                       
20000470  __STACK_TOP                   
20000a70  __STACK_END                   
20000a70  _sys_memory                   
20000edc  _timeout_ticks                
20000ee0  fallingEdge                   
20000ee4  isr_int_value                 
20000ee8  left_calibration_value        
20000eec  pulseLength                   
20000ef0  right_calibration_value       
20000ef4  risingEdge                    
20000ef8  isRisingEdge                  
20000efc  motor_cal_factor_L            
20000f00  motor_cal_factor_R            
20000f1c  _lock                         
20000f20  _unlock                       
20000f2c  cyBOT_scan_features           
20000f30  errno                         
20000f34  flag                          
20000f35  uart_data                     
20000f36  _running                      
ffffffff  __TI_pprof_out_hndl           
ffffffff  __TI_prof_data_size           
ffffffff  __TI_prof_data_start          
ffffffff  __binit__                     
ffffffff  __c_args__                    
ffffffff  binit                         
UNDEFED   __mpu_init                    
UNDEFED   _system_post_cinit            

[197 symbols]
