******************************************************************************
                  TI ARM Linker PC v20.2.6                     
******************************************************************************
>> Linked Mon Nov  7 18:11:35 2022

OUTPUT FILE NAME:   <Lab10.out>
ENTRY POINT SYMBOL: "_c_int00_noargs"  address: 00006325


MEMORY CONFIGURATION

         name            origin    length      used     unused   attr    fill
----------------------  --------  ---------  --------  --------  ----  --------
  FLASH                 00000000   00040000  00006863  0003979d  R  X
  SRAM                  20000000   00008000  00000f23  000070dd  RW X


SEGMENT ALLOCATION MAP

run origin  load origin   length   init length attrs members
----------  ----------- ---------- ----------- ----- -------
00000000    00000000    00006868   00006868    r-x
  00000000    00000000    0000026c   0000026c    r-- .intvecs
  0000026c    0000026c    000062fc   000062fc    r-x .text
  00006568    00006568    000002a3   000002a3    r-- .const
  00006810    00006810    00000058   00000058    r-- .cinit
20000000    20000000    00000f27   00000000    rw-
  20000000    20000000    0000026c   00000000    rw- .vtable
  20000270    20000270    00000800   00000000    rw- .stack
  20000a70    20000a70    00000400   00000000    rw- .sysmem
  20000e70    20000e70    00000070   00000000    rw- .bss
  20000ee0    20000ee0    00000047   00000000    rw- .data


SECTION ALLOCATION MAP

 output                                  attributes/
section   page    origin      length       input sections
--------  ----  ----------  ----------   ----------------
.intvecs   0    00000000    0000026c     
                  00000000    0000026c     tm4c123gh6pm_startup_ccs.obj (.intvecs)

.text      0    0000026c    000062fc     
                  0000026c    00000c20     open_interface.obj (.text)
                  00000e8c    00000bf4     Lab10_movement.obj (.text)
                  00001a80    00000a4e     rtsv7M4_T_le_v4SPD16_eabi.lib : _printfi.c.obj (.text:__TI_printfi)
                  000024ce    00000002                                   : _lock.c.obj (.text:_nop)
                  000024d0    000009d0                                   : e_pow.c.obj (.text:pow)
                  00002ea0    00000738                                   : k_rem_pio2.c.obj (.text:__kernel_rem_pio2)
                  000035d8    000005e0                                   : s_sin.c.obj (.text:sin)
                  00003bb8    00000328     lcd.obj (.text)
                  00003ee0    000002cc     ping.obj (.text)
                  000041ac    00000270     rtsv7M4_T_le_v4SPD16_eabi.lib : _printfi.c.obj (.text:_pconv_a)
                  0000441c    00000248     Timer.obj (.text)
                  00004664    000001d0     rtsv7M4_T_le_v4SPD16_eabi.lib : _printfi.c.obj (.text:_pconv_g)
                  00004834    000001b6                                   : fd_add_t2.asm.obj (.text)
                  000049ea    00000002                                   : div0.asm.obj (.text)
                  000049ec    00000188     uart_extra_help.obj (.text)
                  00004b74    00000174     rtsv7M4_T_le_v4SPD16_eabi.lib : k_sin.c.obj (.text:__kernel_sin)
                  00004ce8    00000170                                   : k_cos.c.obj (.text:__kernel_cos)
                  00004e58    00000158                                   : e_sqrt.c.obj (.text:sqrt)
                  00004fb0    0000013c                                   : _printfi.c.obj (.text:_pconv_e)
                  000050ec    00000136                                   : fd_div_t2.asm.obj (.text)
                  00005222    00000002     --HOLE-- [fill = 0]
                  00005224    0000012c     servo.obj (.text)
                  00005350    00000124     rtsv7M4_T_le_v4SPD16_eabi.lib : _printfi.c.obj (.text:fcvt)
                  00005474    00000110                                   : s_scalbn.c.obj (.text:scalbn)
                  00005584    00000100                                   : memory.c.obj (.text:aligned_alloc)
                  00005684    000000fc                                   : fd_mul_t2.asm.obj (.text)
                  00005780    000000f8                                   : s_floor.c.obj (.text:floor)
                  00005878    000000e4                                   : memory.c.obj (.text:free)
                  0000595c    000000c8     adc.obj (.text)
                  00005a24    000000b1     rtsv7M4_T_le_v4SPD16_eabi.lib : _printfi.c.obj (.text:_ltostr)
                  00005ad5    00000001     --HOLE-- [fill = 0]
                  00005ad6    0000009c                                   : memcpy_t2.asm.obj (.text)
                  00005b72    00000096                                   : ull_div_t2.asm.obj (.text)
                  00005c08    00000086                                   : fd_cmp_t2.asm.obj (.text:__aeabi_cdcmple)
                  00005c8e    00000086                                   : fd_cmp_t2.asm.obj (.text:__aeabi_cdrcmple)
                  00005d14    0000007a                                   : memset_t2.asm.obj (.text)
                  00005d8e    00000002     --HOLE-- [fill = 0]
                  00005d90    00000070                                   : memory.c.obj (.text:split)
                  00005e00    0000006e                                   : _printfi.c.obj (.text:_mcpy)
                  00005e6e    0000006e                                   : fd_tos_t2.asm.obj (.text)
                  00005edc    00000068                                   : copy_decompress_lzss.c.obj (.text:decompress:lzss:__TI_decompress_lzss)
                  00005f44    00000064                                   : s_frexp.c.obj (.text:frexp)
                  00005fa8    00000056                                   : _printfi.c.obj (.text:_pconv_f)
                  00005ffe    00000054                                   : _ltoa.c.obj (.text:__TI_ltoa)
                  00006052    00000052                                   : _printfi.c.obj (.text:_ecpy)
                  000060a4    0000004c                                   : atoi.c.obj (.text:atoi)
                  000060f0    00000048                                   : fd_toi_t2.asm.obj (.text)
                  00006138    00000044                                   : autoinit.c.obj (.text:__TI_auto_init_nobinit_nopinit:__TI_auto_init_nobinit_nopinit)
                  0000617c    00000044                                   : fd_tou_t2.asm.obj (.text)
                  000061c0    00000040                                   : sprintf.c.obj (.text:sprintf)
                  00006200    00000040                                   : vsnprintf.c.obj (.text:vsnprintf)
                  00006240    0000003e                                   : _printfi.c.obj (.text:_fcpy)
                  0000627e    00000002     --HOLE-- [fill = 0]
                  00006280    00000038                                   : memory.c.obj (.text:calloc)
                  000062b8    00000038                                   : fs_tod_t2.asm.obj (.text)
                  000062f0    00000034     driverlib.lib : interrupt.obj (.text:IntRegister)
                  00006324    00000034     rtsv7M4_T_le_v4SPD16_eabi.lib : boot_cortex_m.c.obj (.text:_c_int00_noargs:_c_int00_noargs)
                  00006358    00000030                                   : vsnprintf.c.obj (.text:_outs)
                  00006388    0000002e                                   : i_tofd_t2.asm.obj (.text)
                  000063b6    00000002     --HOLE-- [fill = 0]
                  000063b8    00000028                                   : memory.c.obj (.text:free_list_insert)
                  000063e0    0000001c                                   : copy_zero_init.c.obj (.text:decompress:ZI:__TI_zero_init_nomemset:__TI_zero_init_nomemset)
                  000063fc    0000001c                                   : memory.c.obj (.text:free_list_remove)
                  00006418    0000001c                                   : memccpy.c.obj (.text:memccpy)
                  00006434    0000001a                                   : s_copysign.c.obj (.text:copysign)
                  0000644e    00000018                                   : vsnprintf.c.obj (.text:_outc)
                  00006466    00000018                                   : sprintf.c.obj (.text:_outs)
                  0000647e    00000018     open_interface.obj (.text:oi_parseInt)
                  00006496    00000018     rtsv7M4_T_le_v4SPD16_eabi.lib : strcmp.c.obj (.text:strcmp)
                  000064ae    00000016                                   : strchr.c.obj (.text:strchr)
                  000064c4    00000014                                   : strcpy.c.obj (.text:strcpy)
                  000064d8    00000014                                   : strlen.c.obj (.text:strlen)
                  000064ec    00000012                                   : wcslen.c.obj (.text:wcslen)
                  000064fe    00000010     driverlib.lib : interrupt.obj (.text:IntMasterEnable)
                  0000650e    00000010     lcd.obj (.text:lcd_clear)
                  0000651e    0000000e     rtsv7M4_T_le_v4SPD16_eabi.lib : copy_decompress_none.c.obj (.text:decompress:none:__TI_decompress_none)
                  0000652c    0000000c     driverlib.lib : cpu.obj (.text:CPUcpsie)
                  00006538    0000000c     tm4c123gh6pm_startup_ccs.obj (.text)
                  00006544    0000000a     rtsv7M4_T_le_v4SPD16_eabi.lib : sprintf.c.obj (.text:_outc)
                  0000654e    00000002     --HOLE-- [fill = 0]
                  00006550    00000008                                   : errno.c.obj (.text:__aeabi_errno_addr)
                  00006558    00000008                                   : memory.c.obj (.text:malloc)
                  00006560    00000004                                   : pre_init.c.obj (.text:_system_pre_init)
                  00006564    00000004                                   : exit.c.obj (.text:abort:abort)

.const     0    00006568    000002a3     
                  00006568    00000158     rtsv7M4_T_le_v4SPD16_eabi.lib : k_rem_pio2.c.obj (.const:$O1$$)
                  000066c0    00000101                                   : ctype.c.obj (.const:.string:_ctypes_)
                  000067c1    00000004     lcd.obj (.const:.string:lineAddress$1)
                  000067c5    00000003     --HOLE-- [fill = 0]
                  000067c8    00000030     rtsv7M4_T_le_v4SPD16_eabi.lib : e_pow.c.obj (.const:$O1$$)
                  000067f8    0000000f     open_interface.obj (.const:.string:$P$T0$3)
                  00006807    00000004     lcd.obj (.const:.string:lineAddresses$2)

.cinit     0    00006810    00000058     
                  00006810    0000001e     (.cinit..data.load) [load image, compression = lzss]
                  0000682e    00000002     --HOLE-- [fill = 0]
                  00006830    0000000c     (__TI_handler_table)
                  0000683c    00000004     --HOLE-- [fill = 0]
                  00006840    00000008     (.cinit..bss.load) [load image, compression = zero_init]
                  00006848    00000008     (.cinit..vtable.load) [load image, compression = zero_init]
                  00006850    00000018     (__TI_cinit_table)

.init_array 
*          0    00000000    00000000     UNINITIALIZED

.vtable    0    20000000    0000026c     UNINITIALIZED
                  20000000    0000026c     driverlib.lib : interrupt.obj (.vtable)

.stack     0    20000270    00000800     UNINITIALIZED
                  20000270    00000004     rtsv7M4_T_le_v4SPD16_eabi.lib : boot_cortex_m.c.obj (.stack)
                  20000274    000007fc     --HOLE--

.sysmem    0    20000a70    00000400     UNINITIALIZED
                  20000a70    00000010     rtsv7M4_T_le_v4SPD16_eabi.lib : memory.c.obj (.sysmem)
                  20000a80    000003f0     --HOLE--

.bss       0    20000e70    00000070     UNINITIALIZED
                  20000e70    00000054     lcd.obj (.bss:lastbuffer$3)
                  20000ec4    00000018     open_interface.obj (.bss:firmware$2)
                  20000edc    00000004     (.common:_timeout_ticks)

.data      0    20000ee0    00000047     UNINITIALIZED
                  20000ee0    00000020     open_interface.obj (.data)
                  20000f00    00000010     ping.obj (.data)
                  20000f10    00000008     rtsv7M4_T_le_v4SPD16_eabi.lib : _lock.c.obj (.data:$O1$$)
                  20000f18    00000008                                   : memory.c.obj (.data:$O1$$)
                  20000f20    00000004                                   : errno.c.obj (.data)
                  20000f24    00000002     uart_extra_help.obj (.data)
                  20000f26    00000001     Timer.obj (.data)

__llvm_prf_cnts 
*          0    20000000    00000000     UNINITIALIZED

MODULE SUMMARY

       Module                         code    ro data   rw data
       ------                         ----    -------   -------
    .\
       open_interface.obj             3128    15        56     
       Lab10_movement.obj             3060    0         0      
       lcd.obj                        824     8         84     
       ping.obj                       716     0         16     
       tm4c123gh6pm_startup_ccs.obj   12      620       0      
       Timer.obj                      584     0         5      
       uart_extra_help.obj            392     0         2      
       servo.obj                      300     0         0      
       adc.obj                        200     0         0      
    +--+------------------------------+-------+---------+---------+
       Total:                         9216    643       163    
                                                               
    C:/ti/TivaWare_C_Series-2.2.0.295/driverlib/ccs/Debug/driverlib.lib
       interrupt.obj                  68      0         620    
       cpu.obj                        12      0         0      
    +--+------------------------------+-------+---------+---------+
       Total:                         80      0         620    
                                                               
    C:\ti\ccs1200\ccs\tools\compiler\ti-cgt-arm_20.2.6.LTS\lib\rtsv7M4_T_le_v4SPD16_eabi.lib
       _printfi.c.obj                 4851    0         0      
       e_pow.c.obj                    2512    48        0      
       k_rem_pio2.c.obj               1848    344       0      
       s_sin.c.obj                    1504    0         0      
       memory.c.obj                   728     0         8      
       fd_add_t2.asm.obj              438     0         0      
       k_sin.c.obj                    372     0         0      
       k_cos.c.obj                    368     0         0      
       e_sqrt.c.obj                   344     0         0      
       fd_div_t2.asm.obj              310     0         0      
       s_scalbn.c.obj                 272     0         0      
       fd_cmp_t2.asm.obj              268     0         0      
       ctype.c.obj                    0       257       0      
       fd_mul_t2.asm.obj              252     0         0      
       s_floor.c.obj                  248     0         0      
       memcpy_t2.asm.obj              156     0         0      
       ull_div_t2.asm.obj             150     0         0      
       vsnprintf.c.obj                136     0         0      
       memset_t2.asm.obj              122     0         0      
       fd_tos_t2.asm.obj              110     0         0      
       copy_decompress_lzss.c.obj     104     0         0      
       s_frexp.c.obj                  100     0         0      
       sprintf.c.obj                  98      0         0      
       _ltoa.c.obj                    84      0         0      
       atoi.c.obj                     76      0         0      
       fd_toi_t2.asm.obj              72      0         0      
       autoinit.c.obj                 68      0         0      
       fd_tou_t2.asm.obj              68      0         0      
       fs_tod_t2.asm.obj              56      0         0      
       boot_cortex_m.c.obj            52      0         0      
       i_tofd_t2.asm.obj              46      0         0      
       copy_zero_init.c.obj           28      0         0      
       memccpy.c.obj                  28      0         0      
       s_copysign.c.obj               26      0         0      
       strcmp.c.obj                   24      0         0      
       strchr.c.obj                   22      0         0      
       strcpy.c.obj                   20      0         0      
       strlen.c.obj                   20      0         0      
       wcslen.c.obj                   18      0         0      
       copy_decompress_none.c.obj     14      0         0      
       errno.c.obj                    8       0         4      
       _lock.c.obj                    2       0         8      
       exit.c.obj                     4       0         0      
       pre_init.c.obj                 4       0         0      
       div0.asm.obj                   2       0         0      
    +--+------------------------------+-------+---------+---------+
       Total:                         16033   649       20     
                                                               
       Heap:                          0       0         1024   
       Stack:                         0       0         2048   
       Linker Generated:              0       82        0      
    +--+------------------------------+-------+---------+---------+
       Grand Total:                   25329   1374      3875   


LINKER GENERATED COPY TABLES

__TI_cinit_table @ 00006850 records: 3, size/record: 8, table size: 24
	.data: load addr=00006810, load size=0000001e bytes, run addr=20000ee0, run size=00000047 bytes, compression=lzss
	.bss: load addr=00006840, load size=00000008 bytes, run addr=20000e70, run size=00000070 bytes, compression=zero_init
	.vtable: load addr=00006848, load size=00000008 bytes, run addr=20000000, run size=0000026c bytes, compression=zero_init


LINKER GENERATED HANDLER TABLE

__TI_handler_table @ 00006830 records: 3, size/record: 4, table size: 12
	index: 0, handler: __TI_zero_init
	index: 1, handler: __TI_decompress_lzss
	index: 2, handler: __TI_decompress_none


GLOBAL SYMBOLS: SORTED ALPHABETICALLY BY Name 

address   name                          
-------   ----                          
00006565  C$$EXIT                       
0000652d  CPUcpsie                      
00000bc3  GPIOF_Handler                 
000064ff  IntMasterEnable               
000062f1  IntRegister                   
00006539  ResetISR                      
20000a70  __STACK_END                   
00000800  __STACK_SIZE                  
20000470  __STACK_TOP                   
00000400  __SYSMEM_SIZE                 
00006850  __TI_CINIT_Base               
00006868  __TI_CINIT_Limit              
00006830  __TI_Handler_Table_Base       
0000683c  __TI_Handler_Table_Limit      
00006139  __TI_auto_init_nobinit_nopinit
00005edd  __TI_decompress_lzss          
0000651f  __TI_decompress_none          
00005fff  __TI_ltoa                     
ffffffff  __TI_pprof_out_hndl           
00001a81  __TI_printfi                  
ffffffff  __TI_prof_data_size           
ffffffff  __TI_prof_data_start          
00000000  __TI_static_base__            
000063e1  __TI_zero_init_nomemset       
00005c09  __aeabi_cdcmpeq               
00005c09  __aeabi_cdcmple               
00005c8f  __aeabi_cdrcmple              
00005e6f  __aeabi_d2f                   
000060f1  __aeabi_d2iz                  
0000617d  __aeabi_d2uiz                 
0000483f  __aeabi_dadd                  
000050ed  __aeabi_ddiv                  
00005685  __aeabi_dmul                  
00004835  __aeabi_dsub                  
00006551  __aeabi_errno_addr            
000062b9  __aeabi_f2d                   
00006389  __aeabi_i2d                   
000049eb  __aeabi_idiv0                 
000049eb  __aeabi_ldiv0                 
00005d15  __aeabi_memclr                
00005d15  __aeabi_memclr4               
00005d15  __aeabi_memclr8               
00005ad7  __aeabi_memcpy                
00005ad7  __aeabi_memcpy4               
00005ad7  __aeabi_memcpy8               
00005d17  __aeabi_memset                
00005d17  __aeabi_memset4               
00005d17  __aeabi_memset8               
00005b73  __aeabi_uldivmod              
ffffffff  __binit__                     
ffffffff  __c_args__                    
00004ce9  __kernel_cos                  
00002ea1  __kernel_rem_pio2             
00004b75  __kernel_sin                  
UNDEFED   __mpu_init                    
20000270  __stack                       
20000000  __start___llvm_prf_cnts       
20000000  __stop___llvm_prf_cnts        
00006325  _c_int00_noargs               
000066c0  _ctypes_                      
20000f10  _lock                         
000024cf  _nop                          
20000f26  _running                      
20000a70  _sys_memory                   
UNDEFED   _system_post_cinit            
00006561  _system_pre_init              
20000edc  _timeout_ticks                
20000f14  _unlock                       
00006565  abort                         
0000595d  adc_init                      
000059c5  adc_read                      
00005585  aligned_alloc                 
000060a5  atoi                          
0000162f  auto_drive                    
ffffffff  binit                         
000016e5  bump_drive                    
00006281  calloc                        
00006435  copysign                      
00006435  copysignl                     
20000f20  errno                         
000011d5  est_distance                  
20000f08  fallingEdge                   
20000f00  flag                          
00005781  floor                         
00005781  floorl                        
00005879  free                          
00005f45  frexp                         
00005f45  frexpl                        
20000000  g_pfnRAMVectors               
00000000  g_pfnVectors                  
0000097f  go_charge                     
00001141  hasBumpedLeft                 
0000115b  hasBumpedRight                
0000650f  lcd_clear                     
00003d8d  lcd_gotoLine                  
00003bf5  lcd_init                      
00003df3  lcd_printf                    
00003cb5  lcd_putc                      
00003ced  lcd_puts                      
00003bb9  lcd_reverseNibble             
00003d0b  lcd_sendCommand               
00003d49  lcd_sendNibble                
00003db5  lcd_setCursorPos              
00005475  ldexp                         
00005475  ldexpl                        
000018b1  main                          
00006559  malloc                        
00005585  memalign                      
00006419  memccpy                       
00005ad7  memcpy                        
00005d1d  memset                        
20000ee0  motor_cal_factor_L            
20000ee4  motor_cal_factor_R            
00000efb  move_backward                 
00000e8d  move_forward                  
00001091  move_until_bump               
00001249  object_scan                   
0000026d  oi_alloc                      
00000aa9  oi_checkFirmware              
000002c7  oi_close                      
00000279  oi_free                       
00000ded  oi_getMotorCalibrationLeft    
00000e01  oi_getMotorCalibrationRight   
000002b1  oi_init                       
00000289  oi_init_noupdate              
00000915  oi_loadSong                   
0000647f  oi_parseInt                   
0000032b  oi_parsePacket                
0000096b  oi_play_song                  
0000084b  oi_setLeds                    
00000db1  oi_setMotorCalibration        
0000088f  oi_setWheels                  
00000b51  oi_shutoff_init               
0000098d  oi_uartInit                   
00000a31  oi_uartReceive                
00000a77  oi_uartSendBuff               
00000a15  oi_uartSendChar               
00000a59  oi_uartSendStr                
000002d9  oi_update                     
20000f0c  overflow_count                
000040af  ping_dist_est                 
00003ee1  ping_init                     
00003fb5  ping_interrupt_handler        
00004005  ping_read                     
000024d1  pow                           
000024d1  powl                          
20000f04  risingEdge                    
00005475  scalbn                        
00005475  scalbnl                       
0000117d  sendString                    
00005225  servo_init                    
000052d1  servo_move                    
000035d9  sin                           
000035d9  sinl                          
000061c1  sprintf                       
00004e59  sqrt                          
00004e59  sqrtl                         
000064af  strchr                        
00006497  strcmp                        
000064c5  strcpy                        
000064d9  strlen                        
0000453b  timer_getMicros               
000044e3  timer_getMillis               
0000441d  timer_init                    
000044bf  timer_pause                   
000044d1  timer_resume                  
00004495  timer_stop                    
00004595  timer_waitMicros              
000045c7  timer_waitMillis              
000011b5  toRadians                     
00000f75  turn_clockwise                
00001003  turn_counterclockwise         
20000f25  uart_data                     
20000f24  uart_flag                     
000049ed  uart_init                     
00004af7  uart_interrupt_handler        
00004ad7  uart_interrupt_init           
00004a99  uart_receive                  
00004a7d  uart_sendChar                 
00004ab9  uart_sendStr                  
00006201  vsnprintf                     
000064ed  wcslen                        


GLOBAL SYMBOLS: SORTED BY Symbol Address 

address   name                          
-------   ----                          
00000000  __TI_static_base__            
00000000  g_pfnVectors                  
0000026d  oi_alloc                      
00000279  oi_free                       
00000289  oi_init_noupdate              
000002b1  oi_init                       
000002c7  oi_close                      
000002d9  oi_update                     
0000032b  oi_parsePacket                
00000400  __SYSMEM_SIZE                 
00000800  __STACK_SIZE                  
0000084b  oi_setLeds                    
0000088f  oi_setWheels                  
00000915  oi_loadSong                   
0000096b  oi_play_song                  
0000097f  go_charge                     
0000098d  oi_uartInit                   
00000a15  oi_uartSendChar               
00000a31  oi_uartReceive                
00000a59  oi_uartSendStr                
00000a77  oi_uartSendBuff               
00000aa9  oi_checkFirmware              
00000b51  oi_shutoff_init               
00000bc3  GPIOF_Handler                 
00000db1  oi_setMotorCalibration        
00000ded  oi_getMotorCalibrationLeft    
00000e01  oi_getMotorCalibrationRight   
00000e8d  move_forward                  
00000efb  move_backward                 
00000f75  turn_clockwise                
00001003  turn_counterclockwise         
00001091  move_until_bump               
00001141  hasBumpedLeft                 
0000115b  hasBumpedRight                
0000117d  sendString                    
000011b5  toRadians                     
000011d5  est_distance                  
00001249  object_scan                   
0000162f  auto_drive                    
000016e5  bump_drive                    
000018b1  main                          
00001a81  __TI_printfi                  
000024cf  _nop                          
000024d1  pow                           
000024d1  powl                          
00002ea1  __kernel_rem_pio2             
000035d9  sin                           
000035d9  sinl                          
00003bb9  lcd_reverseNibble             
00003bf5  lcd_init                      
00003cb5  lcd_putc                      
00003ced  lcd_puts                      
00003d0b  lcd_sendCommand               
00003d49  lcd_sendNibble                
00003d8d  lcd_gotoLine                  
00003db5  lcd_setCursorPos              
00003df3  lcd_printf                    
00003ee1  ping_init                     
00003fb5  ping_interrupt_handler        
00004005  ping_read                     
000040af  ping_dist_est                 
0000441d  timer_init                    
00004495  timer_stop                    
000044bf  timer_pause                   
000044d1  timer_resume                  
000044e3  timer_getMillis               
0000453b  timer_getMicros               
00004595  timer_waitMicros              
000045c7  timer_waitMillis              
00004835  __aeabi_dsub                  
0000483f  __aeabi_dadd                  
000049eb  __aeabi_idiv0                 
000049eb  __aeabi_ldiv0                 
000049ed  uart_init                     
00004a7d  uart_sendChar                 
00004a99  uart_receive                  
00004ab9  uart_sendStr                  
00004ad7  uart_interrupt_init           
00004af7  uart_interrupt_handler        
00004b75  __kernel_sin                  
00004ce9  __kernel_cos                  
00004e59  sqrt                          
00004e59  sqrtl                         
000050ed  __aeabi_ddiv                  
00005225  servo_init                    
000052d1  servo_move                    
00005475  ldexp                         
00005475  ldexpl                        
00005475  scalbn                        
00005475  scalbnl                       
00005585  aligned_alloc                 
00005585  memalign                      
00005685  __aeabi_dmul                  
00005781  floor                         
00005781  floorl                        
00005879  free                          
0000595d  adc_init                      
000059c5  adc_read                      
00005ad7  __aeabi_memcpy                
00005ad7  __aeabi_memcpy4               
00005ad7  __aeabi_memcpy8               
00005ad7  memcpy                        
00005b73  __aeabi_uldivmod              
00005c09  __aeabi_cdcmpeq               
00005c09  __aeabi_cdcmple               
00005c8f  __aeabi_cdrcmple              
00005d15  __aeabi_memclr                
00005d15  __aeabi_memclr4               
00005d15  __aeabi_memclr8               
00005d17  __aeabi_memset                
00005d17  __aeabi_memset4               
00005d17  __aeabi_memset8               
00005d1d  memset                        
00005e6f  __aeabi_d2f                   
00005edd  __TI_decompress_lzss          
00005f45  frexp                         
00005f45  frexpl                        
00005fff  __TI_ltoa                     
000060a5  atoi                          
000060f1  __aeabi_d2iz                  
00006139  __TI_auto_init_nobinit_nopinit
0000617d  __aeabi_d2uiz                 
000061c1  sprintf                       
00006201  vsnprintf                     
00006281  calloc                        
000062b9  __aeabi_f2d                   
000062f1  IntRegister                   
00006325  _c_int00_noargs               
00006389  __aeabi_i2d                   
000063e1  __TI_zero_init_nomemset       
00006419  memccpy                       
00006435  copysign                      
00006435  copysignl                     
0000647f  oi_parseInt                   
00006497  strcmp                        
000064af  strchr                        
000064c5  strcpy                        
000064d9  strlen                        
000064ed  wcslen                        
000064ff  IntMasterEnable               
0000650f  lcd_clear                     
0000651f  __TI_decompress_none          
0000652d  CPUcpsie                      
00006539  ResetISR                      
00006551  __aeabi_errno_addr            
00006559  malloc                        
00006561  _system_pre_init              
00006565  C$$EXIT                       
00006565  abort                         
000066c0  _ctypes_                      
00006830  __TI_Handler_Table_Base       
0000683c  __TI_Handler_Table_Limit      
00006850  __TI_CINIT_Base               
00006868  __TI_CINIT_Limit              
20000000  __start___llvm_prf_cnts       
20000000  __stop___llvm_prf_cnts        
20000000  g_pfnRAMVectors               
20000270  __stack                       
20000470  __STACK_TOP                   
20000a70  __STACK_END                   
20000a70  _sys_memory                   
20000edc  _timeout_ticks                
20000ee0  motor_cal_factor_L            
20000ee4  motor_cal_factor_R            
20000f00  flag                          
20000f04  risingEdge                    
20000f08  fallingEdge                   
20000f0c  overflow_count                
20000f10  _lock                         
20000f14  _unlock                       
20000f20  errno                         
20000f24  uart_flag                     
20000f25  uart_data                     
20000f26  _running                      
ffffffff  __TI_pprof_out_hndl           
ffffffff  __TI_prof_data_size           
ffffffff  __TI_prof_data_start          
ffffffff  __binit__                     
ffffffff  __c_args__                    
ffffffff  binit                         
UNDEFED   __mpu_init                    
UNDEFED   _system_post_cinit            

[182 symbols]
