******************************************************************************
                  TI ARM Linker PC v20.2.6                     
******************************************************************************
>> Linked Wed Oct 19 11:11:52 2022

OUTPUT FILE NAME:   <Lab7.out>
ENTRY POINT SYMBOL: "_c_int00_noargs"  address: 0000651d


MEMORY CONFIGURATION

         name            origin    length      used     unused   attr    fill
----------------------  --------  ---------  --------  --------  ----  --------
  FLASH                 00000000   00040000  00006a53  000395ad  R  X
  SRAM                  20000000   00008000  00001b30  000064d0  RW X


SEGMENT ALLOCATION MAP

run origin  load origin   length   init length attrs members
----------  ----------- ---------- ----------- ----- -------
00000000    00000000    00006a58   00006a58    r-x
  00000000    00000000    0000026c   0000026c    r-- .intvecs
  0000026c    0000026c    000064f4   000064f4    r-x .text
  00006760    00006760    000002a3   000002a3    r-- .const
  00006a08    00006a08    00000050   00000050    r-- .cinit
20000000    20000000    00001b35   00000000    rw-
  20000000    20000000    0000026c   00000000    rw- .vtable
  20000270    20000270    00001000   00000000    rw- .stack
  20001270    20001270    00000800   00000000    rw- .sysmem
  20001a70    20001a70    0000008b   00000000    rw- .bss
  20001afc    20001afc    00000039   00000000    rw- .data


SECTION ALLOCATION MAP

 output                                  attributes/
section   page    origin      length       input sections
--------  ----  ----------  ----------   ----------------
.intvecs   0    00000000    0000026c     
                  00000000    0000026c     tm4c123gh6pm_startup_ccs.obj (.intvecs)

.text      0    0000026c    000064f4     
                  0000026c    00000c20     open_interface.obj (.text)
                  00000e8c    00000c04     lab7Code.obj (.text)
                  00001a90    00000a4e     rtsv7M4_T_le_v4SPD16_eabi.lib : _printfi.c.obj (.text:__TI_printfi)
                  000024de    00000002                                   : _lock.c.obj (.text:_nop)
                  000024e0    000009d0                                   : e_pow.c.obj (.text:pow)
                  00002eb0    00000738                                   : k_rem_pio2.c.obj (.text:__kernel_rem_pio2)
                  000035e8    000005e0                                   : s_sin.c.obj (.text:sin)
                  00003bc8    00000328     lcd.obj (.text)
                  00003ef0    00000270     rtsv7M4_T_le_v4SPD16_eabi.lib : _printfi.c.obj (.text:_pconv_a)
                  00004160    00000260     libcybotScan.lib : cyBot_Scan.obj (.text)
                  000043c0    00000248     Timer.obj (.text)
                  00004608    000001ec     libcybotScan.lib : ping.obj (.text)
                  000047f4    000001d0     rtsv7M4_T_le_v4SPD16_eabi.lib : _printfi.c.obj (.text:_pconv_g)
                  000049c4    000001b6                                   : fd_add_t2.asm.obj (.text)
                  00004b7a    00000002                                   : div0.asm.obj (.text)
                  00004b7c    00000174                                   : k_sin.c.obj (.text:__kernel_sin)
                  00004cf0    00000174     uart_extra_help.obj (.text)
                  00004e64    00000170     rtsv7M4_T_le_v4SPD16_eabi.lib : k_cos.c.obj (.text:__kernel_cos)
                  00004fd4    00000158     libcybotScan.lib : servo.obj (.text)
                  0000512c    00000158     rtsv7M4_T_le_v4SPD16_eabi.lib : e_sqrt.c.obj (.text:sqrt)
                  00005284    0000013c                                   : _printfi.c.obj (.text:_pconv_e)
                  000053c0    00000136                                   : fd_div_t2.asm.obj (.text)
                  000054f6    00000002     --HOLE-- [fill = 0]
                  000054f8    00000124                                   : _printfi.c.obj (.text:fcvt)
                  0000561c    00000118     libcybotScan.lib : ir.obj (.text)
                  00005734    00000110     rtsv7M4_T_le_v4SPD16_eabi.lib : s_scalbn.c.obj (.text:scalbn)
                  00005844    00000100                                   : memory.c.obj (.text:aligned_alloc)
                  00005944    000000fc                                   : fd_mul_t2.asm.obj (.text)
                  00005a40    000000f8                                   : s_floor.c.obj (.text:floor)
                  00005b38    000000e4                                   : memory.c.obj (.text:free)
                  00005c1c    000000b1                                   : _printfi.c.obj (.text:_ltostr)
                  00005ccd    00000001     --HOLE-- [fill = 0]
                  00005cce    0000009c                                   : memcpy_t2.asm.obj (.text)
                  00005d6a    00000096                                   : ull_div_t2.asm.obj (.text)
                  00005e00    00000086                                   : fd_cmp_t2.asm.obj (.text:__aeabi_cdcmple)
                  00005e86    00000086                                   : fd_cmp_t2.asm.obj (.text:__aeabi_cdrcmple)
                  00005f0c    0000007a                                   : memset_t2.asm.obj (.text)
                  00005f86    00000002     --HOLE-- [fill = 0]
                  00005f88    00000070                                   : memory.c.obj (.text:split)
                  00005ff8    0000006e                                   : _printfi.c.obj (.text:_mcpy)
                  00006066    0000006e                                   : fd_tos_t2.asm.obj (.text)
                  000060d4    00000068                                   : copy_decompress_lzss.c.obj (.text:decompress:lzss:__TI_decompress_lzss)
                  0000613c    00000064                                   : s_frexp.c.obj (.text:frexp)
                  000061a0    00000056                                   : _printfi.c.obj (.text:_pconv_f)
                  000061f6    00000054                                   : _ltoa.c.obj (.text:__TI_ltoa)
                  0000624a    00000052                                   : _printfi.c.obj (.text:_ecpy)
                  0000629c    0000004c                                   : atoi.c.obj (.text:atoi)
                  000062e8    00000048                                   : fd_toi_t2.asm.obj (.text)
                  00006330    00000044                                   : autoinit.c.obj (.text:__TI_auto_init_nobinit_nopinit:__TI_auto_init_nobinit_nopinit)
                  00006374    00000044                                   : fd_tou_t2.asm.obj (.text)
                  000063b8    00000040                                   : sprintf.c.obj (.text:sprintf)
                  000063f8    00000040                                   : vsnprintf.c.obj (.text:vsnprintf)
                  00006438    0000003e                                   : _printfi.c.obj (.text:_fcpy)
                  00006476    00000002     --HOLE-- [fill = 0]
                  00006478    00000038                                   : memory.c.obj (.text:calloc)
                  000064b0    00000038                                   : fs_tod_t2.asm.obj (.text)
                  000064e8    00000034     driverlib.lib : interrupt.obj (.text:IntRegister)
                  0000651c    00000034     rtsv7M4_T_le_v4SPD16_eabi.lib : boot_cortex_m.c.obj (.text:_c_int00_noargs:_c_int00_noargs)
                  00006550    00000030                                   : vsnprintf.c.obj (.text:_outs)
                  00006580    0000002e                                   : i_tofd_t2.asm.obj (.text)
                  000065ae    00000002     --HOLE-- [fill = 0]
                  000065b0    00000028                                   : memory.c.obj (.text:free_list_insert)
                  000065d8    0000001c                                   : copy_zero_init.c.obj (.text:decompress:ZI:__TI_zero_init_nomemset:__TI_zero_init_nomemset)
                  000065f4    0000001c                                   : memory.c.obj (.text:free_list_remove)
                  00006610    0000001c                                   : memccpy.c.obj (.text:memccpy)
                  0000662c    0000001a                                   : s_copysign.c.obj (.text:copysign)
                  00006646    00000018                                   : vsnprintf.c.obj (.text:_outc)
                  0000665e    00000018                                   : sprintf.c.obj (.text:_outs)
                  00006676    00000018     open_interface.obj (.text:oi_parseInt)
                  0000668e    00000018     rtsv7M4_T_le_v4SPD16_eabi.lib : strcmp.c.obj (.text:strcmp)
                  000066a6    00000016                                   : strchr.c.obj (.text:strchr)
                  000066bc    00000014                                   : strcpy.c.obj (.text:strcpy)
                  000066d0    00000014                                   : strlen.c.obj (.text:strlen)
                  000066e4    00000012                                   : wcslen.c.obj (.text:wcslen)
                  000066f6    00000010     driverlib.lib : interrupt.obj (.text:IntMasterEnable)
                  00006706    00000010     lcd.obj (.text:lcd_clear)
                  00006716    0000000e     rtsv7M4_T_le_v4SPD16_eabi.lib : copy_decompress_none.c.obj (.text:decompress:none:__TI_decompress_none)
                  00006724    0000000c     driverlib.lib : cpu.obj (.text:CPUcpsie)
                  00006730    0000000c     tm4c123gh6pm_startup_ccs.obj (.text)
                  0000673c    0000000a     rtsv7M4_T_le_v4SPD16_eabi.lib : sprintf.c.obj (.text:_outc)
                  00006746    00000002     --HOLE-- [fill = 0]
                  00006748    00000008                                   : errno.c.obj (.text:__aeabi_errno_addr)
                  00006750    00000008                                   : memory.c.obj (.text:malloc)
                  00006758    00000004                                   : pre_init.c.obj (.text:_system_pre_init)
                  0000675c    00000004                                   : exit.c.obj (.text:abort:abort)

.const     0    00006760    000002a3     
                  00006760    00000158     rtsv7M4_T_le_v4SPD16_eabi.lib : k_rem_pio2.c.obj (.const:$O1$$)
                  000068b8    00000101                                   : ctype.c.obj (.const:.string:_ctypes_)
                  000069b9    00000004     lcd.obj (.const:.string:lineAddress$1)
                  000069bd    00000003     --HOLE-- [fill = 0]
                  000069c0    00000030     rtsv7M4_T_le_v4SPD16_eabi.lib : e_pow.c.obj (.const:$O1$$)
                  000069f0    0000000f     open_interface.obj (.const:.string:$P$T0$3)
                  000069ff    00000004     lcd.obj (.const:.string:lineAddresses$2)

.cinit     0    00006a08    00000050     
                  00006a08    00000018     (.cinit..data.load) [load image, compression = lzss]
                  00006a20    0000000c     (__TI_handler_table)
                  00006a2c    00000004     --HOLE-- [fill = 0]
                  00006a30    00000008     (.cinit..bss.load) [load image, compression = zero_init]
                  00006a38    00000008     (.cinit..vtable.load) [load image, compression = zero_init]
                  00006a40    00000018     (__TI_cinit_table)

.init_array 
*          0    00000000    00000000     UNINITIALIZED

.vtable    0    20000000    0000026c     UNINITIALIZED
                  20000000    0000026c     driverlib.lib : interrupt.obj (.vtable)

.stack     0    20000270    00001000     UNINITIALIZED
                  20000270    00000004     rtsv7M4_T_le_v4SPD16_eabi.lib : boot_cortex_m.c.obj (.stack)
                  20000274    00000ffc     --HOLE--

.sysmem    0    20001270    00000800     UNINITIALIZED
                  20001270    00000010     rtsv7M4_T_le_v4SPD16_eabi.lib : memory.c.obj (.sysmem)
                  20001280    000007f0     --HOLE--

.bss       0    20001a70    0000008b     UNINITIALIZED
                  20001a70    00000054     lcd.obj (.bss:lastbuffer$3)
                  20001ac4    00000018     open_interface.obj (.bss:firmware$2)
                  20001adc    00000004     (.common:_timeout_ticks)
                  20001ae0    00000004     (.common:fallingEdge)
                  20001ae4    00000004     (.common:isr_int_value)
                  20001ae8    00000004     (.common:left_calibration_value)
                  20001aec    00000004     (.common:pulseLength)
                  20001af0    00000004     (.common:right_calibration_value)
                  20001af4    00000004     (.common:risingEdge)
                  20001af8    00000001     (.common:flag)
                  20001af9    00000001     (.common:isRisingEdge)
                  20001afa    00000001     (.common:uart_data)

.data      0    20001afc    00000039     UNINITIALIZED
                  20001afc    00000020     open_interface.obj (.data)
                  20001b1c    00000008     rtsv7M4_T_le_v4SPD16_eabi.lib : _lock.c.obj (.data:$O1$$)
                  20001b24    00000008                                   : memory.c.obj (.data:$O1$$)
                  20001b2c    00000004     libcybotScan.lib : cyBot_Scan.obj (.data)
                  20001b30    00000004     rtsv7M4_T_le_v4SPD16_eabi.lib : errno.c.obj (.data)
                  20001b34    00000001     Timer.obj (.data)

__llvm_prf_cnts 
*          0    20000000    00000000     UNINITIALIZED

MODULE SUMMARY

       Module                         code    ro data   rw data
       ------                         ----    -------   -------
    .\
       open_interface.obj             3128    15        56     
       lab7Code.obj                   3076    0         10     
       lcd.obj                        824     8         84     
       tm4c123gh6pm_startup_ccs.obj   12      620       0      
       Timer.obj                      584     0         5      
       uart_extra_help.obj            372     0         0      
    +--+------------------------------+-------+---------+---------+
       Total:                         7996    643       155    
                                                               
    ../libcybotScan.lib
       cyBot_Scan.obj                 608     0         4      
       ping.obj                       492     0         13     
       servo.obj                      344     0         0      
       ir.obj                         280     0         4      
    +--+------------------------------+-------+---------+---------+
       Total:                         1724    0         21     
                                                               
    C:/ti/TivaWare_C_Series-2.2.0.295/driverlib/ccs/Debug/driverlib.lib
       interrupt.obj                  68      0         620    
       cpu.obj                        12      0         0      
    +--+------------------------------+-------+---------+---------+
       Total:                         80      0         620    
                                                               
    C:\ti\ccs1200\ccs\tools\compiler\ti-cgt-arm_20.2.6.LTS\lib\rtsv7M4_T_le_v4SPD16_eabi.lib
       _printfi.c.obj                 4851    0         0      
       e_pow.c.obj                    2512    48        0      
       k_rem_pio2.c.obj               1848    344       0      
       s_sin.c.obj                    1504    0         0      
       memory.c.obj                   728     0         8      
       fd_add_t2.asm.obj              438     0         0      
       k_sin.c.obj                    372     0         0      
       k_cos.c.obj                    368     0         0      
       e_sqrt.c.obj                   344     0         0      
       fd_div_t2.asm.obj              310     0         0      
       s_scalbn.c.obj                 272     0         0      
       fd_cmp_t2.asm.obj              268     0         0      
       ctype.c.obj                    0       257       0      
       fd_mul_t2.asm.obj              252     0         0      
       s_floor.c.obj                  248     0         0      
       memcpy_t2.asm.obj              156     0         0      
       ull_div_t2.asm.obj             150     0         0      
       vsnprintf.c.obj                136     0         0      
       memset_t2.asm.obj              122     0         0      
       fd_tos_t2.asm.obj              110     0         0      
       copy_decompress_lzss.c.obj     104     0         0      
       s_frexp.c.obj                  100     0         0      
       sprintf.c.obj                  98      0         0      
       _ltoa.c.obj                    84      0         0      
       atoi.c.obj                     76      0         0      
       fd_toi_t2.asm.obj              72      0         0      
       autoinit.c.obj                 68      0         0      
       fd_tou_t2.asm.obj              68      0         0      
       fs_tod_t2.asm.obj              56      0         0      
       boot_cortex_m.c.obj            52      0         0      
       i_tofd_t2.asm.obj              46      0         0      
       copy_zero_init.c.obj           28      0         0      
       memccpy.c.obj                  28      0         0      
       s_copysign.c.obj               26      0         0      
       strcmp.c.obj                   24      0         0      
       strchr.c.obj                   22      0         0      
       strcpy.c.obj                   20      0         0      
       strlen.c.obj                   20      0         0      
       wcslen.c.obj                   18      0         0      
       copy_decompress_none.c.obj     14      0         0      
       errno.c.obj                    8       0         4      
       _lock.c.obj                    2       0         8      
       exit.c.obj                     4       0         0      
       pre_init.c.obj                 4       0         0      
       div0.asm.obj                   2       0         0      
    +--+------------------------------+-------+---------+---------+
       Total:                         16033   649       20     
                                                               
       Heap:                          0       0         2048   
       Stack:                         0       0         4096   
       Linker Generated:              0       76        0      
    +--+------------------------------+-------+---------+---------+
       Grand Total:                   25833   1368      6960   


LINKER GENERATED COPY TABLES

__TI_cinit_table @ 00006a40 records: 3, size/record: 8, table size: 24
	.data: load addr=00006a08, load size=00000018 bytes, run addr=20001afc, run size=00000039 bytes, compression=lzss
	.bss: load addr=00006a30, load size=00000008 bytes, run addr=20001a70, run size=0000008b bytes, compression=zero_init
	.vtable: load addr=00006a38, load size=00000008 bytes, run addr=20000000, run size=0000026c bytes, compression=zero_init


LINKER GENERATED HANDLER TABLE

__TI_handler_table @ 00006a20 records: 3, size/record: 4, table size: 12
	index: 0, handler: __TI_zero_init
	index: 1, handler: __TI_decompress_lzss
	index: 2, handler: __TI_decompress_none


GLOBAL SYMBOLS: SORTED ALPHABETICALLY BY Name 

address   name                          
-------   ----                          
000056b5  ADC0SS0_Handler               
0000675d  C$$EXIT                       
00006725  CPUcpsie                      
00000bc3  GPIOF_Handler                 
000066f7  IntMasterEnable               
000064e9  IntRegister                   
00006731  ResetISR                      
000046f9  TIMER3B_Handler               
20001270  __STACK_END                   
00001000  __STACK_SIZE                  
20000470  __STACK_TOP                   
00000800  __SYSMEM_SIZE                 
00006a40  __TI_CINIT_Base               
00006a58  __TI_CINIT_Limit              
00006a20  __TI_Handler_Table_Base       
00006a2c  __TI_Handler_Table_Limit      
00006331  __TI_auto_init_nobinit_nopinit
000060d5  __TI_decompress_lzss          
00006717  __TI_decompress_none          
000061f7  __TI_ltoa                     
ffffffff  __TI_pprof_out_hndl           
00001a91  __TI_printfi                  
ffffffff  __TI_prof_data_size           
ffffffff  __TI_prof_data_start          
00000000  __TI_static_base__            
000065d9  __TI_zero_init_nomemset       
00005e01  __aeabi_cdcmpeq               
00005e01  __aeabi_cdcmple               
00005e87  __aeabi_cdrcmple              
00006067  __aeabi_d2f                   
000062e9  __aeabi_d2iz                  
00006375  __aeabi_d2uiz                 
000049cf  __aeabi_dadd                  
000053c1  __aeabi_ddiv                  
00005945  __aeabi_dmul                  
000049c5  __aeabi_dsub                  
00006749  __aeabi_errno_addr            
000064b1  __aeabi_f2d                   
00006581  __aeabi_i2d                   
00004b7b  __aeabi_idiv0                 
00004b7b  __aeabi_ldiv0                 
00005f0d  __aeabi_memclr                
00005f0d  __aeabi_memclr4               
00005f0d  __aeabi_memclr8               
00005ccf  __aeabi_memcpy                
00005ccf  __aeabi_memcpy4               
00005ccf  __aeabi_memcpy8               
00005f0f  __aeabi_memset                
00005f0f  __aeabi_memset4               
00005f0f  __aeabi_memset8               
00005d6b  __aeabi_uldivmod              
ffffffff  __binit__                     
ffffffff  __c_args__                    
00004e65  __kernel_cos                  
00002eb1  __kernel_rem_pio2             
00004b7d  __kernel_sin                  
UNDEFED   __mpu_init                    
20000270  __stack                       
20000000  __start___llvm_prf_cnts       
20000000  __stop___llvm_prf_cnts        
0000651d  _c_int00_noargs               
000068b8  _ctypes_                      
20001b1c  _lock                         
000024df  _nop                          
20001b34  _running                      
20001270  _sys_memory                   
UNDEFED   _system_post_cinit            
00006759  _system_pre_init              
20001adc  _timeout_ticks                
20001b20  _unlock                       
0000675d  abort                         
00005845  aligned_alloc                 
0000629d  atoi                          
00001637  auto_drive                    
ffffffff  binit                         
000016ed  bump_drive                    
00006479  calloc                        
0000662d  copysign                      
0000662d  copysignl                     
00004239  cyBOT_SERVO_cal               
000041c7  cyBOT_Scan                    
0000416f  cyBOT_init_Scan               
20001b2c  cyBOT_scan_features           
00004161  cyBOT_scan_version            
20001b30  errno                         
000011d5  est_distance                  
20001ae0  fallingEdge                   
20001af8  flag                          
00005a41  floor                         
00005a41  floorl                        
00005b39  free                          
0000613d  frexp                         
0000613d  frexpl                        
20000000  g_pfnRAMVectors               
00000000  g_pfnVectors                  
0000097f  go_charge                     
00001141  hasBumpedLeft                 
0000115b  hasBumpedRight                
000056cb  ir_enableInterrupt            
000056ad  ir_getDistance                
00005685  ir_getValue                   
0000561d  ir_init                       
20001af9  isRisingEdge                  
20001ae4  isr_int_value                 
00006707  lcd_clear                     
00003d9d  lcd_gotoLine                  
00003c05  lcd_init                      
00003e03  lcd_printf                    
00003cc5  lcd_putc                      
00003cfd  lcd_puts                      
00003bc9  lcd_reverseNibble             
00003d1b  lcd_sendCommand               
00003d59  lcd_sendNibble                
00003dc5  lcd_setCursorPos              
00005735  ldexp                         
00005735  ldexpl                        
20001ae8  left_calibration_value        
000018b9  main                          
00006751  malloc                        
00005845  memalign                      
00006611  memccpy                       
00005ccf  memcpy                        
00005f15  memset                        
20001afc  motor_cal_factor_L            
20001b00  motor_cal_factor_R            
00000efb  move_backward                 
00000e8d  move_forward                  
00001091  move_until_bump               
00001251  object_scan                   
0000026d  oi_alloc                      
00000aa9  oi_checkFirmware              
000002c7  oi_close                      
00000279  oi_free                       
00000ded  oi_getMotorCalibrationLeft    
00000e01  oi_getMotorCalibrationRight   
000002b1  oi_init                       
00000289  oi_init_noupdate              
00000915  oi_loadSong                   
00006677  oi_parseInt                   
0000032b  oi_parsePacket                
0000096b  oi_play_song                  
0000084b  oi_setLeds                    
00000db1  oi_setMotorCalibration        
0000088f  oi_setWheels                  
00000b51  oi_shutoff_init               
0000098d  oi_uartInit                   
00000a31  oi_uartReceive                
00000a77  oi_uartSendBuff               
00000a15  oi_uartSendChar               
00000a59  oi_uartSendStr                
000002d9  oi_update                     
0000474b  ping_getDistance              
00004609  ping_init                     
0000468f  ping_trigger                  
000024e1  pow                           
000024e1  powl                          
20001aec  pulseLength                   
20001af0  right_calibration_value       
20001af4  risingEdge                    
00005735  scalbn                        
00005735  scalbnl                       
0000117d  sendString                    
00004fd5  servo_init                    
00005065  servo_move                    
000050c5  servo_setPWM                  
00005059  servo_stop                    
000035e9  sin                           
000035e9  sinl                          
000063b9  sprintf                       
0000512d  sqrt                          
0000512d  sqrtl                         
000066a7  strchr                        
0000668f  strcmp                        
000066bd  strcpy                        
000066d1  strlen                        
000044df  timer_getMicros               
00004487  timer_getMillis               
000043c1  timer_init                    
00004463  timer_pause                   
00004475  timer_resume                  
00004439  timer_stop                    
00004539  timer_waitMicros              
0000456b  timer_waitMillis              
000011b5  toRadians                     
00000f75  turn_clockwise                
00001003  turn_counterclockwise         
20001afa  uart_data                     
00004cf1  uart_init                     
00004de7  uart_interrupt_handler        
00004dc7  uart_interrupt_init           
00004d9d  uart_receive                  
00004d81  uart_sendChar                 
00004dbd  uart_sendStr                  
000063f9  vsnprintf                     
000066e5  wcslen                        


GLOBAL SYMBOLS: SORTED BY Symbol Address 

address   name                          
-------   ----                          
00000000  __TI_static_base__            
00000000  g_pfnVectors                  
0000026d  oi_alloc                      
00000279  oi_free                       
00000289  oi_init_noupdate              
000002b1  oi_init                       
000002c7  oi_close                      
000002d9  oi_update                     
0000032b  oi_parsePacket                
00000800  __SYSMEM_SIZE                 
0000084b  oi_setLeds                    
0000088f  oi_setWheels                  
00000915  oi_loadSong                   
0000096b  oi_play_song                  
0000097f  go_charge                     
0000098d  oi_uartInit                   
00000a15  oi_uartSendChar               
00000a31  oi_uartReceive                
00000a59  oi_uartSendStr                
00000a77  oi_uartSendBuff               
00000aa9  oi_checkFirmware              
00000b51  oi_shutoff_init               
00000bc3  GPIOF_Handler                 
00000db1  oi_setMotorCalibration        
00000ded  oi_getMotorCalibrationLeft    
00000e01  oi_getMotorCalibrationRight   
00000e8d  move_forward                  
00000efb  move_backward                 
00000f75  turn_clockwise                
00001000  __STACK_SIZE                  
00001003  turn_counterclockwise         
00001091  move_until_bump               
00001141  hasBumpedLeft                 
0000115b  hasBumpedRight                
0000117d  sendString                    
000011b5  toRadians                     
000011d5  est_distance                  
00001251  object_scan                   
00001637  auto_drive                    
000016ed  bump_drive                    
000018b9  main                          
00001a91  __TI_printfi                  
000024df  _nop                          
000024e1  pow                           
000024e1  powl                          
00002eb1  __kernel_rem_pio2             
000035e9  sin                           
000035e9  sinl                          
00003bc9  lcd_reverseNibble             
00003c05  lcd_init                      
00003cc5  lcd_putc                      
00003cfd  lcd_puts                      
00003d1b  lcd_sendCommand               
00003d59  lcd_sendNibble                
00003d9d  lcd_gotoLine                  
00003dc5  lcd_setCursorPos              
00003e03  lcd_printf                    
00004161  cyBOT_scan_version            
0000416f  cyBOT_init_Scan               
000041c7  cyBOT_Scan                    
00004239  cyBOT_SERVO_cal               
000043c1  timer_init                    
00004439  timer_stop                    
00004463  timer_pause                   
00004475  timer_resume                  
00004487  timer_getMillis               
000044df  timer_getMicros               
00004539  timer_waitMicros              
0000456b  timer_waitMillis              
00004609  ping_init                     
0000468f  ping_trigger                  
000046f9  TIMER3B_Handler               
0000474b  ping_getDistance              
000049c5  __aeabi_dsub                  
000049cf  __aeabi_dadd                  
00004b7b  __aeabi_idiv0                 
00004b7b  __aeabi_ldiv0                 
00004b7d  __kernel_sin                  
00004cf1  uart_init                     
00004d81  uart_sendChar                 
00004d9d  uart_receive                  
00004dbd  uart_sendStr                  
00004dc7  uart_interrupt_init           
00004de7  uart_interrupt_handler        
00004e65  __kernel_cos                  
00004fd5  servo_init                    
00005059  servo_stop                    
00005065  servo_move                    
000050c5  servo_setPWM                  
0000512d  sqrt                          
0000512d  sqrtl                         
000053c1  __aeabi_ddiv                  
0000561d  ir_init                       
00005685  ir_getValue                   
000056ad  ir_getDistance                
000056b5  ADC0SS0_Handler               
000056cb  ir_enableInterrupt            
00005735  ldexp                         
00005735  ldexpl                        
00005735  scalbn                        
00005735  scalbnl                       
00005845  aligned_alloc                 
00005845  memalign                      
00005945  __aeabi_dmul                  
00005a41  floor                         
00005a41  floorl                        
00005b39  free                          
00005ccf  __aeabi_memcpy                
00005ccf  __aeabi_memcpy4               
00005ccf  __aeabi_memcpy8               
00005ccf  memcpy                        
00005d6b  __aeabi_uldivmod              
00005e01  __aeabi_cdcmpeq               
00005e01  __aeabi_cdcmple               
00005e87  __aeabi_cdrcmple              
00005f0d  __aeabi_memclr                
00005f0d  __aeabi_memclr4               
00005f0d  __aeabi_memclr8               
00005f0f  __aeabi_memset                
00005f0f  __aeabi_memset4               
00005f0f  __aeabi_memset8               
00005f15  memset                        
00006067  __aeabi_d2f                   
000060d5  __TI_decompress_lzss          
0000613d  frexp                         
0000613d  frexpl                        
000061f7  __TI_ltoa                     
0000629d  atoi                          
000062e9  __aeabi_d2iz                  
00006331  __TI_auto_init_nobinit_nopinit
00006375  __aeabi_d2uiz                 
000063b9  sprintf                       
000063f9  vsnprintf                     
00006479  calloc                        
000064b1  __aeabi_f2d                   
000064e9  IntRegister                   
0000651d  _c_int00_noargs               
00006581  __aeabi_i2d                   
000065d9  __TI_zero_init_nomemset       
00006611  memccpy                       
0000662d  copysign                      
0000662d  copysignl                     
00006677  oi_parseInt                   
0000668f  strcmp                        
000066a7  strchr                        
000066bd  strcpy                        
000066d1  strlen                        
000066e5  wcslen                        
000066f7  IntMasterEnable               
00006707  lcd_clear                     
00006717  __TI_decompress_none          
00006725  CPUcpsie                      
00006731  ResetISR                      
00006749  __aeabi_errno_addr            
00006751  malloc                        
00006759  _system_pre_init              
0000675d  C$$EXIT                       
0000675d  abort                         
000068b8  _ctypes_                      
00006a20  __TI_Handler_Table_Base       
00006a2c  __TI_Handler_Table_Limit      
00006a40  __TI_CINIT_Base               
00006a58  __TI_CINIT_Limit              
20000000  __start___llvm_prf_cnts       
20000000  __stop___llvm_prf_cnts        
20000000  g_pfnRAMVectors               
20000270  __stack                       
20000470  __STACK_TOP                   
20001270  __STACK_END                   
20001270  _sys_memory                   
20001adc  _timeout_ticks                
20001ae0  fallingEdge                   
20001ae4  isr_int_value                 
20001ae8  left_calibration_value        
20001aec  pulseLength                   
20001af0  right_calibration_value       
20001af4  risingEdge                    
20001af8  flag                          
20001af9  isRisingEdge                  
20001afa  uart_data                     
20001afc  motor_cal_factor_L            
20001b00  motor_cal_factor_R            
20001b1c  _lock                         
20001b20  _unlock                       
20001b2c  cyBOT_scan_features           
20001b30  errno                         
20001b34  _running                      
ffffffff  __TI_pprof_out_hndl           
ffffffff  __TI_prof_data_size           
ffffffff  __TI_prof_data_start          
ffffffff  __binit__                     
ffffffff  __c_args__                    
ffffffff  binit                         
UNDEFED   __mpu_init                    
UNDEFED   _system_post_cinit            

[195 symbols]
